[0.022s] Invoking command in '/Users/yosuke/gits/cxd5602pwbimu_ros2_driver/ros2_ws/build/imu_complementary_filter': CMAKE_PREFIX_PATH=${CMAKE_PREFIX_PATH}:/Users/yosuke/miniforge3/envs/ros_env CONDA_PROMPT_MODIFIER=(ros_env) SHLVL=2 _=/Users/yosuke/miniforge3/envs/ros_env/bin/env /Users/yosuke/miniforge3/envs/ros_env/bin/cmake /Users/yosuke/gits/cxd5602pwbimu_ros2_driver/ros2_ws/src/imu_tools/imu_complementary_filter -DCMAKE_PREFIX_PATH=/usr/local -DCMAKE_CXX_FLAGS=-I/usr/local/include -DCMAKE_EXE_LINKER_FLAGS=-L/usr/local/lib -DCMAKE_INSTALL_PREFIX=/Users/yosuke/gits/cxd5602pwbimu_ros2_driver/ros2_ws/install/imu_complementary_filter
[0.044s] CMake Deprecation Warning at CMakeLists.txt:1 (cmake_minimum_required):
[0.044s]   Compatibility with CMake < 3.10 will be removed from a future version of
[0.044s]   CMake.
[0.044s] 
[0.044s]   Update the VERSION argument <min> value.  Or, use the <min>...<max> syntax
[0.045s]   to tell CMake that the project requires at least <min> but has been updated
[0.045s]   to work with policies introduced by <max> or earlier.
[0.045s] 
[0.045s] 
[0.197s] -- The C compiler identification is Clang 18.1.8
[0.390s] -- The CXX compiler identification is Clang 18.1.8
[0.420s] -- Detecting C compiler ABI info
[0.651s] -- Detecting C compiler ABI info - done
[0.657s] -- Check for working C compiler: /Users/yosuke/miniforge3/envs/ros_env/bin/arm64-apple-darwin20.0.0-clang - skipped
[0.658s] -- Detecting C compile features
[0.658s] -- Detecting C compile features - done
[0.663s] -- Detecting CXX compiler ABI info
[0.889s] -- Detecting CXX compiler ABI info - done
[0.894s] -- Check for working CXX compiler: /Users/yosuke/miniforge3/envs/ros_env/bin/arm64-apple-darwin20.0.0-clang++ - skipped
[0.895s] -- Detecting CXX compile features
[0.896s] -- Detecting CXX compile features - done
[0.919s] -- Found ament_cmake: 1.3.11 (/Users/yosuke/miniforge3/envs/ros_env/share/ament_cmake/cmake)
[1.105s] -- Found Python3: /Users/yosuke/miniforge3/envs/ros_env/bin/python3 (found version "3.11.13") found components: Interpreter
[1.576s] -- Found geometry_msgs: 4.2.4 (/Users/yosuke/miniforge3/envs/ros_env/share/geometry_msgs/cmake)
[1.867s] -- Found rosidl_generator_c: 3.1.6 (/Users/yosuke/miniforge3/envs/ros_env/share/rosidl_generator_c/cmake)
[1.927s] -- Found rosidl_adapter: 3.1.6 (/Users/yosuke/miniforge3/envs/ros_env/share/rosidl_adapter/cmake)
[1.998s] -- Found rosidl_generator_cpp: 3.1.6 (/Users/yosuke/miniforge3/envs/ros_env/share/rosidl_generator_cpp/cmake)
[2.062s] -- Using all available rosidl_typesupport_c: rosidl_typesupport_fastrtps_c;rosidl_typesupport_introspection_c
[2.166s] -- Using all available rosidl_typesupport_cpp: rosidl_typesupport_fastrtps_cpp;rosidl_typesupport_introspection_cpp
[2.311s] -- Found message_filters: 4.3.5 (/Users/yosuke/miniforge3/envs/ros_env/share/message_filters/cmake)
[2.619s] -- Checking for module 'yaml-0.1'
[2.981s] --   Found yaml-0.1, version 0.2.5
[3.770s] -- Found rmw_implementation_cmake: 6.1.2 (/Users/yosuke/miniforge3/envs/ros_env/share/rmw_implementation_cmake/cmake)
[3.796s] -- Found rmw_fastrtps_cpp: 6.2.7 (/Users/yosuke/miniforge3/envs/ros_env/share/rmw_fastrtps_cpp/cmake)
[5.037s] -- Found OpenSSL: /opt/homebrew/opt/openssl@3/lib/libcrypto.dylib (found version "3.5.1")
[5.171s] -- Found FastRTPS: /Users/yosuke/miniforge3/envs/ros_env/include
[5.288s] -- Using RMW implementation 'rmw_fastrtps_cpp' as default
[5.329s] -- Performing Test CMAKE_HAVE_LIBC_PTHREAD
[5.572s] -- Performing Test CMAKE_HAVE_LIBC_PTHREAD - Success
[5.572s] -- Found Threads: TRUE
[5.685s] -- Found sensor_msgs: 4.2.4 (/Users/yosuke/miniforge3/envs/ros_env/share/sensor_msgs/cmake)
[5.723s] -- Found tf2: 0.25.10 (/Users/yosuke/miniforge3/envs/ros_env/share/tf2/cmake)
[5.761s] -- Found tf2_ros: 0.25.10 (/Users/yosuke/miniforge3/envs/ros_env/share/tf2_ros/cmake)
[6.104s] -- Configuring done (6.1s)
[6.159s] -- Generating done (0.1s)
[6.159s] -- Build files have been written to: /Users/yosuke/gits/cxd5602pwbimu_ros2_driver/ros2_ws/build/imu_complementary_filter
[6.163s] Invoked command in '/Users/yosuke/gits/cxd5602pwbimu_ros2_driver/ros2_ws/build/imu_complementary_filter' returned '0': CMAKE_PREFIX_PATH=${CMAKE_PREFIX_PATH}:/Users/yosuke/miniforge3/envs/ros_env CONDA_PROMPT_MODIFIER=(ros_env) SHLVL=2 _=/Users/yosuke/miniforge3/envs/ros_env/bin/env /Users/yosuke/miniforge3/envs/ros_env/bin/cmake /Users/yosuke/gits/cxd5602pwbimu_ros2_driver/ros2_ws/src/imu_tools/imu_complementary_filter -DCMAKE_PREFIX_PATH=/usr/local -DCMAKE_CXX_FLAGS=-I/usr/local/include -DCMAKE_EXE_LINKER_FLAGS=-L/usr/local/lib -DCMAKE_INSTALL_PREFIX=/Users/yosuke/gits/cxd5602pwbimu_ros2_driver/ros2_ws/install/imu_complementary_filter
[6.165s] Invoking command in '/Users/yosuke/gits/cxd5602pwbimu_ros2_driver/ros2_ws/build/imu_complementary_filter': CMAKE_PREFIX_PATH=${CMAKE_PREFIX_PATH}:/Users/yosuke/miniforge3/envs/ros_env CONDA_PROMPT_MODIFIER=(ros_env) SHLVL=2 _=/Users/yosuke/miniforge3/envs/ros_env/bin/env /Users/yosuke/miniforge3/envs/ros_env/bin/cmake --build /Users/yosuke/gits/cxd5602pwbimu_ros2_driver/ros2_ws/build/imu_complementary_filter -- -j10 -l10
[6.299s] [ 20%] Building CXX object CMakeFiles/complementary_filter.dir/src/complementary_filter.cpp.o
[6.301s] [ 40%] Building CXX object CMakeFiles/complementary_filter.dir/src/complementary_filter_ros.cpp.o
[11.155s] [ 60%] Linking CXX shared library libcomplementary_filter.dylib
[11.190s] ld: warning: duplicate -rpath '/Users/yosuke/miniforge3/envs/ros_env/lib' ignored
[11.313s] [ 60%] Built target complementary_filter
[11.355s] [ 80%] Building CXX object CMakeFiles/complementary_filter_node.dir/src/complementary_filter_node.cpp.o
[12.509s] [100%] Linking CXX executable complementary_filter_node
[12.582s] [100%] Built target complementary_filter_node
