[0.022s] Invoking command in '/Users/yosuke/gits/cxd5602pwbimu_ros2_driver/ros2_ws/build/h6x_serial_interface': CMAKE_PREFIX_PATH=${CMAKE_PREFIX_PATH}:/Users/yosuke/miniforge3/envs/ros_env CONDA_PROMPT_MODIFIER=(ros_env) SHLVL=2 _=/Users/yosuke/miniforge3/envs/ros_env/bin/env /Users/yosuke/miniforge3/envs/ros_env/bin/cmake /Users/yosuke/gits/cxd5602pwbimu_ros2_driver/ros2_ws/src/h6x_serial_interface/h6x_serial_interface -DCMAKE_PREFIX_PATH=/usr/local -DCMAKE_CXX_FLAGS=-I/usr/local/include -DCMAKE_EXE_LINKER_FLAGS=-L/usr/local/lib -DCMAKE_INSTALL_PREFIX=/Users/yosuke/gits/cxd5602pwbimu_ros2_driver/ros2_ws/install/h6x_serial_interface
[0.048s] CMake Deprecation Warning at CMakeLists.txt:4 (cmake_minimum_required):
[0.048s]   Compatibility with CMake < 3.10 will be removed from a future version of
[0.048s]   CMake.
[0.049s] 
[0.049s]   Update the VERSION argument <min> value.  Or, use the <min>...<max> syntax
[0.049s]   to tell CMake that the project requires at least <min> but has been updated
[0.049s]   to work with policies introduced by <max> or earlier.
[0.049s] 
[0.049s] 
[0.205s] -- The C compiler identification is Clang 18.1.8
[0.390s] -- The CXX compiler identification is Clang 18.1.8
[0.424s] -- Detecting C compiler ABI info
[0.653s] -- Detecting C compiler ABI info - done
[0.662s] -- Check for working C compiler: /Users/yosuke/miniforge3/envs/ros_env/bin/arm64-apple-darwin20.0.0-clang - skipped
[0.662s] -- Detecting C compile features
[0.663s] -- Detecting C compile features - done
[0.667s] -- Detecting CXX compiler ABI info
[0.891s] -- Detecting CXX compiler ABI info - done
[0.897s] -- Check for working CXX compiler: /Users/yosuke/miniforge3/envs/ros_env/bin/arm64-apple-darwin20.0.0-clang++ - skipped
[0.898s] -- Detecting CXX compile features
[0.899s] -- Detecting CXX compile features - done
[0.919s] -- Found ament_cmake_auto: 1.3.11 (/Users/yosuke/miniforge3/envs/ros_env/share/ament_cmake_auto/cmake)
[1.129s] -- Found Python3: /Users/yosuke/miniforge3/envs/ros_env/bin/python3 (found version "3.11.13") found components: Interpreter
[2.037s] -- Found rosidl_generator_c: 3.1.6 (/Users/yosuke/miniforge3/envs/ros_env/share/rosidl_generator_c/cmake)
[2.076s] -- Found rosidl_adapter: 3.1.6 (/Users/yosuke/miniforge3/envs/ros_env/share/rosidl_adapter/cmake)
[2.126s] -- Found rosidl_generator_cpp: 3.1.6 (/Users/yosuke/miniforge3/envs/ros_env/share/rosidl_generator_cpp/cmake)
[2.196s] -- Using all available rosidl_typesupport_c: rosidl_typesupport_fastrtps_c;rosidl_typesupport_introspection_c
[2.283s] -- Using all available rosidl_typesupport_cpp: rosidl_typesupport_fastrtps_cpp;rosidl_typesupport_introspection_cpp
[2.606s] -- Checking for module 'yaml-0.1'
[2.983s] --   Found yaml-0.1, version 0.2.5
[3.807s] -- Found rmw_implementation_cmake: 6.1.2 (/Users/yosuke/miniforge3/envs/ros_env/share/rmw_implementation_cmake/cmake)
[3.831s] -- Found rmw_fastrtps_cpp: 6.2.7 (/Users/yosuke/miniforge3/envs/ros_env/share/rmw_fastrtps_cpp/cmake)
[5.070s] -- Found OpenSSL: /opt/homebrew/opt/openssl@3/lib/libcrypto.dylib (found version "3.5.1")
[5.210s] -- Found FastRTPS: /Users/yosuke/miniforge3/envs/ros_env/include
[5.326s] -- Using RMW implementation 'rmw_fastrtps_cpp' as default
[5.360s] -- Performing Test CMAKE_HAVE_LIBC_PTHREAD
[5.647s] -- Performing Test CMAKE_HAVE_LIBC_PTHREAD - Success
[5.648s] -- Found Threads: TRUE
[5.830s] -- Found ament_lint_auto: 0.12.11 (/Users/yosuke/miniforge3/envs/ros_env/share/ament_lint_auto/cmake)
[6.042s] -- Added test 'cppcheck' to perform static code analysis on C / C++ code
[6.042s] -- Configured cppcheck include dirs: /Users/yosuke/gits/cxd5602pwbimu_ros2_driver/ros2_ws/src/h6x_serial_interface/h6x_serial_interface/include
[6.042s] -- Configured cppcheck exclude dirs and/or files: 
[6.044s] -- Added test 'cpplint' to check C / C++ code against the Google style
[6.044s] -- Configured cpplint exclude dirs and/or files: 
[6.044s] -- Added test 'lint_cmake' to check CMake code style
[6.045s] -- Added test 'xmllint' to check XML markup files
[6.048s] -- Configuring done (6.0s)
[6.073s] -- Generating done (0.0s)
[6.073s] -- Build files have been written to: /Users/yosuke/gits/cxd5602pwbimu_ros2_driver/ros2_ws/build/h6x_serial_interface
[6.079s] Invoked command in '/Users/yosuke/gits/cxd5602pwbimu_ros2_driver/ros2_ws/build/h6x_serial_interface' returned '0': CMAKE_PREFIX_PATH=${CMAKE_PREFIX_PATH}:/Users/yosuke/miniforge3/envs/ros_env CONDA_PROMPT_MODIFIER=(ros_env) SHLVL=2 _=/Users/yosuke/miniforge3/envs/ros_env/bin/env /Users/yosuke/miniforge3/envs/ros_env/bin/cmake /Users/yosuke/gits/cxd5602pwbimu_ros2_driver/ros2_ws/src/h6x_serial_interface/h6x_serial_interface -DCMAKE_PREFIX_PATH=/usr/local -DCMAKE_CXX_FLAGS=-I/usr/local/include -DCMAKE_EXE_LINKER_FLAGS=-L/usr/local/lib -DCMAKE_INSTALL_PREFIX=/Users/yosuke/gits/cxd5602pwbimu_ros2_driver/ros2_ws/install/h6x_serial_interface
[6.084s] Invoking command in '/Users/yosuke/gits/cxd5602pwbimu_ros2_driver/ros2_ws/build/h6x_serial_interface': CMAKE_PREFIX_PATH=${CMAKE_PREFIX_PATH}:/Users/yosuke/miniforge3/envs/ros_env CONDA_PROMPT_MODIFIER=(ros_env) SHLVL=2 _=/Users/yosuke/miniforge3/envs/ros_env/bin/env /Users/yosuke/miniforge3/envs/ros_env/bin/cmake --build /Users/yosuke/gits/cxd5602pwbimu_ros2_driver/ros2_ws/build/h6x_serial_interface -- -j10 -l10
[6.202s] [ 33%] Building CXX object CMakeFiles/h6x_serial_interface.dir/src/libserial_helper.cpp.o
[6.205s] [ 66%] Building CXX object CMakeFiles/h6x_serial_interface.dir/src/port_handler.cpp.o
[7.494s] In file included from /Users/yosuke/gits/cxd5602pwbimu_ros2_driver/ros2_ws/src/h6x_serial_interface/h6x_serial_interface/src/port_handler.cpp:7:
[7.494s] In file included from /Users/yosuke/gits/cxd5602pwbimu_ros2_driver/ros2_ws/src/h6x_serial_interface/h6x_serial_interface/include/h6x_serial_interface/port_handler.hpp:16:
[7.494s] /Users/yosuke/gits/cxd5602pwbimu_ros2_driver/ros2_ws/src/h6x_serial_interface/h6x_serial_interface/include/h6x_serial_interface/port_handler_base.hpp:22:33: error: allocating an object of abstract class type 'PortHandlerBase'
[7.494s]    22 |   RCLCPP_UNIQUE_PTR_DEFINITIONS(PortHandlerBase)
[7.494s]       |                                 ^
[7.494s] /Users/yosuke/gits/cxd5602pwbimu_ros2_driver/ros2_ws/src/h6x_serial_interface/h6x_serial_interface/include/h6x_serial_interface/port_handler_base.hpp:27:19: note: unimplemented pure virtual method 'read' in 'PortHandlerBase'
[7.495s]    27 |   virtual ssize_t read(char * const, const size_t) = 0;
[7.495s]       |                   ^
[7.495s] /Users/yosuke/gits/cxd5602pwbimu_ros2_driver/ros2_ws/src/h6x_serial_interface/h6x_serial_interface/include/h6x_serial_interface/port_handler_base.hpp:28:19: note: unimplemented pure virtual method 'readUntil' in 'PortHandlerBase'
[7.495s]    28 |   virtual ssize_t readUntil(std::stringstream &, const char) = 0;
[7.495s]       |                   ^
[7.495s] /Users/yosuke/gits/cxd5602pwbimu_ros2_driver/ros2_ws/src/h6x_serial_interface/h6x_serial_interface/include/h6x_serial_interface/port_handler_base.hpp:29:19: note: unimplemented pure virtual method 'write' in 'PortHandlerBase'
[7.495s]    29 |   virtual ssize_t write(const char * const, const size_t) = 0;
[7.495s]       |                   ^
[7.499s] /Users/yosuke/gits/cxd5602pwbimu_ros2_driver/ros2_ws/src/h6x_serial_interface/h6x_serial_interface/src/port_handler.cpp:16:34: warning: format string is not a string literal (potentially insecure) [-Wformat-security]
[7.499s]    16 |   RCLCPP_INFO(this->getLogger(), dev_.c_str());
[7.499s]       |                                  ^~~~~~~~~~~~
[7.499s] /Users/yosuke/miniforge3/envs/ros_env/include/rclcpp/rclcpp/logging.hpp:537:7: note: expanded from macro 'RCLCPP_INFO'
[7.499s]   537 |       __VA_ARGS__); \
[7.500s]       |       ^~~~~~~~~~~
[7.500s] /Users/yosuke/miniforge3/envs/ros_env/include/rcutils/rcutils/logging_macros.h:510:5: note: expanded from macro 'RCUTILS_LOG_INFO_NAMED'
[7.500s]   510 |     __VA_ARGS__)
[7.500s]       |     ^~~~~~~~~~~
[7.500s] /Users/yosuke/miniforge3/envs/ros_env/include/rcutils/rcutils/logging_macros.h:79:64: note: expanded from macro 'RCUTILS_LOG_COND_NAMED'
[7.500s]    79 |       rcutils_log(&__rcutils_logging_location, severity, name, __VA_ARGS__); \
[7.500s]       |                                                                ^~~~~~~~~~~
[7.500s] /Users/yosuke/gits/cxd5602pwbimu_ros2_driver/ros2_ws/src/h6x_serial_interface/h6x_serial_interface/src/port_handler.cpp:16:34: note: treat the string as an argument to avoid this
[7.500s]    16 |   RCLCPP_INFO(this->getLogger(), dev_.c_str());
[7.500s]       |                                  ^
[7.500s]       |                                  "%s", 
[7.500s] /Users/yosuke/miniforge3/envs/ros_env/include/rclcpp/rclcpp/logging.hpp:537:7: note: expanded from macro 'RCLCPP_INFO'
[7.500s]   537 |       __VA_ARGS__); \
[7.501s]       |       ^
[7.501s] /Users/yosuke/miniforge3/envs/ros_env/include/rcutils/rcutils/logging_macros.h:510:5: note: expanded from macro 'RCUTILS_LOG_INFO_NAMED'
[7.501s]   510 |     __VA_ARGS__)
[7.501s]       |     ^
[7.501s] /Users/yosuke/miniforge3/envs/ros_env/include/rcutils/rcutils/logging_macros.h:79:64: note: expanded from macro 'RCUTILS_LOG_COND_NAMED'
[7.501s]    79 |       rcutils_log(&__rcutils_logging_location, severity, name, __VA_ARGS__); \
[7.501s]       |                                                                ^
[7.501s] /Users/yosuke/gits/cxd5602pwbimu_ros2_driver/ros2_ws/src/h6x_serial_interface/h6x_serial_interface/src/port_handler.cpp:118:37: warning: format string is not a string literal (potentially insecure) [-Wformat-security]
[7.501s]   118 |     RCLCPP_ERROR(this->getLogger(), e.what());
[7.501s]       |                                     ^~~~~~~~
[7.501s] /Users/yosuke/miniforge3/envs/ros_env/include/rclcpp/rclcpp/logging.hpp:1407:7: note: expanded from macro 'RCLCPP_ERROR'
[7.501s]  1407 |       __VA_ARGS__); \
[7.501s]       |       ^~~~~~~~~~~
[7.501s] /Users/yosuke/miniforge3/envs/ros_env/include/rcutils/rcutils/logging_macros.h:1004:5: note: expanded from macro 'RCUTILS_LOG_ERROR_NAMED'
[7.502s]  1004 |     __VA_ARGS__)
[7.502s]       |     ^~~~~~~~~~~
[7.502s] /Users/yosuke/miniforge3/envs/ros_env/include/rcutils/rcutils/logging_macros.h:79:64: note: expanded from macro 'RCUTILS_LOG_COND_NAMED'
[7.502s]    79 |       rcutils_log(&__rcutils_logging_location, severity, name, __VA_ARGS__); \
[7.502s]       |                                                                ^~~~~~~~~~~
[7.502s] /Users/yosuke/gits/cxd5602pwbimu_ros2_driver/ros2_ws/src/h6x_serial_interface/h6x_serial_interface/src/port_handler.cpp:118:37: note: treat the string as an argument to avoid this
[7.502s]   118 |     RCLCPP_ERROR(this->getLogger(), e.what());
[7.502s]       |                                     ^
[7.502s]       |                                     "%s", 
[7.502s] /Users/yosuke/miniforge3/envs/ros_env/include/rclcpp/rclcpp/logging.hpp:1407:7: note: expanded from macro 'RCLCPP_ERROR'
[7.502s]  1407 |       __VA_ARGS__); \
[7.502s]       |       ^
[7.502s] /Users/yosuke/miniforge3/envs/ros_env/include/rcutils/rcutils/logging_macros.h:1004:5: note: expanded from macro 'RCUTILS_LOG_ERROR_NAMED'
[7.502s]  1004 |     __VA_ARGS__)
[7.502s]       |     ^
[7.502s] /Users/yosuke/miniforge3/envs/ros_env/include/rcutils/rcutils/logging_macros.h:79:64: note: expanded from macro 'RCUTILS_LOG_COND_NAMED'
[7.502s]    79 |       rcutils_log(&__rcutils_logging_location, severity, name, __VA_ARGS__); \
[7.502s]       |                                                                ^
[8.023s] 2 warnings and 1 error generated.
[8.029s] make[2]: *** [CMakeFiles/h6x_serial_interface.dir/build.make:93: CMakeFiles/h6x_serial_interface.dir/src/port_handler.cpp.o] Error 1
[8.029s] make[1]: *** [CMakeFiles/Makefile2:153: CMakeFiles/h6x_serial_interface.dir/all] Error 2
[8.029s] make: *** [Makefile:146: all] Error 2
[8.032s] Invoked command in '/Users/yosuke/gits/cxd5602pwbimu_ros2_driver/ros2_ws/build/h6x_serial_interface' returned '2': CMAKE_PREFIX_PATH=${CMAKE_PREFIX_PATH}:/Users/yosuke/miniforge3/envs/ros_env CONDA_PROMPT_MODIFIER=(ros_env) SHLVL=2 _=/Users/yosuke/miniforge3/envs/ros_env/bin/env /Users/yosuke/miniforge3/envs/ros_env/bin/cmake --build /Users/yosuke/gits/cxd5602pwbimu_ros2_driver/ros2_ws/build/h6x_serial_interface -- -j10 -l10
