[ 33%] Building CXX object CMakeFiles/h6x_serial_interface.dir/src/port_handler.cpp.o
/Users/yosuke/gits/cxd5602pwbimu_ros2_driver/ros2_ws/src/h6x_serial_interface/h6x_serial_interface/src/port_handler.cpp:87:7: warning: variable 'c' is used uninitialized whenever 'if' condition is false [-Wsometimes-uninitialized]
   87 |   if (!this->checkPort()) {
      |       ^~~~~~~~~~~~~~~~~~
/Users/yosuke/gits/cxd5602pwbimu_ros2_driver/ros2_ws/src/h6x_serial_interface/h6x_serial_interface/src/port_handler.cpp:94:12: note: uninitialized use occurs here
   94 |     while (c != delimiter) {
      |            ^
/Users/yosuke/gits/cxd5602pwbimu_ros2_driver/ros2_ws/src/h6x_serial_interface/h6x_serial_interface/src/port_handler.cpp:87:3: note: remove the 'if' if its condition is always true
   87 |   if (!this->checkPort()) {
      |   ^~~~~~~~~~~~~~~~~~~~~~~
/Users/yosuke/gits/cxd5602pwbimu_ros2_driver/ros2_ws/src/h6x_serial_interface/h6x_serial_interface/src/port_handler.cpp:92:9: note: initialize the variable 'c' to silence this warning
   92 |   char c;
      |         ^
      |          = '\0'
1 warning generated.
[ 66%] Linking CXX shared library libh6x_serial_interface.dylib
ld: warning: duplicate -rpath '/Users/yosuke/miniforge3/envs/ros_env/lib' ignored
ld: library not found for -lserial
arm64-apple-darwin20.0: error: linker command failed with exit code 1 (use -v to see invocation)
make[2]: *** [CMakeFiles/h6x_serial_interface.dir/build.make:179: libh6x_serial_interface.dylib] Error 1
make[1]: *** [CMakeFiles/Makefile2:153: CMakeFiles/h6x_serial_interface.dir/all] Error 2
make: *** [Makefile:146: all] Error 2
