-- Found ament_cmake: 1.3.11 (/Users/yosuke/miniforge3/envs/ros_env/share/ament_cmake/cmake)
-- Found message_filters: 4.3.5 (/Users/yosuke/miniforge3/envs/ros_env/share/message_filters/cmake)
-- Found rosidl_generator_c: 3.1.6 (/Users/yosuke/miniforge3/envs/ros_env/share/rosidl_generator_c/cmake)
-- Found rosidl_adapter: 3.1.6 (/Users/yosuke/miniforge3/envs/ros_env/share/rosidl_adapter/cmake)
-- Found rosidl_generator_cpp: 3.1.6 (/Users/yosuke/miniforge3/envs/ros_env/share/rosidl_generator_cpp/cmake)
-- Using all available rosidl_typesupport_c: rosidl_typesupport_fastrtps_c;rosidl_typesupport_introspection_c
-- Using all available rosidl_typesupport_cpp: rosidl_typesupport_fastrtps_cpp;rosidl_typesupport_introspection_cpp
-- Found rmw_implementation_cmake: 6.1.2 (/Users/yosuke/miniforge3/envs/ros_env/share/rmw_implementation_cmake/cmake)
-- Found rmw_fastrtps_cpp: 6.2.7 (/Users/yosuke/miniforge3/envs/ros_env/share/rmw_fastrtps_cpp/cmake)
-- Using RMW implementation 'rmw_fastrtps_cpp' as default
-- Found rviz_common: 11.2.15 (/Users/yosuke/miniforge3/envs/ros_env/share/rviz_common/cmake)
-- Setting assimp_DIR to: '/Users/yosuke/miniforge3/envs/ros_env/share/rviz_assimp_vendor/cmake/../../../opt/rviz_assimp_vendor/lib/cmake/assimp-4.1'
-- Setting OGRE_DIR to: '/Users/yosuke/miniforge3/envs/ros_env/share/rviz_ogre_vendor/cmake/../../../opt/rviz_ogre_vendor/CMake'
-- Found OGRE
--   static     : OFF
--   components : MeshLodGenerator;Overlay;Paging;Property;RTShaderSystem;Terrain;Volume
--   plugins    : Plugin_BSPSceneManager;Plugin_OctreeSceneManager;Plugin_PCZSceneManager;Plugin_ParticleFX;RenderSystem_GL;RenderSystem_GL3Plus;Codec_STBI;Codec_FreeImage
--   media      : /Users/yosuke/miniforge3/envs/ros_env/opt/rviz_ogre_vendor/Media
-- OGRE_LIBRARIES: OgreMeshLodGenerator;OgreOverlay;OgrePaging;OgreProperty;OgreRTShaderSystem;OgreTerrain;OgreVolume;OgreMain
-- OGRE_LIBRARY_DIRS: /Users/yosuke/miniforge3/envs/ros_env/opt/rviz_ogre_vendor/lib
-- OGRE_PLUGINS: Plugin_BSPSceneManager;Plugin_OctreeSceneManager;Plugin_PCZSceneManager;Plugin_ParticleFX;RenderSystem_GL;RenderSystem_GL3Plus;Codec_STBI;Codec_FreeImage
-- OGRE_PLUGIN_DIR: /Users/yosuke/miniforge3/envs/ros_env/opt/rviz_ogre_vendor/lib/OGRE
-- rviz_ogre_vendor::OgreOverlay for IMPORTED_LOCATION_RELEASE: /Users/yosuke/miniforge3/envs/ros_env/opt/rviz_ogre_vendor/lib/libOgreOverlay.dylib
-- rviz_ogre_vendor::OgreOverlay for IMPORTED_LOCATION_DEBUG: /Users/yosuke/miniforge3/envs/ros_env/opt/rviz_ogre_vendor/lib/libOgreOverlay.dylib
-- rviz_ogre_vendor::OgreMain for IMPORTED_LOCATION_RELEASE: /Users/yosuke/miniforge3/envs/ros_env/opt/rviz_ogre_vendor/lib/libOgreMain.dylib
-- rviz_ogre_vendor::OgreMain for IMPORTED_LOCATION_DEBUG: /Users/yosuke/miniforge3/envs/ros_env/opt/rviz_ogre_vendor/lib/libOgreMain.dylib
-- library: /Users/yosuke/miniforge3/envs/ros_env/lib/libcurl.dylib
-- Ensuring Eigen3 include directory is part of orocos-kdl CMake target
-- Configuring done (1.6s)
-- Generating done (0.1s)
-- Build files have been written to: /Users/yosuke/gits/cxd5602pwbimu_ros2_driver/ros2_ws/build/rviz_imu_plugin
[  0%] Built target rviz_imu_plugin_autogen_timestamp_deps
[ 10%] Automatic MOC for target rviz_imu_plugin
[ 10%] Built target rviz_imu_plugin_autogen
[ 20%] Building CXX object CMakeFiles/rviz_imu_plugin.dir/src/imu_acc_visual.cpp.o
[ 30%] Building CXX object CMakeFiles/rviz_imu_plugin.dir/src/mag_visual.cpp.o
[ 40%] Building CXX object CMakeFiles/rviz_imu_plugin.dir/src/mag_display.cpp.o
[ 50%] Building CXX object CMakeFiles/rviz_imu_plugin.dir/src/imu_axes_visual.cpp.o
[ 60%] Building CXX object CMakeFiles/rviz_imu_plugin.dir/rviz_imu_plugin_autogen/mocs_compilation.cpp.o
[ 70%] Building CXX object CMakeFiles/rviz_imu_plugin.dir/src/imu_display.cpp.o
[ 80%] Building CXX object CMakeFiles/rviz_imu_plugin.dir/src/imu_orientation_visual.cpp.o
[ 90%] Linking CXX shared library librviz_imu_plugin.dylib
[100%] Built target rviz_imu_plugin
