[0.021s] Invoking command in '/Users/yosuke/gits/cxd5602pwbimu_ros2_driver/ros2_ws/build/rviz_imu_plugin': CMAKE_PREFIX_PATH=${CMAKE_PREFIX_PATH}:/Users/yosuke/miniforge3/envs/ros_env CONDA_PROMPT_MODIFIER=(ros_env) SHLVL=3 _=/Users/yosuke/miniforge3/envs/ros_env/bin/env /Users/yosuke/miniforge3/envs/ros_env/bin/cmake /Users/yosuke/gits/cxd5602pwbimu_ros2_driver/ros2_ws/src/imu_tools/rviz_imu_plugin -DCMAKE_INSTALL_PREFIX=/Users/yosuke/gits/cxd5602pwbimu_ros2_driver/ros2_ws/install/rviz_imu_plugin
[0.048s] CMake Deprecation Warning at CMakeLists.txt:1 (cmake_minimum_required):
[0.048s]   Compatibility with CMake < 3.10 will be removed from a future version of
[0.048s]   CMake.
[0.048s] 
[0.049s]   Update the VERSION argument <min> value.  Or, use the <min>...<max> syntax
[0.049s]   to tell CMake that the project requires at least <min> but has been updated
[0.049s]   to work with policies introduced by <max> or earlier.
[0.049s] 
[0.049s] 
[0.115s] -- Found ament_cmake: 1.3.11 (/Users/yosuke/miniforge3/envs/ros_env/share/ament_cmake/cmake)
[0.274s] -- Found message_filters: 4.3.5 (/Users/yosuke/miniforge3/envs/ros_env/share/message_filters/cmake)
[0.310s] -- Found rosidl_generator_c: 3.1.6 (/Users/yosuke/miniforge3/envs/ros_env/share/rosidl_generator_c/cmake)
[0.313s] -- Found rosidl_adapter: 3.1.6 (/Users/yosuke/miniforge3/envs/ros_env/share/rosidl_adapter/cmake)
[0.320s] -- Found rosidl_generator_cpp: 3.1.6 (/Users/yosuke/miniforge3/envs/ros_env/share/rosidl_generator_cpp/cmake)
[0.332s] -- Using all available rosidl_typesupport_c: rosidl_typesupport_fastrtps_c;rosidl_typesupport_introspection_c
[0.348s] -- Using all available rosidl_typesupport_cpp: rosidl_typesupport_fastrtps_cpp;rosidl_typesupport_introspection_cpp
[0.536s] -- Found rmw_implementation_cmake: 6.1.2 (/Users/yosuke/miniforge3/envs/ros_env/share/rmw_implementation_cmake/cmake)
[0.538s] -- Found rmw_fastrtps_cpp: 6.2.7 (/Users/yosuke/miniforge3/envs/ros_env/share/rmw_fastrtps_cpp/cmake)
[0.824s] -- Using RMW implementation 'rmw_fastrtps_cpp' as default
[1.089s] -- Found rviz_common: 11.2.15 (/Users/yosuke/miniforge3/envs/ros_env/share/rviz_common/cmake)
[1.092s] -- Setting assimp_DIR to: '/Users/yosuke/miniforge3/envs/ros_env/share/rviz_assimp_vendor/cmake/../../../opt/rviz_assimp_vendor/lib/cmake/assimp-4.1'
[1.100s] -- Setting OGRE_DIR to: '/Users/yosuke/miniforge3/envs/ros_env/share/rviz_ogre_vendor/cmake/../../../opt/rviz_ogre_vendor/CMake'
[1.109s] -- Found OGRE
[1.109s] --   static     : OFF
[1.109s] --   components : MeshLodGenerator;Overlay;Paging;Property;RTShaderSystem;Terrain;Volume
[1.109s] --   plugins    : Plugin_BSPSceneManager;Plugin_OctreeSceneManager;Plugin_PCZSceneManager;Plugin_ParticleFX;RenderSystem_GL;RenderSystem_GL3Plus;Codec_STBI;Codec_FreeImage
[1.109s] --   media      : /Users/yosuke/miniforge3/envs/ros_env/opt/rviz_ogre_vendor/Media
[1.109s] -- OGRE_LIBRARIES: OgreMeshLodGenerator;OgreOverlay;OgrePaging;OgreProperty;OgreRTShaderSystem;OgreTerrain;OgreVolume;OgreMain
[1.109s] -- OGRE_LIBRARY_DIRS: /Users/yosuke/miniforge3/envs/ros_env/opt/rviz_ogre_vendor/lib
[1.109s] -- OGRE_PLUGINS: Plugin_BSPSceneManager;Plugin_OctreeSceneManager;Plugin_PCZSceneManager;Plugin_ParticleFX;RenderSystem_GL;RenderSystem_GL3Plus;Codec_STBI;Codec_FreeImage
[1.109s] -- OGRE_PLUGIN_DIR: /Users/yosuke/miniforge3/envs/ros_env/opt/rviz_ogre_vendor/lib/OGRE
[1.109s] -- rviz_ogre_vendor::OgreOverlay for IMPORTED_LOCATION_RELEASE: /Users/yosuke/miniforge3/envs/ros_env/opt/rviz_ogre_vendor/lib/libOgreOverlay.dylib
[1.110s] -- rviz_ogre_vendor::OgreOverlay for IMPORTED_LOCATION_DEBUG: /Users/yosuke/miniforge3/envs/ros_env/opt/rviz_ogre_vendor/lib/libOgreOverlay.dylib
[1.110s] -- rviz_ogre_vendor::OgreMain for IMPORTED_LOCATION_RELEASE: /Users/yosuke/miniforge3/envs/ros_env/opt/rviz_ogre_vendor/lib/libOgreMain.dylib
[1.110s] -- rviz_ogre_vendor::OgreMain for IMPORTED_LOCATION_DEBUG: /Users/yosuke/miniforge3/envs/ros_env/opt/rviz_ogre_vendor/lib/libOgreMain.dylib
[1.406s] -- library: /Users/yosuke/miniforge3/envs/ros_env/lib/libcurl.dylib
[1.507s] -- Ensuring Eigen3 include directory is part of orocos-kdl CMake target
[1.658s] -- Configuring done (1.6s)
[1.715s] -- Generating done (0.1s)
[1.715s] -- Build files have been written to: /Users/yosuke/gits/cxd5602pwbimu_ros2_driver/ros2_ws/build/rviz_imu_plugin
[1.721s] Invoked command in '/Users/yosuke/gits/cxd5602pwbimu_ros2_driver/ros2_ws/build/rviz_imu_plugin' returned '0': CMAKE_PREFIX_PATH=${CMAKE_PREFIX_PATH}:/Users/yosuke/miniforge3/envs/ros_env CONDA_PROMPT_MODIFIER=(ros_env) SHLVL=3 _=/Users/yosuke/miniforge3/envs/ros_env/bin/env /Users/yosuke/miniforge3/envs/ros_env/bin/cmake /Users/yosuke/gits/cxd5602pwbimu_ros2_driver/ros2_ws/src/imu_tools/rviz_imu_plugin -DCMAKE_INSTALL_PREFIX=/Users/yosuke/gits/cxd5602pwbimu_ros2_driver/ros2_ws/install/rviz_imu_plugin
[1.723s] Invoking command in '/Users/yosuke/gits/cxd5602pwbimu_ros2_driver/ros2_ws/build/rviz_imu_plugin': CMAKE_PREFIX_PATH=${CMAKE_PREFIX_PATH}:/Users/yosuke/miniforge3/envs/ros_env CONDA_PROMPT_MODIFIER=(ros_env) SHLVL=3 _=/Users/yosuke/miniforge3/envs/ros_env/bin/env /Users/yosuke/miniforge3/envs/ros_env/bin/cmake --build /Users/yosuke/gits/cxd5602pwbimu_ros2_driver/ros2_ws/build/rviz_imu_plugin -- -j10 -l10
[1.821s] [  0%] Built target rviz_imu_plugin_autogen_timestamp_deps
[1.871s] [ 10%] Automatic MOC for target rviz_imu_plugin
[2.372s] [ 10%] Built target rviz_imu_plugin_autogen
[2.443s] [ 20%] Building CXX object CMakeFiles/rviz_imu_plugin.dir/src/imu_acc_visual.cpp.o
[2.445s] [ 30%] Building CXX object CMakeFiles/rviz_imu_plugin.dir/src/mag_visual.cpp.o
[2.448s] [ 40%] Building CXX object CMakeFiles/rviz_imu_plugin.dir/src/mag_display.cpp.o
[2.449s] [ 50%] Building CXX object CMakeFiles/rviz_imu_plugin.dir/src/imu_axes_visual.cpp.o
[2.452s] [ 60%] Building CXX object CMakeFiles/rviz_imu_plugin.dir/rviz_imu_plugin_autogen/mocs_compilation.cpp.o
[2.452s] [ 70%] Building CXX object CMakeFiles/rviz_imu_plugin.dir/src/imu_display.cpp.o
[2.453s] [ 80%] Building CXX object CMakeFiles/rviz_imu_plugin.dir/src/imu_orientation_visual.cpp.o
[4.244s] /Users/yosuke/gits/cxd5602pwbimu_ros2_driver/ros2_ws/src/imu_tools/rviz_imu_plugin/src/imu_orientation_visual.cpp:48:24: warning: implicit conversion from 'double' to 'int' changes value from 0.5 to 0 [-Wliteral-conversion]
[4.244s]    48 |       color_(0.5, 0.5, 0.5),
[4.245s]       |       ~~~~~~           ^~~
[4.245s] /Users/yosuke/gits/cxd5602pwbimu_ros2_driver/ros2_ws/src/imu_tools/rviz_imu_plugin/src/imu_orientation_visual.cpp:48:19: warning: implicit conversion from 'double' to 'int' changes value from 0.5 to 0 [-Wliteral-conversion]
[4.245s]    48 |       color_(0.5, 0.5, 0.5),
[4.245s]       |       ~~~~~~      ^~~
[4.245s] /Users/yosuke/gits/cxd5602pwbimu_ros2_driver/ros2_ws/src/imu_tools/rviz_imu_plugin/src/imu_orientation_visual.cpp:48:14: warning: implicit conversion from 'double' to 'int' changes value from 0.5 to 0 [-Wliteral-conversion]
[4.245s]    48 |       color_(0.5, 0.5, 0.5),
[4.245s]       |       ~~~~~~ ^~~
[4.717s] 3 warnings generated.
[6.972s] [ 90%] Linking CXX shared library librviz_imu_plugin.dylib
[7.005s] ld: warning: duplicate -rpath '/Users/yosuke/miniforge3/envs/ros_env/lib' ignored
[7.153s] [100%] Built target rviz_imu_plugin
