-- The C compiler identification is Clang 18.1.8
-- The CXX compiler identification is Clang 18.1.8
-- Detecting C compiler ABI info
-- Detecting C compiler ABI info - done
-- Check for working C compiler: /Users/yosuke/miniforge3/envs/ros_env/bin/arm64-apple-darwin20.0.0-clang - skipped
-- Detecting C compile features
-- Detecting C compile features - done
-- Detecting CXX compiler ABI info
-- Detecting CXX compiler ABI info - done
-- Check for working CXX compiler: /Users/yosuke/miniforge3/envs/ros_env/bin/arm64-apple-darwin20.0.0-clang++ - skipped
-- Detecting CXX compile features
-- Detecting CXX compile features - done
-- Found ament_cmake: 1.3.11 (/Users/yosuke/miniforge3/envs/ros_env/share/ament_cmake/cmake)
-- Found Python3: /Users/yosuke/miniforge3/envs/ros_env/bin/python3 (found version "3.11.13") found components: Interpreter
-- Configuring done (1.1s)
-- Generating done (0.0s)
-- Build files have been written to: /Users/yosuke/gits/cxd5602pwbimu_ros2_driver/ros2_ws/build/imu_tools
-- Install configuration: ""
-- Installing: /Users/yosuke/gits/cxd5602pwbimu_ros2_driver/ros2_ws/install/imu_tools/share/ament_index/resource_index/package_run_dependencies/imu_tools
-- Installing: /Users/yosuke/gits/cxd5602pwbimu_ros2_driver/ros2_ws/install/imu_tools/share/ament_index/resource_index/parent_prefix_path/imu_tools
-- Installing: /Users/yosuke/gits/cxd5602pwbimu_ros2_driver/ros2_ws/install/imu_tools/share/imu_tools/environment/ament_prefix_path.sh
-- Installing: /Users/yosuke/gits/cxd5602pwbimu_ros2_driver/ros2_ws/install/imu_tools/share/imu_tools/environment/ament_prefix_path.dsv
-- Installing: /Users/yosuke/gits/cxd5602pwbimu_ros2_driver/ros2_ws/install/imu_tools/share/imu_tools/environment/path.sh
-- Installing: /Users/yosuke/gits/cxd5602pwbimu_ros2_driver/ros2_ws/install/imu_tools/share/imu_tools/environment/path.dsv
-- Installing: /Users/yosuke/gits/cxd5602pwbimu_ros2_driver/ros2_ws/install/imu_tools/share/imu_tools/local_setup.bash
-- Installing: /Users/yosuke/gits/cxd5602pwbimu_ros2_driver/ros2_ws/install/imu_tools/share/imu_tools/local_setup.sh
-- Installing: /Users/yosuke/gits/cxd5602pwbimu_ros2_driver/ros2_ws/install/imu_tools/share/imu_tools/local_setup.zsh
-- Installing: /Users/yosuke/gits/cxd5602pwbimu_ros2_driver/ros2_ws/install/imu_tools/share/imu_tools/local_setup.dsv
-- Installing: /Users/yosuke/gits/cxd5602pwbimu_ros2_driver/ros2_ws/install/imu_tools/share/imu_tools/package.dsv
-- Installing: /Users/yosuke/gits/cxd5602pwbimu_ros2_driver/ros2_ws/install/imu_tools/share/ament_index/resource_index/packages/imu_tools
-- Installing: /Users/yosuke/gits/cxd5602pwbimu_ros2_driver/ros2_ws/install/imu_tools/share/imu_tools/cmake/imu_toolsConfig.cmake
-- Installing: /Users/yosuke/gits/cxd5602pwbimu_ros2_driver/ros2_ws/install/imu_tools/share/imu_tools/cmake/imu_toolsConfig-version.cmake
-- Installing: /Users/yosuke/gits/cxd5602pwbimu_ros2_driver/ros2_ws/install/imu_tools/share/imu_tools/package.xml
