[0.027s] Invoking command in '/Users/yosuke/gits/cxd5602pwbimu_ros2_driver/ros2_ws/build/h6x_packet_handler': CMAKE_PREFIX_PATH=${CMAKE_PREFIX_PATH}:/Users/yosuke/miniforge3/envs/ros_env CONDA_PROMPT_MODIFIER=(ros_env) SHLVL=2 _=/Users/yosuke/miniforge3/envs/ros_env/bin/env /Users/yosuke/miniforge3/envs/ros_env/bin/cmake /Users/yosuke/gits/cxd5602pwbimu_ros2_driver/ros2_ws/src/h6x_serial_interface/h6x_packet_handler -DCMAKE_PREFIX_PATH=/usr/local -DCMAKE_CXX_FLAGS=-I/usr/local/include -DCMAKE_EXE_LINKER_FLAGS=-L/usr/local/lib -DCMAKE_INSTALL_PREFIX=/Users/yosuke/gits/cxd5602pwbimu_ros2_driver/ros2_ws/install/h6x_packet_handler
[0.046s] CMake Deprecation Warning at CMakeLists.txt:4 (cmake_minimum_required):
[0.046s]   Compatibility with CMake < 3.10 will be removed from a future version of
[0.046s]   CMake.
[0.046s] 
[0.046s]   Update the VERSION argument <min> value.  Or, use the <min>...<max> syntax
[0.046s]   to tell CMake that the project requires at least <min> but has been updated
[0.046s]   to work with policies introduced by <max> or earlier.
[0.046s] 
[0.046s] 
[0.193s] -- The C compiler identification is Clang 18.1.8
[0.385s] -- The CXX compiler identification is Clang 18.1.8
[0.422s] -- Detecting C compiler ABI info
[0.644s] -- Detecting C compiler ABI info - done
[0.652s] -- Check for working C compiler: /Users/yosuke/miniforge3/envs/ros_env/bin/arm64-apple-darwin20.0.0-clang - skipped
[0.652s] -- Detecting C compile features
[0.652s] -- Detecting C compile features - done
[0.657s] -- Detecting CXX compiler ABI info
[0.876s] -- Detecting CXX compiler ABI info - done
[0.882s] -- Check for working CXX compiler: /Users/yosuke/miniforge3/envs/ros_env/bin/arm64-apple-darwin20.0.0-clang++ - skipped
[0.882s] -- Detecting CXX compile features
[0.883s] -- Detecting CXX compile features - done
[0.895s] -- Found ament_cmake_auto: 1.3.11 (/Users/yosuke/miniforge3/envs/ros_env/share/ament_cmake_auto/cmake)
[1.117s] -- Found Python3: /Users/yosuke/miniforge3/envs/ros_env/bin/python3 (found version "3.11.13") found components: Interpreter
[1.628s] -- Found ament_lint_auto: 0.12.11 (/Users/yosuke/miniforge3/envs/ros_env/share/ament_lint_auto/cmake)
[1.969s] -- Found gmock sources under '/Users/yosuke/miniforge3/envs/ros_env/src/gmock_vendor': C++ tests using 'Google Mock' will be built
[1.969s] CMake Deprecation Warning at /Users/yosuke/miniforge3/envs/ros_env/src/gmock_vendor/CMakeLists.txt:2 (cmake_minimum_required):
[1.969s]   Compatibility with CMake < 3.10 will be removed from a future version of
[1.969s]   CMake.
[1.969s] 
[1.969s]   Update the VERSION argument <min> value.  Or, use the <min>...<max> syntax
[1.969s]   to tell CMake that the project requires at least <min> but has been updated
[1.969s]   to work with policies introduced by <max> or earlier.
[1.969s] 
[1.969s] 
[1.999s] -- Found gtest sources under '/Users/yosuke/miniforge3/envs/ros_env/src/gtest_vendor': C++ tests using 'Google Test' will be built
[2.000s] CMake Deprecation Warning at /Users/yosuke/miniforge3/envs/ros_env/src/gtest_vendor/CMakeLists.txt:2 (cmake_minimum_required):
[2.000s]   Compatibility with CMake < 3.10 will be removed from a future version of
[2.000s]   CMake.
[2.000s] 
[2.000s]   Update the VERSION argument <min> value.  Or, use the <min>...<max> syntax
[2.000s]   to tell CMake that the project requires at least <min> but has been updated
[2.000s]   to work with policies introduced by <max> or earlier.
[2.000s] 
[2.000s] 
[2.006s] -- Added test 'cppcheck' to perform static code analysis on C / C++ code
[2.006s] -- Configured cppcheck include dirs: /Users/yosuke/gits/cxd5602pwbimu_ros2_driver/ros2_ws/src/h6x_serial_interface/h6x_packet_handler/include
[2.006s] -- Configured cppcheck exclude dirs and/or files: 
[2.009s] -- Added test 'cpplint' to check C / C++ code against the Google style
[2.009s] -- Configured cpplint exclude dirs and/or files: 
[2.010s] -- Added test 'lint_cmake' to check CMake code style
[2.012s] -- Added test 'xmllint' to check XML markup files
[2.015s] -- Configuring done (2.0s)
[2.042s] -- Generating done (0.0s)
[2.042s] -- Build files have been written to: /Users/yosuke/gits/cxd5602pwbimu_ros2_driver/ros2_ws/build/h6x_packet_handler
[2.048s] Invoked command in '/Users/yosuke/gits/cxd5602pwbimu_ros2_driver/ros2_ws/build/h6x_packet_handler' returned '0': CMAKE_PREFIX_PATH=${CMAKE_PREFIX_PATH}:/Users/yosuke/miniforge3/envs/ros_env CONDA_PROMPT_MODIFIER=(ros_env) SHLVL=2 _=/Users/yosuke/miniforge3/envs/ros_env/bin/env /Users/yosuke/miniforge3/envs/ros_env/bin/cmake /Users/yosuke/gits/cxd5602pwbimu_ros2_driver/ros2_ws/src/h6x_serial_interface/h6x_packet_handler -DCMAKE_PREFIX_PATH=/usr/local -DCMAKE_CXX_FLAGS=-I/usr/local/include -DCMAKE_EXE_LINKER_FLAGS=-L/usr/local/lib -DCMAKE_INSTALL_PREFIX=/Users/yosuke/gits/cxd5602pwbimu_ros2_driver/ros2_ws/install/h6x_packet_handler
[2.051s] Invoking command in '/Users/yosuke/gits/cxd5602pwbimu_ros2_driver/ros2_ws/build/h6x_packet_handler': CMAKE_PREFIX_PATH=${CMAKE_PREFIX_PATH}:/Users/yosuke/miniforge3/envs/ros_env CONDA_PROMPT_MODIFIER=(ros_env) SHLVL=2 _=/Users/yosuke/miniforge3/envs/ros_env/bin/env /Users/yosuke/miniforge3/envs/ros_env/bin/cmake --build /Users/yosuke/gits/cxd5602pwbimu_ros2_driver/ros2_ws/build/h6x_packet_handler -- -j10 -l10
[2.192s] [  8%] Building CXX object gmock/CMakeFiles/gmock.dir/src/gmock-all.cc.o
[2.201s] [ 16%] Building CXX object CMakeFiles/h6x_packet_handler.dir/src/hex_handler.cpp.o
[2.202s] [ 25%] Building CXX object gmock/CMakeFiles/gmock_main.dir/src/gmock_main.cc.o
[2.202s] [ 33%] Building CXX object gmock/CMakeFiles/gmock.dir/Users/yosuke/miniforge3/envs/ros_env/src/gtest_vendor/src/gtest-all.cc.o
[2.204s] [ 41%] Building CXX object CMakeFiles/h6x_packet_handler.dir/src/crc_handler.cpp.o
[2.560s] [ 50%] Linking CXX shared library libh6x_packet_handler.dylib
[2.669s] [ 50%] Built target h6x_packet_handler
[3.028s] In file included from /Users/yosuke/miniforge3/envs/ros_env/src/gmock_vendor/src/gmock_main.cc:32:
[3.028s] In file included from /Users/yosuke/miniforge3/envs/ros_env/src/gmock_vendor/include/gmock/gmock.h:61:
[3.028s] In file included from /Users/yosuke/miniforge3/envs/ros_env/src/gmock_vendor/include/gmock/gmock-function-mocker.h:39:
[3.029s] In file included from /Users/yosuke/miniforge3/envs/ros_env/src/gmock_vendor/include/gmock/gmock-generated-function-mockers.h:47:
[3.029s] In file included from /Users/yosuke/miniforge3/envs/ros_env/src/gmock_vendor/include/gmock/gmock-spec-builders.h:75:
[3.029s] /Users/yosuke/miniforge3/envs/ros_env/src/gmock_vendor/include/gmock/gmock-matchers.h:721:3: warning: definition of implicit copy constructor for 'StrEqualityMatcher<std::string>' is deprecated because it has a user-declared copy assignment operator [-Wdeprecated-copy]
[3.029s]   721 |   GTEST_DISALLOW_ASSIGN_(StrEqualityMatcher);
[3.029s]       |   ^
[3.029s] /Users/yosuke/miniforge3/envs/ros_env/src/gtest_vendor/include/gtest/internal/gtest-port.h:682:8: note: expanded from macro 'GTEST_DISALLOW_ASSIGN_'
[3.029s]   682 |   void operator=(type const &) = delete
[3.029s]       |        ^
[3.029s] /Users/yosuke/miniforge3/envs/ros_env/src/gtest_vendor/include/gtest/gtest-matchers.h:456:54: note: in implicit copy constructor for 'testing::internal::StrEqualityMatcher<std::string>' first required here
[3.029s]   456 |   explicit PolymorphicMatcher(const Impl& an_impl) : impl_(an_impl) {}
[3.029s]       |                                                      ^
[3.029s] /Users/yosuke/miniforge3/envs/ros_env/src/gtest_vendor/include/gtest/gtest-matchers.h:514:10: note: in instantiation of member function 'testing::PolymorphicMatcher<testing::internal::StrEqualityMatcher<std::string>>::PolymorphicMatcher' requested here
[3.029s]   514 |   return PolymorphicMatcher<Impl>(impl);
[3.029s]       |          ^
[3.029s] /Users/yosuke/miniforge3/envs/ros_env/src/gmock_vendor/include/gmock/gmock-matchers.h:3813:10: note: in instantiation of function template specialization 'testing::MakePolymorphicMatcher<testing::internal::StrEqualityMatcher<std::string>>' requested here
[3.030s]  3813 |   return MakePolymorphicMatcher(
[3.030s]       |          ^
[3.032s] /Users/yosuke/miniforge3/envs/ros_env/src/gmock_vendor/include/gmock/gmock-matchers.h:778:3: warning: definition of implicit copy constructor for 'HasSubstrMatcher<std::string>' is deprecated because it has a user-declared copy assignment operator [-Wdeprecated-copy]
[3.032s]   778 |   GTEST_DISALLOW_ASSIGN_(HasSubstrMatcher);
[3.032s]       |   ^
[3.032s] /Users/yosuke/miniforge3/envs/ros_env/src/gtest_vendor/include/gtest/internal/gtest-port.h:682:8: note: expanded from macro 'GTEST_DISALLOW_ASSIGN_'
[3.032s]   682 |   void operator=(type const &) = delete
[3.032s]       |        ^
[3.032s] /Users/yosuke/miniforge3/envs/ros_env/src/gtest_vendor/include/gtest/gtest-matchers.h:456:54: note: in implicit copy constructor for 'testing::internal::HasSubstrMatcher<std::string>' first required here
[3.032s]   456 |   explicit PolymorphicMatcher(const Impl& an_impl) : impl_(an_impl) {}
[3.033s]       |                                                      ^
[3.033s] /Users/yosuke/miniforge3/envs/ros_env/src/gtest_vendor/include/gtest/gtest-matchers.h:514:10: note: in instantiation of member function 'testing::PolymorphicMatcher<testing::internal::HasSubstrMatcher<std::string>>::PolymorphicMatcher' requested here
[3.033s]   514 |   return PolymorphicMatcher<Impl>(impl);
[3.033s]       |          ^
[3.033s] /Users/yosuke/miniforge3/envs/ros_env/src/gmock_vendor/include/gmock/gmock-matchers.h:3842:10: note: in instantiation of function template specialization 'testing::MakePolymorphicMatcher<testing::internal::HasSubstrMatcher<std::string>>' requested here
[3.033s]  3842 |   return MakePolymorphicMatcher(
[3.033s]       |          ^
[3.033s] /Users/yosuke/miniforge3/envs/ros_env/src/gmock_vendor/include/gmock/gmock-matchers.h:835:3: warning: definition of implicit copy constructor for 'StartsWithMatcher<std::string>' is deprecated because it has a user-declared copy assignment operator [-Wdeprecated-copy]
[3.033s]   835 |   GTEST_DISALLOW_ASSIGN_(StartsWithMatcher);
[3.033s]       |   ^
[3.033s] /Users/yosuke/miniforge3/envs/ros_env/src/gtest_vendor/include/gtest/internal/gtest-port.h:682:8: note: expanded from macro 'GTEST_DISALLOW_ASSIGN_'
[3.033s]   682 |   void operator=(type const &) = delete
[3.033s]       |        ^
[3.033s] /Users/yosuke/miniforge3/envs/ros_env/src/gtest_vendor/include/gtest/gtest-matchers.h:456:54: note: in implicit copy constructor for 'testing::internal::StartsWithMatcher<std::string>' first required here
[3.033s]   456 |   explicit PolymorphicMatcher(const Impl& an_impl) : impl_(an_impl) {}
[3.033s]       |                                                      ^
[3.033s] /Users/yosuke/miniforge3/envs/ros_env/src/gtest_vendor/include/gtest/gtest-matchers.h:514:10: note: in instantiation of member function 'testing::PolymorphicMatcher<testing::internal::StartsWithMatcher<std::string>>::PolymorphicMatcher' requested here
[3.033s]   514 |   return PolymorphicMatcher<Impl>(impl);
[3.033s]       |          ^
[3.034s] /Users/yosuke/miniforge3/envs/ros_env/src/gmock_vendor/include/gmock/gmock-matchers.h:3849:10: note: in instantiation of function template specialization 'testing::MakePolymorphicMatcher<testing::internal::StartsWithMatcher<std::string>>' requested here
[3.034s]  3849 |   return MakePolymorphicMatcher(
[3.034s]       |          ^
[3.034s] /Users/yosuke/miniforge3/envs/ros_env/src/gmock_vendor/include/gmock/gmock-matchers.h:891:3: warning: definition of implicit copy constructor for 'EndsWithMatcher<std::string>' is deprecated because it has a user-declared copy assignment operator [-Wdeprecated-copy]
[3.034s]   891 |   GTEST_DISALLOW_ASSIGN_(EndsWithMatcher);
[3.034s]       |   ^
[3.034s] /Users/yosuke/miniforge3/envs/ros_env/src/gtest_vendor/include/gtest/internal/gtest-port.h:682:8: note: expanded from macro 'GTEST_DISALLOW_ASSIGN_'
[3.034s]   682 |   void operator=(type const &) = delete
[3.034s]       |        ^
[3.034s] /Users/yosuke/miniforge3/envs/ros_env/src/gtest_vendor/include/gtest/gtest-matchers.h:456:54: note: in implicit copy constructor for 'testing::internal::EndsWithMatcher<std::string>' first required here
[3.034s]   456 |   explicit PolymorphicMatcher(const Impl& an_impl) : impl_(an_impl) {}
[3.034s]       |                                                      ^
[3.034s] /Users/yosuke/miniforge3/envs/ros_env/src/gtest_vendor/include/gtest/gtest-matchers.h:514:10: note: in instantiation of member function 'testing::PolymorphicMatcher<testing::internal::EndsWithMatcher<std::string>>::PolymorphicMatcher' requested here
[3.034s]   514 |   return PolymorphicMatcher<Impl>(impl);
[3.034s]       |          ^
[3.034s] /Users/yosuke/miniforge3/envs/ros_env/src/gmock_vendor/include/gmock/gmock-matchers.h:3856:10: note: in instantiation of function template specialization 'testing::MakePolymorphicMatcher<testing::internal::EndsWithMatcher<std::string>>' requested here
[3.034s]  3856 |   return MakePolymorphicMatcher(internal::EndsWithMatcher<std::string>(suffix));
[3.034s]       |          ^
[3.034s] /Users/yosuke/miniforge3/envs/ros_env/src/gmock_vendor/include/gmock/gmock-matchers.h:721:3: warning: definition of implicit copy constructor for 'StrEqualityMatcher<std::wstring>' is deprecated because it has a user-declared copy assignment operator [-Wdeprecated-copy]
[3.034s]   721 |   GTEST_DISALLOW_ASSIGN_(StrEqualityMatcher);
[3.034s]       |   ^
[3.034s] /Users/yosuke/miniforge3/envs/ros_env/src/gtest_vendor/include/gtest/internal/gtest-port.h:682:8: note: expanded from macro 'GTEST_DISALLOW_ASSIGN_'
[3.034s]   682 |   void operator=(type const &) = delete
[3.034s]       |        ^
[3.034s] /Users/yosuke/miniforge3/envs/ros_env/src/gtest_vendor/include/gtest/gtest-matchers.h:456:54: note: in implicit copy constructor for 'testing::internal::StrEqualityMatcher<std::wstring>' first required here
[3.034s]   456 |   explicit PolymorphicMatcher(const Impl& an_impl) : impl_(an_impl) {}
[3.034s]       |                                                      ^
[3.034s] /Users/yosuke/miniforge3/envs/ros_env/src/gtest_vendor/include/gtest/gtest-matchers.h:514:10: note: in instantiation of member function 'testing::PolymorphicMatcher<testing::internal::StrEqualityMatcher<std::wstring>>::PolymorphicMatcher' requested here
[3.034s]   514 |   return PolymorphicMatcher<Impl>(impl);
[3.034s]       |          ^
[3.034s] /Users/yosuke/miniforge3/envs/ros_env/src/gmock_vendor/include/gmock/gmock-matchers.h:3865:10: note: in instantiation of function template specialization 'testing::MakePolymorphicMatcher<testing::internal::StrEqualityMatcher<std::wstring>>' requested here
[3.034s]  3865 |   return MakePolymorphicMatcher(
[3.034s]       |          ^
[3.034s] /Users/yosuke/miniforge3/envs/ros_env/src/gmock_vendor/include/gmock/gmock-matchers.h:778:3: warning: definition of implicit copy constructor for 'HasSubstrMatcher<std::wstring>' is deprecated because it has a user-declared copy assignment operator [-Wdeprecated-copy]
[3.034s]   778 |   GTEST_DISALLOW_ASSIGN_(HasSubstrMatcher);
[3.034s]       |   ^
[3.034s] /Users/yosuke/miniforge3/envs/ros_env/src/gtest_vendor/include/gtest/internal/gtest-port.h:682:8: note: expanded from macro 'GTEST_DISALLOW_ASSIGN_'
[3.034s]   682 |   void operator=(type const &) = delete
[3.034s]       |        ^
[3.034s] /Users/yosuke/miniforge3/envs/ros_env/src/gtest_vendor/include/gtest/gtest-matchers.h:456:54: note: in implicit copy constructor for 'testing::internal::HasSubstrMatcher<std::wstring>' first required here
[3.034s]   456 |   explicit PolymorphicMatcher(const Impl& an_impl) : impl_(an_impl) {}
[3.034s]       |                                                      ^
[3.034s] /Users/yosuke/miniforge3/envs/ros_env/src/gtest_vendor/include/gtest/gtest-matchers.h:514:10: note: in instantiation of member function 'testing::PolymorphicMatcher<testing::internal::HasSubstrMatcher<std::wstring>>::PolymorphicMatcher' requested here
[3.034s]   514 |   return PolymorphicMatcher<Impl>(impl);
[3.034s]       |          ^
[3.034s] /Users/yosuke/miniforge3/envs/ros_env/src/gmock_vendor/include/gmock/gmock-matchers.h:3894:10: note: in instantiation of function template specialization 'testing::MakePolymorphicMatcher<testing::internal::HasSubstrMatcher<std::wstring>>' requested here
[3.034s]  3894 |   return MakePolymorphicMatcher(
[3.034s]       |          ^
[3.034s] /Users/yosuke/miniforge3/envs/ros_env/src/gmock_vendor/include/gmock/gmock-matchers.h:835:3: warning: definition of implicit copy constructor for 'StartsWithMatcher<std::wstring>' is deprecated because it has a user-declared copy assignment operator [-Wdeprecated-copy]
[3.034s]   835 |   GTEST_DISALLOW_ASSIGN_(StartsWithMatcher);
[3.034s]       |   ^
[3.034s] /Users/yosuke/miniforge3/envs/ros_env/src/gtest_vendor/include/gtest/internal/gtest-port.h:682:8: note: expanded from macro 'GTEST_DISALLOW_ASSIGN_'
[3.034s]   682 |   void operator=(type const &) = delete
[3.034s]       |        ^
[3.034s] /Users/yosuke/miniforge3/envs/ros_env/src/gtest_vendor/include/gtest/gtest-matchers.h:456:54: note: in implicit copy constructor for 'testing::internal::StartsWithMatcher<std::wstring>' first required here
[3.035s]   456 |   explicit PolymorphicMatcher(const Impl& an_impl) : impl_(an_impl) {}
[3.035s]       |                                                      ^
[3.035s] /Users/yosuke/miniforge3/envs/ros_env/src/gtest_vendor/include/gtest/gtest-matchers.h:514:10: note: in instantiation of member function 'testing::PolymorphicMatcher<testing::internal::StartsWithMatcher<std::wstring>>::PolymorphicMatcher' requested here
[3.035s]   514 |   return PolymorphicMatcher<Impl>(impl);
[3.035s]       |          ^
[3.035s] /Users/yosuke/miniforge3/envs/ros_env/src/gmock_vendor/include/gmock/gmock-matchers.h:3901:10: note: in instantiation of function template specialization 'testing::MakePolymorphicMatcher<testing::internal::StartsWithMatcher<std::wstring>>' requested here
[3.035s]  3901 |   return MakePolymorphicMatcher(
[3.035s]       |          ^
[3.035s] /Users/yosuke/miniforge3/envs/ros_env/src/gmock_vendor/include/gmock/gmock-matchers.h:891:3: warning: definition of implicit copy constructor for 'EndsWithMatcher<std::wstring>' is deprecated because it has a user-declared copy assignment operator [-Wdeprecated-copy]
[3.035s]   891 |   GTEST_DISALLOW_ASSIGN_(EndsWithMatcher);
[3.035s]       |   ^
[3.035s] /Users/yosuke/miniforge3/envs/ros_env/src/gtest_vendor/include/gtest/internal/gtest-port.h:682:8: note: expanded from macro 'GTEST_DISALLOW_ASSIGN_'
[3.035s]   682 |   void operator=(type const &) = delete
[3.035s]       |        ^
[3.035s] /Users/yosuke/miniforge3/envs/ros_env/src/gtest_vendor/include/gtest/gtest-matchers.h:456:54: note: in implicit copy constructor for 'testing::internal::EndsWithMatcher<std::wstring>' first required here
[3.035s]   456 |   explicit PolymorphicMatcher(const Impl& an_impl) : impl_(an_impl) {}
[3.035s]       |                                                      ^
[3.035s] /Users/yosuke/miniforge3/envs/ros_env/src/gtest_vendor/include/gtest/gtest-matchers.h:514:10: note: in instantiation of member function 'testing::PolymorphicMatcher<testing::internal::EndsWithMatcher<std::wstring>>::PolymorphicMatcher' requested here
[3.035s]   514 |   return PolymorphicMatcher<Impl>(impl);
[3.035s]       |          ^
[3.035s] /Users/yosuke/miniforge3/envs/ros_env/src/gmock_vendor/include/gmock/gmock-matchers.h:3908:10: note: in instantiation of function template specialization 'testing::MakePolymorphicMatcher<testing::internal::EndsWithMatcher<std::wstring>>' requested here
[3.035s]  3908 |   return MakePolymorphicMatcher(
[3.035s]       |          ^
[3.059s] 8 warnings generated.
[3.075s] In file included from /Users/yosuke/miniforge3/envs/ros_env/src/gmock_vendor/src/gmock-all.cc:39:
[3.075s] In file included from /Users/yosuke/miniforge3/envs/ros_env/src/gmock_vendor/include/gmock/gmock.h:61:
[3.075s] In file included from /Users/yosuke/miniforge3/envs/ros_env/src/gmock_vendor/include/gmock/gmock-function-mocker.h:39:
[3.075s] In file included from /Users/yosuke/miniforge3/envs/ros_env/src/gmock_vendor/include/gmock/gmock-generated-function-mockers.h:47:
[3.075s] In file included from /Users/yosuke/miniforge3/envs/ros_env/src/gmock_vendor/include/gmock/gmock-spec-builders.h:75:
[3.075s] /Users/yosuke/miniforge3/envs/ros_env/src/gmock_vendor/include/gmock/gmock-matchers.h:721:3: warning: definition of implicit copy constructor for 'StrEqualityMatcher<std::string>' is deprecated because it has a user-declared copy assignment operator [-Wdeprecated-copy]
[3.075s]   721 |   GTEST_DISALLOW_ASSIGN_(StrEqualityMatcher);
[3.076s]       |   ^
[3.076s] /Users/yosuke/miniforge3/envs/ros_env/src/gtest_vendor/include/gtest/internal/gtest-port.h:682:8: note: expanded from macro 'GTEST_DISALLOW_ASSIGN_'
[3.076s]   682 |   void operator=(type const &) = delete
[3.076s]       |        ^
[3.076s] /Users/yosuke/miniforge3/envs/ros_env/src/gtest_vendor/include/gtest/gtest-matchers.h:456:54: note: in implicit copy constructor for 'testing::internal::StrEqualityMatcher<std::string>' first required here
[3.076s]   456 |   explicit PolymorphicMatcher(const Impl& an_impl) : impl_(an_impl) {}
[3.076s]       |                                                      ^
[3.076s] /Users/yosuke/miniforge3/envs/ros_env/src/gtest_vendor/include/gtest/gtest-matchers.h:514:10: note: in instantiation of member function 'testing::PolymorphicMatcher<testing::internal::StrEqualityMatcher<std::string>>::PolymorphicMatcher' requested here
[3.076s]   514 |   return PolymorphicMatcher<Impl>(impl);
[3.076s]       |          ^
[3.076s] /Users/yosuke/miniforge3/envs/ros_env/src/gmock_vendor/include/gmock/gmock-matchers.h:3813:10: note: in instantiation of function template specialization 'testing::MakePolymorphicMatcher<testing::internal::StrEqualityMatcher<std::string>>' requested here
[3.076s]  3813 |   return MakePolymorphicMatcher(
[3.076s]       |          ^
[3.077s] /Users/yosuke/miniforge3/envs/ros_env/src/gmock_vendor/include/gmock/gmock-matchers.h:778:3: warning: definition of implicit copy constructor for 'HasSubstrMatcher<std::string>' is deprecated because it has a user-declared copy assignment operator [-Wdeprecated-copy]
[3.077s]   778 |   GTEST_DISALLOW_ASSIGN_(HasSubstrMatcher);
[3.077s]       |   ^
[3.077s] /Users/yosuke/miniforge3/envs/ros_env/src/gtest_vendor/include/gtest/internal/gtest-port.h:682:8: note: expanded from macro 'GTEST_DISALLOW_ASSIGN_'
[3.077s]   682 |   void operator=(type const &) = delete
[3.077s]       |        ^
[3.077s] /Users/yosuke/miniforge3/envs/ros_env/src/gtest_vendor/include/gtest/gtest-matchers.h:456:54: note: in implicit copy constructor for 'testing::internal::HasSubstrMatcher<std::string>' first required here
[3.077s]   456 |   explicit PolymorphicMatcher(const Impl& an_impl) : impl_(an_impl) {}
[3.077s]       |                                                      ^
[3.077s] /Users/yosuke/miniforge3/envs/ros_env/src/gtest_vendor/include/gtest/gtest-matchers.h:514:10: note: in instantiation of member function 'testing::PolymorphicMatcher<testing::internal::HasSubstrMatcher<std::string>>::PolymorphicMatcher' requested here
[3.077s]   514 |   return PolymorphicMatcher<Impl>(impl);
[3.078s]       |          ^
[3.078s] /Users/yosuke/miniforge3/envs/ros_env/src/gmock_vendor/include/gmock/gmock-matchers.h:3842:10: note: in instantiation of function template specialization 'testing::MakePolymorphicMatcher<testing::internal::HasSubstrMatcher<std::string>>' requested here
[3.078s]  3842 |   return MakePolymorphicMatcher(
[3.078s]       |          ^
[3.078s] /Users/yosuke/miniforge3/envs/ros_env/src/gmock_vendor/include/gmock/gmock-matchers.h:835:3: warning: definition of implicit copy constructor for 'StartsWithMatcher<std::string>' is deprecated because it has a user-declared copy assignment operator [-Wdeprecated-copy]
[3.078s]   835 |   GTEST_DISALLOW_ASSIGN_(StartsWithMatcher);
[3.078s]       |   ^
[3.078s] /Users/yosuke/miniforge3/envs/ros_env/src/gtest_vendor/include/gtest/internal/gtest-port.h:682:8: note: expanded from macro 'GTEST_DISALLOW_ASSIGN_'
[3.078s]   682 |   void operator=(type const &) = delete
[3.078s]       |        ^
[3.078s] /Users/yosuke/miniforge3/envs/ros_env/src/gtest_vendor/include/gtest/gtest-matchers.h:456:54: note: in implicit copy constructor for 'testing::internal::StartsWithMatcher<std::string>' first required here
[3.078s]   456 |   explicit PolymorphicMatcher(const Impl& an_impl) : impl_(an_impl) {}
[3.078s]       |                                                      ^
[3.078s] /Users/yosuke/miniforge3/envs/ros_env/src/gtest_vendor/include/gtest/gtest-matchers.h:514:10: note: in instantiation of member function 'testing::PolymorphicMatcher<testing::internal::StartsWithMatcher<std::string>>::PolymorphicMatcher' requested here
[3.078s]   514 |   return PolymorphicMatcher<Impl>(impl);
[3.078s]       |          ^
[3.078s] /Users/yosuke/miniforge3/envs/ros_env/src/gmock_vendor/include/gmock/gmock-matchers.h:3849:10: note: in instantiation of function template specialization 'testing::MakePolymorphicMatcher<testing::internal::StartsWithMatcher<std::string>>' requested here
[3.078s]  3849 |   return MakePolymorphicMatcher(
[3.078s]       |          ^
[3.078s] /Users/yosuke/miniforge3/envs/ros_env/src/gmock_vendor/include/gmock/gmock-matchers.h:891:3: warning: definition of implicit copy constructor for 'EndsWithMatcher<std::string>' is deprecated because it has a user-declared copy assignment operator [-Wdeprecated-copy]
[3.078s]   891 |   GTEST_DISALLOW_ASSIGN_(EndsWithMatcher);
[3.078s]       |   ^
[3.078s] /Users/yosuke/miniforge3/envs/ros_env/src/gtest_vendor/include/gtest/internal/gtest-port.h:682:8: note: expanded from macro 'GTEST_DISALLOW_ASSIGN_'
[3.078s]   682 |   void operator=(type const &) = delete
[3.078s]       |        ^
[3.078s] /Users/yosuke/miniforge3/envs/ros_env/src/gtest_vendor/include/gtest/gtest-matchers.h:456:54: note: in implicit copy constructor for 'testing::internal::EndsWithMatcher<std::string>' first required here
[3.078s]   456 |   explicit PolymorphicMatcher(const Impl& an_impl) : impl_(an_impl) {}
[3.078s]       |                                                      ^
[3.078s] /Users/yosuke/miniforge3/envs/ros_env/src/gtest_vendor/include/gtest/gtest-matchers.h:514:10: note: in instantiation of member function 'testing::PolymorphicMatcher<testing::internal::EndsWithMatcher<std::string>>::PolymorphicMatcher' requested here
[3.078s]   514 |   return PolymorphicMatcher<Impl>(impl);
[3.078s]       |          ^
[3.078s] /Users/yosuke/miniforge3/envs/ros_env/src/gmock_vendor/include/gmock/gmock-matchers.h:3856:10: note: in instantiation of function template specialization 'testing::MakePolymorphicMatcher<testing::internal::EndsWithMatcher<std::string>>' requested here
[3.078s]  3856 |   return MakePolymorphicMatcher(internal::EndsWithMatcher<std::string>(suffix));
[3.078s]       |          ^
[3.079s] /Users/yosuke/miniforge3/envs/ros_env/src/gmock_vendor/include/gmock/gmock-matchers.h:721:3: warning: definition of implicit copy constructor for 'StrEqualityMatcher<std::wstring>' is deprecated because it has a user-declared copy assignment operator [-Wdeprecated-copy]
[3.079s]   721 |   GTEST_DISALLOW_ASSIGN_(StrEqualityMatcher);
[3.079s]       |   ^
[3.079s] /Users/yosuke/miniforge3/envs/ros_env/src/gtest_vendor/include/gtest/internal/gtest-port.h:682:8: note: expanded from macro 'GTEST_DISALLOW_ASSIGN_'
[3.080s]   682 |   void operator=(type const &) = delete
[3.080s]       |        ^
[3.080s] /Users/yosuke/miniforge3/envs/ros_env/src/gtest_vendor/include/gtest/gtest-matchers.h:456:54: note: in implicit copy constructor for 'testing::internal::StrEqualityMatcher<std::wstring>' first required here
[3.080s]   456 |   explicit PolymorphicMatcher(const Impl& an_impl) : impl_(an_impl) {}
[3.080s]       |                                                      ^
[3.080s] /Users/yosuke/miniforge3/envs/ros_env/src/gtest_vendor/include/gtest/gtest-matchers.h:514:10: note: in instantiation of member function 'testing::PolymorphicMatcher<testing::internal::StrEqualityMatcher<std::wstring>>::PolymorphicMatcher' requested here
[3.080s]   514 |   return PolymorphicMatcher<Impl>(impl);
[3.080s]       |          ^
[3.080s] /Users/yosuke/miniforge3/envs/ros_env/src/gmock_vendor/include/gmock/gmock-matchers.h:3865:10: note: in instantiation of function template specialization 'testing::MakePolymorphicMatcher<testing::internal::StrEqualityMatcher<std::wstring>>' requested here
[3.080s]  3865 |   return MakePolymorphicMatcher(
[3.080s]       |          ^
[3.080s] /Users/yosuke/miniforge3/envs/ros_env/src/gmock_vendor/include/gmock/gmock-matchers.h:778:3: warning: definition of implicit copy constructor for 'HasSubstrMatcher<std::wstring>' is deprecated because it has a user-declared copy assignment operator [-Wdeprecated-copy]
[3.080s]   778 |   GTEST_DISALLOW_ASSIGN_(HasSubstrMatcher);
[3.080s]       |   ^
[3.080s] /Users/yosuke/miniforge3/envs/ros_env/src/gtest_vendor/include/gtest/internal/gtest-port.h:682:8: note: expanded from macro 'GTEST_DISALLOW_ASSIGN_'
[3.080s]   682 |   void operator=(type const &) = delete
[3.080s]       |        ^
[3.080s] /Users/yosuke/miniforge3/envs/ros_env/src/gtest_vendor/include/gtest/gtest-matchers.h:456:54: note: in implicit copy constructor for 'testing::internal::HasSubstrMatcher<std::wstring>' first required here
[3.080s]   456 |   explicit PolymorphicMatcher(const Impl& an_impl) : impl_(an_impl) {}
[3.080s]       |                                                      ^
[3.080s] /Users/yosuke/miniforge3/envs/ros_env/src/gtest_vendor/include/gtest/gtest-matchers.h:514:10: note: in instantiation of member function 'testing::PolymorphicMatcher<testing::internal::HasSubstrMatcher<std::wstring>>::PolymorphicMatcher' requested here
[3.080s]   514 |   return PolymorphicMatcher<Impl>(impl);
[3.080s]       |          ^
[3.080s] /Users/yosuke/miniforge3/envs/ros_env/src/gmock_vendor/include/gmock/gmock-matchers.h:3894:10: note: in instantiation of function template specialization 'testing::MakePolymorphicMatcher<testing::internal::HasSubstrMatcher<std::wstring>>' requested here
[3.080s]  3894 |   return MakePolymorphicMatcher(
[3.080s]       |          ^
[3.081s] /Users/yosuke/miniforge3/envs/ros_env/src/gmock_vendor/include/gmock/gmock-matchers.h:835:3: warning: definition of implicit copy constructor for 'StartsWithMatcher<std::wstring>' is deprecated because it has a user-declared copy assignment operator [-Wdeprecated-copy]
[3.081s]   835 |   GTEST_DISALLOW_ASSIGN_(StartsWithMatcher);
[3.081s]       |   ^
[3.081s] /Users/yosuke/miniforge3/envs/ros_env/src/gtest_vendor/include/gtest/internal/gtest-port.h:682:8: note: expanded from macro 'GTEST_DISALLOW_ASSIGN_'
[3.081s]   682 |   void operator=(type const &) = delete
[3.081s]       |        ^
[3.081s] /Users/yosuke/miniforge3/envs/ros_env/src/gtest_vendor/include/gtest/gtest-matchers.h:456:54: note: in implicit copy constructor for 'testing::internal::StartsWithMatcher<std::wstring>' first required here
[3.081s]   456 |   explicit PolymorphicMatcher(const Impl& an_impl) : impl_(an_impl) {}
[3.081s]       |                                                      ^
[3.081s] /Users/yosuke/miniforge3/envs/ros_env/src/gtest_vendor/include/gtest/gtest-matchers.h:514:10: note: in instantiation of member function 'testing::PolymorphicMatcher<testing::internal::StartsWithMatcher<std::wstring>>::PolymorphicMatcher' requested here
[3.081s]   514 |   return PolymorphicMatcher<Impl>(impl);
[3.081s]       |          ^
[3.081s] /Users/yosuke/miniforge3/envs/ros_env/src/gmock_vendor/include/gmock/gmock-matchers.h:3901:10: note: in instantiation of function template specialization 'testing::MakePolymorphicMatcher<testing::internal::StartsWithMatcher<std::wstring>>' requested here
[3.081s]  3901 |   return MakePolymorphicMatcher(
[3.081s]       |          ^
[3.081s] /Users/yosuke/miniforge3/envs/ros_env/src/gmock_vendor/include/gmock/gmock-matchers.h:891:3: warning: definition of implicit copy constructor for 'EndsWithMatcher<std::wstring>' is deprecated because it has a user-declared copy assignment operator [-Wdeprecated-copy]
[3.081s]   891 |   GTEST_DISALLOW_ASSIGN_(EndsWithMatcher);
[3.081s]       |   ^
[3.081s] /Users/yosuke/miniforge3/envs/ros_env/src/gtest_vendor/include/gtest/internal/gtest-port.h:682:8: note: expanded from macro 'GTEST_DISALLOW_ASSIGN_'
[3.082s]   682 |   void operator=(type const &) = delete
[3.082s]       |        ^
[3.082s] /Users/yosuke/miniforge3/envs/ros_env/src/gtest_vendor/include/gtest/gtest-matchers.h:456:54: note: in implicit copy constructor for 'testing::internal::EndsWithMatcher<std::wstring>' first required here
[3.082s]   456 |   explicit PolymorphicMatcher(const Impl& an_impl) : impl_(an_impl) {}
[3.082s]       |                                                      ^
[3.082s] /Users/yosuke/miniforge3/envs/ros_env/src/gtest_vendor/include/gtest/gtest-matchers.h:514:10: note: in instantiation of member function 'testing::PolymorphicMatcher<testing::internal::EndsWithMatcher<std::wstring>>::PolymorphicMatcher' requested here
[3.082s]   514 |   return PolymorphicMatcher<Impl>(impl);
[3.082s]       |          ^
[3.082s] /Users/yosuke/miniforge3/envs/ros_env/src/gmock_vendor/include/gmock/gmock-matchers.h:3908:10: note: in instantiation of function template specialization 'testing::MakePolymorphicMatcher<testing::internal::EndsWithMatcher<std::wstring>>' requested here
[3.082s]  3908 |   return MakePolymorphicMatcher(
[3.082s]       |          ^
[3.090s] [ 58%] Linking CXX static library libgmock_main.a
[3.198s] [ 58%] Built target gmock_main
[3.303s] 8 warnings generated.
[3.684s] [ 66%] Linking CXX static library libgmock.a
[3.801s] [ 66%] Built target gmock
[3.856s] [ 75%] Building CXX object CMakeFiles/test_crc_handler.dir/test/src/test_crc_handler.cpp.o
[3.857s] [ 83%] Building CXX object CMakeFiles/test_hex_handler.dir/test/src/test_hex_handler.cpp.o
[4.518s] [ 91%] Linking CXX executable test_crc_handler
[4.617s] [ 91%] Built target test_crc_handler
[4.673s] [100%] Linking CXX executable test_hex_handler
[4.765s] [100%] Built target test_hex_handler
[4.782s] Invoked command in '/Users/yosuke/gits/cxd5602pwbimu_ros2_driver/ros2_ws/build/h6x_packet_handler' returned '0': CMAKE_PREFIX_PATH=${CMAKE_PREFIX_PATH}:/Users/yosuke/miniforge3/envs/ros_env CONDA_PROMPT_MODIFIER=(ros_env) SHLVL=2 _=/Users/yosuke/miniforge3/envs/ros_env/bin/env /Users/yosuke/miniforge3/envs/ros_env/bin/cmake --build /Users/yosuke/gits/cxd5602pwbimu_ros2_driver/ros2_ws/build/h6x_packet_handler -- -j10 -l10
[5.051s] Invoking command in '/Users/yosuke/gits/cxd5602pwbimu_ros2_driver/ros2_ws/build/h6x_packet_handler': CMAKE_PREFIX_PATH=${CMAKE_PREFIX_PATH}:/Users/yosuke/miniforge3/envs/ros_env CONDA_PROMPT_MODIFIER=(ros_env) SHLVL=2 _=/Users/yosuke/miniforge3/envs/ros_env/bin/env /Users/yosuke/miniforge3/envs/ros_env/bin/cmake --install /Users/yosuke/gits/cxd5602pwbimu_ros2_driver/ros2_ws/build/h6x_packet_handler
[5.063s] -- Install configuration: ""
[5.063s] -- Installing: /Users/yosuke/gits/cxd5602pwbimu_ros2_driver/ros2_ws/install/h6x_packet_handler/include
[5.063s] -- Installing: /Users/yosuke/gits/cxd5602pwbimu_ros2_driver/ros2_ws/install/h6x_packet_handler/include/h6x_packet_handler
[5.063s] -- Installing: /Users/yosuke/gits/cxd5602pwbimu_ros2_driver/ros2_ws/install/h6x_packet_handler/include/h6x_packet_handler/hex_handler.hpp
[5.063s] -- Installing: /Users/yosuke/gits/cxd5602pwbimu_ros2_driver/ros2_ws/install/h6x_packet_handler/include/h6x_packet_handler/packet_state_base.hpp
[5.063s] -- Installing: /Users/yosuke/gits/cxd5602pwbimu_ros2_driver/ros2_ws/install/h6x_packet_handler/include/h6x_packet_handler/rx_packet_base.hpp
[5.063s] -- Installing: /Users/yosuke/gits/cxd5602pwbimu_ros2_driver/ros2_ws/install/h6x_packet_handler/include/h6x_packet_handler/crc_handler.hpp
[5.063s] -- Installing: /Users/yosuke/gits/cxd5602pwbimu_ros2_driver/ros2_ws/install/h6x_packet_handler/include/h6x_packet_handler/tx_ascii_packet.hpp
[5.064s] -- Installing: /Users/yosuke/gits/cxd5602pwbimu_ros2_driver/ros2_ws/install/h6x_packet_handler/include/h6x_packet_handler/rx_ascii_packet.hpp
[5.064s] -- Installing: /Users/yosuke/gits/cxd5602pwbimu_ros2_driver/ros2_ws/install/h6x_packet_handler/include/h6x_packet_handler/tx_packet_base.hpp
[5.064s] -- Installing: /Users/yosuke/gits/cxd5602pwbimu_ros2_driver/ros2_ws/install/h6x_packet_handler/include/h6x_packet_handler/tx_rx_packet_base.hpp
[5.064s] -- Installing: /Users/yosuke/gits/cxd5602pwbimu_ros2_driver/ros2_ws/install/h6x_packet_handler/lib/libh6x_packet_handler.dylib
[5.065s] -- Installing: /Users/yosuke/gits/cxd5602pwbimu_ros2_driver/ros2_ws/install/h6x_packet_handler/share/ament_index/resource_index/package_run_dependencies/h6x_packet_handler
[5.065s] -- Installing: /Users/yosuke/gits/cxd5602pwbimu_ros2_driver/ros2_ws/install/h6x_packet_handler/share/ament_index/resource_index/parent_prefix_path/h6x_packet_handler
[5.066s] -- Installing: /Users/yosuke/gits/cxd5602pwbimu_ros2_driver/ros2_ws/install/h6x_packet_handler/share/h6x_packet_handler/environment/ament_prefix_path.sh
[5.066s] -- Installing: /Users/yosuke/gits/cxd5602pwbimu_ros2_driver/ros2_ws/install/h6x_packet_handler/share/h6x_packet_handler/environment/ament_prefix_path.dsv
[5.067s] -- Installing: /Users/yosuke/gits/cxd5602pwbimu_ros2_driver/ros2_ws/install/h6x_packet_handler/share/h6x_packet_handler/environment/path.sh
[5.067s] -- Installing: /Users/yosuke/gits/cxd5602pwbimu_ros2_driver/ros2_ws/install/h6x_packet_handler/share/h6x_packet_handler/environment/path.dsv
[5.067s] -- Installing: /Users/yosuke/gits/cxd5602pwbimu_ros2_driver/ros2_ws/install/h6x_packet_handler/share/h6x_packet_handler/local_setup.bash
[5.067s] -- Installing: /Users/yosuke/gits/cxd5602pwbimu_ros2_driver/ros2_ws/install/h6x_packet_handler/share/h6x_packet_handler/local_setup.sh
[5.067s] -- Installing: /Users/yosuke/gits/cxd5602pwbimu_ros2_driver/ros2_ws/install/h6x_packet_handler/share/h6x_packet_handler/local_setup.zsh
[5.067s] -- Installing: /Users/yosuke/gits/cxd5602pwbimu_ros2_driver/ros2_ws/install/h6x_packet_handler/share/h6x_packet_handler/local_setup.dsv
[5.068s] -- Installing: /Users/yosuke/gits/cxd5602pwbimu_ros2_driver/ros2_ws/install/h6x_packet_handler/share/h6x_packet_handler/package.dsv
[5.068s] -- Installing: /Users/yosuke/gits/cxd5602pwbimu_ros2_driver/ros2_ws/install/h6x_packet_handler/share/ament_index/resource_index/packages/h6x_packet_handler
[5.068s] -- Installing: /Users/yosuke/gits/cxd5602pwbimu_ros2_driver/ros2_ws/install/h6x_packet_handler/share/h6x_packet_handler/cmake/ament_cmake_export_include_directories-extras.cmake
[5.068s] -- Installing: /Users/yosuke/gits/cxd5602pwbimu_ros2_driver/ros2_ws/install/h6x_packet_handler/share/h6x_packet_handler/cmake/ament_cmake_export_libraries-extras.cmake
[5.068s] -- Installing: /Users/yosuke/gits/cxd5602pwbimu_ros2_driver/ros2_ws/install/h6x_packet_handler/share/h6x_packet_handler/cmake/h6x_packet_handlerConfig.cmake
[5.068s] -- Installing: /Users/yosuke/gits/cxd5602pwbimu_ros2_driver/ros2_ws/install/h6x_packet_handler/share/h6x_packet_handler/cmake/h6x_packet_handlerConfig-version.cmake
[5.068s] -- Installing: /Users/yosuke/gits/cxd5602pwbimu_ros2_driver/ros2_ws/install/h6x_packet_handler/share/h6x_packet_handler/package.xml
[5.070s] Invoked command in '/Users/yosuke/gits/cxd5602pwbimu_ros2_driver/ros2_ws/build/h6x_packet_handler' returned '0': CMAKE_PREFIX_PATH=${CMAKE_PREFIX_PATH}:/Users/yosuke/miniforge3/envs/ros_env CONDA_PROMPT_MODIFIER=(ros_env) SHLVL=2 _=/Users/yosuke/miniforge3/envs/ros_env/bin/env /Users/yosuke/miniforge3/envs/ros_env/bin/cmake --install /Users/yosuke/gits/cxd5602pwbimu_ros2_driver/ros2_ws/build/h6x_packet_handler
