[0.027s] Invoking command in '/Users/yosuke/gits/cxd5602pwbimu_ros2_driver/ros2_ws/build/imu_complementary_filter': CMAKE_PREFIX_PATH=${CMAKE_PREFIX_PATH}:/Users/yosuke/gits/cxd5602pwbimu_ros2_driver/ros2_ws/install/cxd5602pwbimu_driver_bringup:/Users/yosuke/miniforge3/envs/ros_env CONDA_PROMPT_MODIFIER=(ros_env) SHLVL=2 _=/Users/yosuke/miniforge3/envs/ros_env/bin/env /Users/yosuke/miniforge3/envs/ros_env/bin/cmake /Users/yosuke/gits/cxd5602pwbimu_ros2_driver/ros2_ws/src/imu_tools/imu_complementary_filter -DCMAKE_INSTALL_PREFIX=/Users/yosuke/gits/cxd5602pwbimu_ros2_driver/ros2_ws/install/imu_complementary_filter
[0.059s] CMake Deprecation Warning at CMakeLists.txt:1 (cmake_minimum_required):
[0.059s]   Compatibility with CMake < 3.10 will be removed from a future version of
[0.059s]   CMake.
[0.059s] 
[0.059s]   Update the VERSION argument <min> value.  Or, use the <min>...<max> syntax
[0.059s]   to tell CMake that the project requires at least <min> but has been updated
[0.059s]   to work with policies introduced by <max> or earlier.
[0.059s] 
[0.060s] 
[0.238s] -- The C compiler identification is Clang 18.1.8
[0.433s] -- The CXX compiler identification is Clang 18.1.8
[0.467s] -- Detecting C compiler ABI info
[0.719s] -- Detecting C compiler ABI info - done
[0.724s] -- Check for working C compiler: /Users/yosuke/miniforge3/envs/ros_env/bin/arm64-apple-darwin20.0.0-clang - skipped
[0.724s] -- Detecting C compile features
[0.725s] -- Detecting C compile features - done
[0.728s] -- Detecting CXX compiler ABI info
[0.993s] -- Detecting CXX compiler ABI info - done
[0.999s] -- Check for working CXX compiler: /Users/yosuke/miniforge3/envs/ros_env/bin/arm64-apple-darwin20.0.0-clang++ - skipped
[0.999s] -- Detecting CXX compile features
[1.000s] -- Detecting CXX compile features - done
[1.032s] -- Found ament_cmake: 1.3.11 (/Users/yosuke/miniforge3/envs/ros_env/share/ament_cmake/cmake)
[1.203s] -- Found Python3: /Users/yosuke/miniforge3/envs/ros_env/bin/python3 (found version "3.11.13") found components: Interpreter
[1.634s] -- Found geometry_msgs: 4.2.4 (/Users/yosuke/miniforge3/envs/ros_env/share/geometry_msgs/cmake)
[1.894s] -- Found rosidl_generator_c: 3.1.6 (/Users/yosuke/miniforge3/envs/ros_env/share/rosidl_generator_c/cmake)
[1.950s] -- Found rosidl_adapter: 3.1.6 (/Users/yosuke/miniforge3/envs/ros_env/share/rosidl_adapter/cmake)
[2.015s] -- Found rosidl_generator_cpp: 3.1.6 (/Users/yosuke/miniforge3/envs/ros_env/share/rosidl_generator_cpp/cmake)
[2.083s] -- Using all available rosidl_typesupport_c: rosidl_typesupport_fastrtps_c;rosidl_typesupport_introspection_c
[2.171s] -- Using all available rosidl_typesupport_cpp: rosidl_typesupport_fastrtps_cpp;rosidl_typesupport_introspection_cpp
[2.342s] -- Found message_filters: 4.3.5 (/Users/yosuke/miniforge3/envs/ros_env/share/message_filters/cmake)
[2.687s] -- Checking for module 'yaml-0.1'
[3.108s] --   Found yaml-0.1, version 0.2.5
[4.156s] -- Found rmw_implementation_cmake: 6.1.2 (/Users/yosuke/miniforge3/envs/ros_env/share/rmw_implementation_cmake/cmake)
[4.177s] -- Found rmw_fastrtps_cpp: 6.2.7 (/Users/yosuke/miniforge3/envs/ros_env/share/rmw_fastrtps_cpp/cmake)
[5.697s] -- Found OpenSSL: /opt/homebrew/opt/openssl@3/lib/libcrypto.dylib (found version "3.5.1")
[5.856s] -- Found FastRTPS: /Users/yosuke/miniforge3/envs/ros_env/include
[6.033s] -- Using RMW implementation 'rmw_fastrtps_cpp' as default
[6.071s] -- Performing Test CMAKE_HAVE_LIBC_PTHREAD
[6.352s] -- Performing Test CMAKE_HAVE_LIBC_PTHREAD - Success
[6.352s] -- Found Threads: TRUE
[6.488s] -- Found sensor_msgs: 4.2.4 (/Users/yosuke/miniforge3/envs/ros_env/share/sensor_msgs/cmake)
[6.551s] -- Found tf2: 0.25.10 (/Users/yosuke/miniforge3/envs/ros_env/share/tf2/cmake)
[6.588s] -- Found tf2_ros: 0.25.10 (/Users/yosuke/miniforge3/envs/ros_env/share/tf2_ros/cmake)
[6.946s] -- Configuring done (6.9s)
[6.997s] -- Generating done (0.1s)
[6.997s] -- Build files have been written to: /Users/yosuke/gits/cxd5602pwbimu_ros2_driver/ros2_ws/build/imu_complementary_filter
[7.004s] Invoked command in '/Users/yosuke/gits/cxd5602pwbimu_ros2_driver/ros2_ws/build/imu_complementary_filter' returned '0': CMAKE_PREFIX_PATH=${CMAKE_PREFIX_PATH}:/Users/yosuke/gits/cxd5602pwbimu_ros2_driver/ros2_ws/install/cxd5602pwbimu_driver_bringup:/Users/yosuke/miniforge3/envs/ros_env CONDA_PROMPT_MODIFIER=(ros_env) SHLVL=2 _=/Users/yosuke/miniforge3/envs/ros_env/bin/env /Users/yosuke/miniforge3/envs/ros_env/bin/cmake /Users/yosuke/gits/cxd5602pwbimu_ros2_driver/ros2_ws/src/imu_tools/imu_complementary_filter -DCMAKE_INSTALL_PREFIX=/Users/yosuke/gits/cxd5602pwbimu_ros2_driver/ros2_ws/install/imu_complementary_filter
[7.008s] Invoking command in '/Users/yosuke/gits/cxd5602pwbimu_ros2_driver/ros2_ws/build/imu_complementary_filter': CMAKE_PREFIX_PATH=${CMAKE_PREFIX_PATH}:/Users/yosuke/gits/cxd5602pwbimu_ros2_driver/ros2_ws/install/cxd5602pwbimu_driver_bringup:/Users/yosuke/miniforge3/envs/ros_env CONDA_PROMPT_MODIFIER=(ros_env) SHLVL=2 _=/Users/yosuke/miniforge3/envs/ros_env/bin/env /Users/yosuke/miniforge3/envs/ros_env/bin/cmake --build /Users/yosuke/gits/cxd5602pwbimu_ros2_driver/ros2_ws/build/imu_complementary_filter -- -j10 -l10
[7.158s] [ 20%] Building CXX object CMakeFiles/complementary_filter.dir/src/complementary_filter_ros.cpp.o
[7.160s] [ 40%] Building CXX object CMakeFiles/complementary_filter.dir/src/complementary_filter.cpp.o
[18.042s] [ 60%] Linking CXX shared library libcomplementary_filter.dylib
[18.191s] [ 60%] Built target complementary_filter
[18.311s] [ 80%] Building CXX object CMakeFiles/complementary_filter_node.dir/src/complementary_filter_node.cpp.o
[20.290s] [100%] Linking CXX executable complementary_filter_node
[20.385s] [100%] Built target complementary_filter_node
[20.407s] Invoked command in '/Users/yosuke/gits/cxd5602pwbimu_ros2_driver/ros2_ws/build/imu_complementary_filter' returned '0': CMAKE_PREFIX_PATH=${CMAKE_PREFIX_PATH}:/Users/yosuke/gits/cxd5602pwbimu_ros2_driver/ros2_ws/install/cxd5602pwbimu_driver_bringup:/Users/yosuke/miniforge3/envs/ros_env CONDA_PROMPT_MODIFIER=(ros_env) SHLVL=2 _=/Users/yosuke/miniforge3/envs/ros_env/bin/env /Users/yosuke/miniforge3/envs/ros_env/bin/cmake --build /Users/yosuke/gits/cxd5602pwbimu_ros2_driver/ros2_ws/build/imu_complementary_filter -- -j10 -l10
[20.719s] Invoking command in '/Users/yosuke/gits/cxd5602pwbimu_ros2_driver/ros2_ws/build/imu_complementary_filter': CMAKE_PREFIX_PATH=${CMAKE_PREFIX_PATH}:/Users/yosuke/gits/cxd5602pwbimu_ros2_driver/ros2_ws/install/cxd5602pwbimu_driver_bringup:/Users/yosuke/miniforge3/envs/ros_env CONDA_PROMPT_MODIFIER=(ros_env) SHLVL=2 _=/Users/yosuke/miniforge3/envs/ros_env/bin/env /Users/yosuke/miniforge3/envs/ros_env/bin/cmake --install /Users/yosuke/gits/cxd5602pwbimu_ros2_driver/ros2_ws/build/imu_complementary_filter
[20.737s] -- Install configuration: ""
[20.737s] -- Installing: /Users/yosuke/gits/cxd5602pwbimu_ros2_driver/ros2_ws/install/imu_complementary_filter/lib/libcomplementary_filter.dylib
[20.737s] -- Installing: /Users/yosuke/gits/cxd5602pwbimu_ros2_driver/ros2_ws/install/imu_complementary_filter/lib/imu_complementary_filter/complementary_filter_node
[20.747s] /Users/yosuke/miniforge3/envs/ros_env/bin/install_name_tool: warning: changes being made to the file will invalidate the code signature in: /Users/yosuke/gits/cxd5602pwbimu_ros2_driver/ros2_ws/install/imu_complementary_filter/lib/imu_complementary_filter/complementary_filter_node
[20.748s] [cctools-port]: generating fake signature for '/Users/yosuke/gits/cxd5602pwbimu_ros2_driver/ros2_ws/install/imu_complementary_filter/lib/imu_complementary_filter/complementary_filter_node'
[20.777s] -- Installing: /Users/yosuke/gits/cxd5602pwbimu_ros2_driver/ros2_ws/install/imu_complementary_filter/include
[20.777s] -- Installing: /Users/yosuke/gits/cxd5602pwbimu_ros2_driver/ros2_ws/install/imu_complementary_filter/include/imu_complementary_filter
[20.777s] -- Installing: /Users/yosuke/gits/cxd5602pwbimu_ros2_driver/ros2_ws/install/imu_complementary_filter/include/imu_complementary_filter/complementary_filter_ros.h
[20.778s] -- Installing: /Users/yosuke/gits/cxd5602pwbimu_ros2_driver/ros2_ws/install/imu_complementary_filter/include/imu_complementary_filter/complementary_filter.h
[20.778s] -- Installing: /Users/yosuke/gits/cxd5602pwbimu_ros2_driver/ros2_ws/install/imu_complementary_filter/share/imu_complementary_filter/launch
[20.778s] -- Installing: /Users/yosuke/gits/cxd5602pwbimu_ros2_driver/ros2_ws/install/imu_complementary_filter/share/imu_complementary_filter/launch/complementary_filter.launch.py
[20.778s] -- Installing: /Users/yosuke/gits/cxd5602pwbimu_ros2_driver/ros2_ws/install/imu_complementary_filter/share/imu_complementary_filter/config
[20.778s] -- Installing: /Users/yosuke/gits/cxd5602pwbimu_ros2_driver/ros2_ws/install/imu_complementary_filter/share/imu_complementary_filter/config/filter_config.yaml
[20.778s] -- Installing: /Users/yosuke/gits/cxd5602pwbimu_ros2_driver/ros2_ws/install/imu_complementary_filter/share/ament_index/resource_index/package_run_dependencies/imu_complementary_filter
[20.778s] -- Installing: /Users/yosuke/gits/cxd5602pwbimu_ros2_driver/ros2_ws/install/imu_complementary_filter/share/ament_index/resource_index/parent_prefix_path/imu_complementary_filter
[20.779s] -- Installing: /Users/yosuke/gits/cxd5602pwbimu_ros2_driver/ros2_ws/install/imu_complementary_filter/share/imu_complementary_filter/environment/ament_prefix_path.sh
[20.779s] -- Installing: /Users/yosuke/gits/cxd5602pwbimu_ros2_driver/ros2_ws/install/imu_complementary_filter/share/imu_complementary_filter/environment/ament_prefix_path.dsv
[20.779s] -- Installing: /Users/yosuke/gits/cxd5602pwbimu_ros2_driver/ros2_ws/install/imu_complementary_filter/share/imu_complementary_filter/environment/path.sh
[20.779s] -- Installing: /Users/yosuke/gits/cxd5602pwbimu_ros2_driver/ros2_ws/install/imu_complementary_filter/share/imu_complementary_filter/environment/path.dsv
[20.779s] -- Installing: /Users/yosuke/gits/cxd5602pwbimu_ros2_driver/ros2_ws/install/imu_complementary_filter/share/imu_complementary_filter/local_setup.bash
[20.779s] -- Installing: /Users/yosuke/gits/cxd5602pwbimu_ros2_driver/ros2_ws/install/imu_complementary_filter/share/imu_complementary_filter/local_setup.sh
[20.780s] -- Installing: /Users/yosuke/gits/cxd5602pwbimu_ros2_driver/ros2_ws/install/imu_complementary_filter/share/imu_complementary_filter/local_setup.zsh
[20.780s] -- Installing: /Users/yosuke/gits/cxd5602pwbimu_ros2_driver/ros2_ws/install/imu_complementary_filter/share/imu_complementary_filter/local_setup.dsv
[20.780s] -- Installing: /Users/yosuke/gits/cxd5602pwbimu_ros2_driver/ros2_ws/install/imu_complementary_filter/share/imu_complementary_filter/package.dsv
[20.780s] -- Installing: /Users/yosuke/gits/cxd5602pwbimu_ros2_driver/ros2_ws/install/imu_complementary_filter/share/ament_index/resource_index/packages/imu_complementary_filter
[20.780s] -- Installing: /Users/yosuke/gits/cxd5602pwbimu_ros2_driver/ros2_ws/install/imu_complementary_filter/share/imu_complementary_filter/cmake/export_imu_complementary_filterExport.cmake
[20.780s] -- Installing: /Users/yosuke/gits/cxd5602pwbimu_ros2_driver/ros2_ws/install/imu_complementary_filter/share/imu_complementary_filter/cmake/export_imu_complementary_filterExport-noconfig.cmake
[20.781s] -- Installing: /Users/yosuke/gits/cxd5602pwbimu_ros2_driver/ros2_ws/install/imu_complementary_filter/share/imu_complementary_filter/cmake/ament_cmake_export_include_directories-extras.cmake
[20.781s] -- Installing: /Users/yosuke/gits/cxd5602pwbimu_ros2_driver/ros2_ws/install/imu_complementary_filter/share/imu_complementary_filter/cmake/ament_cmake_export_libraries-extras.cmake
[20.781s] -- Installing: /Users/yosuke/gits/cxd5602pwbimu_ros2_driver/ros2_ws/install/imu_complementary_filter/share/imu_complementary_filter/cmake/ament_cmake_export_targets-extras.cmake
[20.781s] -- Installing: /Users/yosuke/gits/cxd5602pwbimu_ros2_driver/ros2_ws/install/imu_complementary_filter/share/imu_complementary_filter/cmake/imu_complementary_filterConfig.cmake
[20.781s] -- Installing: /Users/yosuke/gits/cxd5602pwbimu_ros2_driver/ros2_ws/install/imu_complementary_filter/share/imu_complementary_filter/cmake/imu_complementary_filterConfig-version.cmake
[20.781s] -- Installing: /Users/yosuke/gits/cxd5602pwbimu_ros2_driver/ros2_ws/install/imu_complementary_filter/share/imu_complementary_filter/package.xml
[20.783s] Invoked command in '/Users/yosuke/gits/cxd5602pwbimu_ros2_driver/ros2_ws/build/imu_complementary_filter' returned '0': CMAKE_PREFIX_PATH=${CMAKE_PREFIX_PATH}:/Users/yosuke/gits/cxd5602pwbimu_ros2_driver/ros2_ws/install/cxd5602pwbimu_driver_bringup:/Users/yosuke/miniforge3/envs/ros_env CONDA_PROMPT_MODIFIER=(ros_env) SHLVL=2 _=/Users/yosuke/miniforge3/envs/ros_env/bin/env /Users/yosuke/miniforge3/envs/ros_env/bin/cmake --install /Users/yosuke/gits/cxd5602pwbimu_ros2_driver/ros2_ws/build/imu_complementary_filter
