[ 16%] Built target simple_read_until_node_exec
[ 33%] Built target h6x_serial_interface_example_simple_read_node
[ 50%] Built target simple_write_node_exec
[ 66%] Built target simple_read_node_exec
[ 83%] Built target h6x_serial_interface_example_simple_read_until_node
[100%] Built target h6x_serial_interface_example_simple_write_node
-- Install configuration: ""
-- Up-to-date: /Users/yosuke/gits/cxd5602pwbimu_ros2_driver/ros2_ws/install/h6x_serial_interface_example/lib/h6x_serial_interface_example/simple_read_node_exec
-- Up-to-date: /Users/yosuke/gits/cxd5602pwbimu_ros2_driver/ros2_ws/install/h6x_serial_interface_example/lib/h6x_serial_interface_example/simple_read_until_node_exec
-- Up-to-date: /Users/yosuke/gits/cxd5602pwbimu_ros2_driver/ros2_ws/install/h6x_serial_interface_example/lib/h6x_serial_interface_example/simple_write_node_exec
-- Up-to-date: /Users/yosuke/gits/cxd5602pwbimu_ros2_driver/ros2_ws/install/h6x_serial_interface_example/include
-- Up-to-date: /Users/yosuke/gits/cxd5602pwbimu_ros2_driver/ros2_ws/install/h6x_serial_interface_example/include/h6x_serial_interface_example
-- Up-to-date: /Users/yosuke/gits/cxd5602pwbimu_ros2_driver/ros2_ws/install/h6x_serial_interface_example/include/h6x_serial_interface_example/simple_read_node.hpp
-- Up-to-date: /Users/yosuke/gits/cxd5602pwbimu_ros2_driver/ros2_ws/install/h6x_serial_interface_example/include/h6x_serial_interface_example/simple_read_until_node.hpp
-- Up-to-date: /Users/yosuke/gits/cxd5602pwbimu_ros2_driver/ros2_ws/install/h6x_serial_interface_example/include/h6x_serial_interface_example/simple_write_node.hpp
-- Installing: /Users/yosuke/gits/cxd5602pwbimu_ros2_driver/ros2_ws/install/h6x_serial_interface_example/lib/libh6x_serial_interface_example_simple_read_node.dylib
/Users/yosuke/miniforge3/envs/ros_env/bin/install_name_tool: warning: changes being made to the file will invalidate the code signature in: /Users/yosuke/gits/cxd5602pwbimu_ros2_driver/ros2_ws/install/h6x_serial_interface_example/lib/libh6x_serial_interface_example_simple_read_node.dylib
[cctools-port]: generating fake signature for '/Users/yosuke/gits/cxd5602pwbimu_ros2_driver/ros2_ws/install/h6x_serial_interface_example/lib/libh6x_serial_interface_example_simple_read_node.dylib'
-- Installing: /Users/yosuke/gits/cxd5602pwbimu_ros2_driver/ros2_ws/install/h6x_serial_interface_example/lib/libh6x_serial_interface_example_simple_read_until_node.dylib
/Users/yosuke/miniforge3/envs/ros_env/bin/install_name_tool: warning: changes being made to the file will invalidate the code signature in: /Users/yosuke/gits/cxd5602pwbimu_ros2_driver/ros2_ws/install/h6x_serial_interface_example/lib/libh6x_serial_interface_example_simple_read_until_node.dylib
[cctools-port]: generating fake signature for '/Users/yosuke/gits/cxd5602pwbimu_ros2_driver/ros2_ws/install/h6x_serial_interface_example/lib/libh6x_serial_interface_example_simple_read_until_node.dylib'
-- Up-to-date: /Users/yosuke/gits/cxd5602pwbimu_ros2_driver/ros2_ws/install/h6x_serial_interface_example/lib/libh6x_serial_interface_example_simple_write_node.dylib
error: /Users/yosuke/miniforge3/envs/ros_env/bin/install_name_tool: no LC_RPATH load command with path: /Users/yosuke/gits/cxd5602pwbimu_ros2_driver/ros2_ws/build/h6x_serial_interface_example found in: /Users/yosuke/gits/cxd5602pwbimu_ros2_driver/ros2_ws/install/h6x_serial_interface_example/lib/libh6x_serial_interface_example_simple_write_node.dylib (for architecture arm64), required for specified option "-delete_rpath /Users/yosuke/gits/cxd5602pwbimu_ros2_driver/ros2_ws/build/h6x_serial_interface_example"
error: /Users/yosuke/miniforge3/envs/ros_env/bin/install_name_tool: no LC_RPATH load command with path: /usr/local/lib found in: /Users/yosuke/gits/cxd5602pwbimu_ros2_driver/ros2_ws/install/h6x_serial_interface_example/lib/libh6x_serial_interface_example_simple_write_node.dylib (for architecture arm64), required for specified option "-delete_rpath /usr/local/lib"
error: /Users/yosuke/miniforge3/envs/ros_env/bin/install_name_tool: no LC_RPATH load command with path: /Users/yosuke/gits/cxd5602pwbimu_ros2_driver/ros2_ws/install/h6x_serial_interface/lib found in: /Users/yosuke/gits/cxd5602pwbimu_ros2_driver/ros2_ws/install/h6x_serial_interface_example/lib/libh6x_serial_interface_example_simple_write_node.dylib (for architecture arm64), required for specified option "-delete_rpath /Users/yosuke/gits/cxd5602pwbimu_ros2_driver/ros2_ws/install/h6x_serial_interface/lib"
-- Up-to-date: /Users/yosuke/gits/cxd5602pwbimu_ros2_driver/ros2_ws/install/h6x_serial_interface_example/share/ament_index/resource_index/package_run_dependencies/h6x_serial_interface_example
-- Up-to-date: /Users/yosuke/gits/cxd5602pwbimu_ros2_driver/ros2_ws/install/h6x_serial_interface_example/share/ament_index/resource_index/parent_prefix_path/h6x_serial_interface_example
-- Up-to-date: /Users/yosuke/gits/cxd5602pwbimu_ros2_driver/ros2_ws/install/h6x_serial_interface_example/share/h6x_serial_interface_example/environment/ament_prefix_path.sh
-- Up-to-date: /Users/yosuke/gits/cxd5602pwbimu_ros2_driver/ros2_ws/install/h6x_serial_interface_example/share/h6x_serial_interface_example/environment/ament_prefix_path.dsv
-- Up-to-date: /Users/yosuke/gits/cxd5602pwbimu_ros2_driver/ros2_ws/install/h6x_serial_interface_example/share/h6x_serial_interface_example/environment/path.sh
-- Up-to-date: /Users/yosuke/gits/cxd5602pwbimu_ros2_driver/ros2_ws/install/h6x_serial_interface_example/share/h6x_serial_interface_example/environment/path.dsv
-- Up-to-date: /Users/yosuke/gits/cxd5602pwbimu_ros2_driver/ros2_ws/install/h6x_serial_interface_example/share/h6x_serial_interface_example/local_setup.bash
-- Up-to-date: /Users/yosuke/gits/cxd5602pwbimu_ros2_driver/ros2_ws/install/h6x_serial_interface_example/share/h6x_serial_interface_example/local_setup.sh
-- Up-to-date: /Users/yosuke/gits/cxd5602pwbimu_ros2_driver/ros2_ws/install/h6x_serial_interface_example/share/h6x_serial_interface_example/local_setup.zsh
-- Up-to-date: /Users/yosuke/gits/cxd5602pwbimu_ros2_driver/ros2_ws/install/h6x_serial_interface_example/share/h6x_serial_interface_example/local_setup.dsv
-- Installing: /Users/yosuke/gits/cxd5602pwbimu_ros2_driver/ros2_ws/install/h6x_serial_interface_example/share/h6x_serial_interface_example/package.dsv
-- Up-to-date: /Users/yosuke/gits/cxd5602pwbimu_ros2_driver/ros2_ws/install/h6x_serial_interface_example/share/ament_index/resource_index/packages/h6x_serial_interface_example
-- Up-to-date: /Users/yosuke/gits/cxd5602pwbimu_ros2_driver/ros2_ws/install/h6x_serial_interface_example/share/ament_index/resource_index/rclcpp_components/h6x_serial_interface_example
-- Up-to-date: /Users/yosuke/gits/cxd5602pwbimu_ros2_driver/ros2_ws/install/h6x_serial_interface_example/share/h6x_serial_interface_example/cmake/ament_cmake_export_dependencies-extras.cmake
-- Up-to-date: /Users/yosuke/gits/cxd5602pwbimu_ros2_driver/ros2_ws/install/h6x_serial_interface_example/share/h6x_serial_interface_example/cmake/ament_cmake_export_include_directories-extras.cmake
-- Up-to-date: /Users/yosuke/gits/cxd5602pwbimu_ros2_driver/ros2_ws/install/h6x_serial_interface_example/share/h6x_serial_interface_example/cmake/ament_cmake_export_libraries-extras.cmake
-- Up-to-date: /Users/yosuke/gits/cxd5602pwbimu_ros2_driver/ros2_ws/install/h6x_serial_interface_example/share/h6x_serial_interface_example/cmake/h6x_serial_interface_exampleConfig.cmake
-- Up-to-date: /Users/yosuke/gits/cxd5602pwbimu_ros2_driver/ros2_ws/install/h6x_serial_interface_example/share/h6x_serial_interface_example/cmake/h6x_serial_interface_exampleConfig-version.cmake
-- Up-to-date: /Users/yosuke/gits/cxd5602pwbimu_ros2_driver/ros2_ws/install/h6x_serial_interface_example/share/h6x_serial_interface_example/package.xml
