[0.027s] Invoking command in '/Users/yosuke/gits/cxd5602pwbimu_ros2_driver/ros2_ws/build/imu_trajectory_filter': CMAKE_PREFIX_PATH=${CMAKE_PREFIX_PATH}:/Users/yosuke/miniforge3/envs/ros_env CONDA_PROMPT_MODIFIER=(ros_env) SHLVL=2 _=/Users/yosuke/miniforge3/envs/ros_env/bin/env /Users/yosuke/miniforge3/envs/ros_env/bin/cmake /Users/yosuke/gits/cxd5602pwbimu_ros2_driver/ros2_ws/src/imu_trajectory_filter -DCMAKE_PREFIX_PATH=/usr/local -DCMAKE_CXX_FLAGS=-I/usr/local/include -DCMAKE_EXE_LINKER_FLAGS=-L/usr/local/lib -DCMAKE_INSTALL_PREFIX=/Users/yosuke/gits/cxd5602pwbimu_ros2_driver/ros2_ws/install/imu_trajectory_filter
[0.047s] CMake Deprecation Warning at CMakeLists.txt:1 (cmake_minimum_required):
[0.047s]   Compatibility with CMake < 3.10 will be removed from a future version of
[0.047s]   CMake.
[0.047s] 
[0.047s]   Update the VERSION argument <min> value.  Or, use the <min>...<max> syntax
[0.047s]   to tell CMake that the project requires at least <min> but has been updated
[0.047s]   to work with policies introduced by <max> or earlier.
[0.047s] 
[0.048s] 
[0.195s] -- The C compiler identification is Clang 18.1.8
[0.388s] -- The CXX compiler identification is Clang 18.1.8
[0.419s] -- Detecting C compiler ABI info
[0.646s] -- Detecting C compiler ABI info - done
[0.652s] -- Check for working C compiler: /Users/yosuke/miniforge3/envs/ros_env/bin/arm64-apple-darwin20.0.0-clang - skipped
[0.652s] -- Detecting C compile features
[0.653s] -- Detecting C compile features - done
[0.656s] -- Detecting CXX compiler ABI info
[0.898s] -- Detecting CXX compiler ABI info - done
[0.910s] -- Check for working CXX compiler: /Users/yosuke/miniforge3/envs/ros_env/bin/arm64-apple-darwin20.0.0-clang++ - skipped
[0.910s] -- Detecting CXX compile features
[0.911s] -- Detecting CXX compile features - done
[0.940s] -- Found ament_cmake: 1.3.11 (/Users/yosuke/miniforge3/envs/ros_env/share/ament_cmake/cmake)
[1.120s] -- Found Python3: /Users/yosuke/miniforge3/envs/ros_env/bin/python3 (found version "3.11.13") found components: Interpreter
[1.579s] -- Found rclcpp: 16.0.11 (/Users/yosuke/miniforge3/envs/ros_env/share/rclcpp/cmake)
[1.895s] -- Found rosidl_generator_c: 3.1.6 (/Users/yosuke/miniforge3/envs/ros_env/share/rosidl_generator_c/cmake)
[1.940s] -- Found rosidl_adapter: 3.1.6 (/Users/yosuke/miniforge3/envs/ros_env/share/rosidl_adapter/cmake)
[1.994s] -- Found rosidl_generator_cpp: 3.1.6 (/Users/yosuke/miniforge3/envs/ros_env/share/rosidl_generator_cpp/cmake)
[2.061s] -- Using all available rosidl_typesupport_c: rosidl_typesupport_fastrtps_c;rosidl_typesupport_introspection_c
[2.148s] -- Using all available rosidl_typesupport_cpp: rosidl_typesupport_fastrtps_cpp;rosidl_typesupport_introspection_cpp
[2.489s] -- Checking for module 'yaml-0.1'
[2.853s] --   Found yaml-0.1, version 0.2.5
[3.695s] -- Found rmw_implementation_cmake: 6.1.2 (/Users/yosuke/miniforge3/envs/ros_env/share/rmw_implementation_cmake/cmake)
[3.709s] -- Found rmw_fastrtps_cpp: 6.2.7 (/Users/yosuke/miniforge3/envs/ros_env/share/rmw_fastrtps_cpp/cmake)
[4.994s] -- Found OpenSSL: /opt/homebrew/opt/openssl@3/lib/libcrypto.dylib (found version "3.5.1")
[5.137s] -- Found FastRTPS: /Users/yosuke/miniforge3/envs/ros_env/include
[5.250s] -- Using RMW implementation 'rmw_fastrtps_cpp' as default
[5.280s] -- Performing Test CMAKE_HAVE_LIBC_PTHREAD
[5.526s] -- Performing Test CMAKE_HAVE_LIBC_PTHREAD - Success
[5.527s] -- Found Threads: TRUE
[5.632s] -- Found std_msgs: 4.2.4 (/Users/yosuke/miniforge3/envs/ros_env/share/std_msgs/cmake)
[5.668s] -- Found sensor_msgs: 4.2.4 (/Users/yosuke/miniforge3/envs/ros_env/share/sensor_msgs/cmake)
[5.755s] -- Found nav_msgs: 4.2.4 (/Users/yosuke/miniforge3/envs/ros_env/share/nav_msgs/cmake)
[5.793s] -- Found tf2: 0.25.10 (/Users/yosuke/miniforge3/envs/ros_env/share/tf2/cmake)
[5.830s] -- Found tf2_ros: 0.25.10 (/Users/yosuke/miniforge3/envs/ros_env/share/tf2_ros/cmake)
[6.105s] -- Found tf2_geometry_msgs: 0.25.10 (/Users/yosuke/miniforge3/envs/ros_env/share/tf2_geometry_msgs/cmake)
[6.164s] -- Found eigen3_cmake_module: 0.1.1 (/Users/yosuke/miniforge3/envs/ros_env/share/eigen3_cmake_module/cmake)
[6.167s] -- Found Eigen3: TRUE (found version "3.4.0")
[6.167s] -- Ensuring Eigen3 include directory is part of orocos-kdl CMake target
[6.184s] -- Found ament_lint_auto: 0.12.11 (/Users/yosuke/miniforge3/envs/ros_env/share/ament_lint_auto/cmake)
[6.339s] -- Added test 'cppcheck' to perform static code analysis on C / C++ code
[6.339s] -- Configured cppcheck include dirs: /Users/yosuke/gits/cxd5602pwbimu_ros2_driver/ros2_ws/src/imu_trajectory_filter/include
[6.339s] -- Configured cppcheck exclude dirs and/or files: 
[6.340s] -- Added test 'flake8' to check Python code syntax and style conventions
[6.342s] -- Added test 'lint_cmake' to check CMake code style
[6.343s] -- Added test 'pep257' to check Python code against some of the docstring style conventions in PEP 257
[6.347s] -- Added test 'uncrustify' to check C / C++ code style
[6.347s] -- Configured uncrustify additional arguments: 
[6.348s] -- Added test 'xmllint' to check XML markup files
[6.352s] -- Configuring done (6.3s)
[6.397s] -- Generating done (0.0s)
[6.398s] -- Build files have been written to: /Users/yosuke/gits/cxd5602pwbimu_ros2_driver/ros2_ws/build/imu_trajectory_filter
[6.406s] Invoked command in '/Users/yosuke/gits/cxd5602pwbimu_ros2_driver/ros2_ws/build/imu_trajectory_filter' returned '0': CMAKE_PREFIX_PATH=${CMAKE_PREFIX_PATH}:/Users/yosuke/miniforge3/envs/ros_env CONDA_PROMPT_MODIFIER=(ros_env) SHLVL=2 _=/Users/yosuke/miniforge3/envs/ros_env/bin/env /Users/yosuke/miniforge3/envs/ros_env/bin/cmake /Users/yosuke/gits/cxd5602pwbimu_ros2_driver/ros2_ws/src/imu_trajectory_filter -DCMAKE_PREFIX_PATH=/usr/local -DCMAKE_CXX_FLAGS=-I/usr/local/include -DCMAKE_EXE_LINKER_FLAGS=-L/usr/local/lib -DCMAKE_INSTALL_PREFIX=/Users/yosuke/gits/cxd5602pwbimu_ros2_driver/ros2_ws/install/imu_trajectory_filter
[6.409s] Invoking command in '/Users/yosuke/gits/cxd5602pwbimu_ros2_driver/ros2_ws/build/imu_trajectory_filter': CMAKE_PREFIX_PATH=${CMAKE_PREFIX_PATH}:/Users/yosuke/miniforge3/envs/ros_env CONDA_PROMPT_MODIFIER=(ros_env) SHLVL=2 _=/Users/yosuke/miniforge3/envs/ros_env/bin/env /Users/yosuke/miniforge3/envs/ros_env/bin/cmake --build /Users/yosuke/gits/cxd5602pwbimu_ros2_driver/ros2_ws/build/imu_trajectory_filter -- -j10 -l10
[6.593s] [ 25%] Building CXX object CMakeFiles/imu_trajectory_filter.dir/src/imu_trajectory_filter.cpp.o
[8.681s] In file included from /Users/yosuke/gits/cxd5602pwbimu_ros2_driver/ros2_ws/src/imu_trajectory_filter/src/imu_trajectory_filter.cpp:1:
[8.681s] In file included from /Users/yosuke/gits/cxd5602pwbimu_ros2_driver/ros2_ws/src/imu_trajectory_filter/include/imu_trajectory_filter/imu_trajectory_filter.hpp:4:
[8.682s] In file included from /Users/yosuke/miniforge3/envs/ros_env/include/rclcpp/rclcpp/rclcpp.hpp:155:
[8.682s] In file included from /Users/yosuke/miniforge3/envs/ros_env/include/rclcpp/rclcpp/executors.hpp:21:
[8.682s] In file included from /Users/yosuke/miniforge3/envs/ros_env/include/rclcpp/rclcpp/executors/multi_threaded_executor.hpp:25:
[8.682s] In file included from /Users/yosuke/miniforge3/envs/ros_env/include/rclcpp/rclcpp/executor.hpp:37:
[8.682s] In file included from /Users/yosuke/miniforge3/envs/ros_env/include/rclcpp/rclcpp/executor_options.hpp:20:
[8.682s] In file included from /Users/yosuke/miniforge3/envs/ros_env/include/rclcpp/rclcpp/memory_strategies.hpp:18:
[8.682s] In file included from /Users/yosuke/miniforge3/envs/ros_env/include/rclcpp/rclcpp/memory_strategy.hpp:25:
[8.682s] In file included from /Users/yosuke/miniforge3/envs/ros_env/include/rclcpp/rclcpp/any_executable.hpp:20:
[8.682s] In file included from /Users/yosuke/miniforge3/envs/ros_env/include/rclcpp/rclcpp/callback_group.hpp:29:
[8.682s] In file included from /Users/yosuke/miniforge3/envs/ros_env/include/rclcpp/rclcpp/subscription_base.hpp:32:
[8.682s] /Users/yosuke/miniforge3/envs/ros_env/include/rclcpp/rclcpp/any_subscription_callback.hpp:391:7: warning: 'set_deprecated<sensor_msgs::msg::Imu_<std::allocator<void>>>' is deprecated: use 'void(std::shared_ptr<const MessageT>)' instead [-Wdeprecated-declarations]
[8.682s]   391 |       set_deprecated(static_cast<typename scbth::callback_type>(callback));
[8.682s]       |       ^
[8.682s] /Users/yosuke/miniforge3/envs/ros_env/include/rclcpp/rclcpp/subscription_factory.hpp:94:29: note: in instantiation of function template specialization 'rclcpp::AnySubscriptionCallback<sensor_msgs::msg::Imu_<std::allocator<void>>>::set<std::__bind<void (ImuTrajectoryFilter::*)(std::shared_ptr<sensor_msgs::msg::Imu_<std::allocator<void>>>), ImuTrajectoryFilter *, const std::placeholders::__ph<1> &>>' requested here
[8.682s]    94 |   any_subscription_callback.set(std::forward<CallbackT>(callback));
[8.682s]       |                             ^
[8.682s] /Users/yosuke/miniforge3/envs/ros_env/include/rclcpp/rclcpp/create_subscription.hpp:122:26: note: in instantiation of function template specialization 'rclcpp::create_subscription_factory<sensor_msgs::msg::Imu_<std::allocator<void>>, std::__bind<void (ImuTrajectoryFilter::*)(std::shared_ptr<sensor_msgs::msg::Imu_<std::allocator<void>>>), ImuTrajectoryFilter *, const std::placeholders::__ph<1> &>, std::allocator<void>, rclcpp::Subscription<sensor_msgs::msg::Imu_<std::allocator<void>>>, rclcpp::message_memory_strategy::MessageMemoryStrategy<sensor_msgs::msg::Imu_<std::allocator<void>>>, sensor_msgs::msg::Imu_<std::allocator<void>>>' requested here
[8.682s]   122 |   auto factory = rclcpp::create_subscription_factory<MessageT>(
[8.683s]       |                          ^
[8.683s] /Users/yosuke/miniforge3/envs/ros_env/include/rclcpp/rclcpp/create_subscription.hpp:190:26: note: in instantiation of function template specialization 'rclcpp::detail::create_subscription<sensor_msgs::msg::Imu_<std::allocator<void>>, std::__bind<void (ImuTrajectoryFilter::*)(std::shared_ptr<sensor_msgs::msg::Imu_<std::allocator<void>>>), ImuTrajectoryFilter *, const std::placeholders::__ph<1> &>, std::allocator<void>, rclcpp::Subscription<sensor_msgs::msg::Imu_<std::allocator<void>>>, rclcpp::message_memory_strategy::MessageMemoryStrategy<sensor_msgs::msg::Imu_<std::allocator<void>>>, rclcpp::Node, rclcpp::Node, sensor_msgs::msg::Imu_<std::allocator<void>>>' requested here
[8.683s]   190 |   return rclcpp::detail::create_subscription<
[8.683s]       |                          ^
[8.683s] /Users/yosuke/miniforge3/envs/ros_env/include/rclcpp/rclcpp/node_impl.hpp:99:18: note: in instantiation of function template specialization 'rclcpp::create_subscription<sensor_msgs::msg::Imu_<std::allocator<void>>, std::__bind<void (ImuTrajectoryFilter::*)(std::shared_ptr<sensor_msgs::msg::Imu_<std::allocator<void>>>), ImuTrajectoryFilter *, const std::placeholders::__ph<1> &>, std::allocator<void>, rclcpp::Subscription<sensor_msgs::msg::Imu_<std::allocator<void>>>, rclcpp::message_memory_strategy::MessageMemoryStrategy<sensor_msgs::msg::Imu_<std::allocator<void>>>, rclcpp::Node>' requested here
[8.683s]    99 |   return rclcpp::create_subscription<MessageT>(
[8.683s]       |                  ^
[8.683s] /Users/yosuke/gits/cxd5602pwbimu_ros2_driver/ros2_ws/src/imu_trajectory_filter/src/imu_trajectory_filter.cpp:17:20: note: in instantiation of function template specialization 'rclcpp::Node::create_subscription<sensor_msgs::msg::Imu_<std::allocator<void>>, std::__bind<void (ImuTrajectoryFilter::*)(std::shared_ptr<sensor_msgs::msg::Imu_<std::allocator<void>>>), ImuTrajectoryFilter *, const std::placeholders::__ph<1> &>, std::allocator<void>, rclcpp::Subscription<sensor_msgs::msg::Imu_<std::allocator<void>>>, rclcpp::message_memory_strategy::MessageMemoryStrategy<sensor_msgs::msg::Imu_<std::allocator<void>>>>' requested here
[8.683s]    17 |   imu_sub_ = this->create_subscription<sensor_msgs::msg::Imu>(
[8.683s]       |                    ^
[8.683s] /Users/yosuke/miniforge3/envs/ros_env/include/rclcpp/rclcpp/any_subscription_callback.hpp:405:5: note: 'set_deprecated<sensor_msgs::msg::Imu_<std::allocator<void>>>' has been explicitly marked deprecated here
[8.683s]   405 |   [[deprecated("use 'void(std::shared_ptr<const MessageT>)' instead")]]
[8.683s]       |     ^
[9.837s] 1 warning generated.
[9.863s] [ 50%] Linking CXX shared library libimu_trajectory_filter.dylib
[9.898s] ld: warning: duplicate -rpath '/Users/yosuke/miniforge3/envs/ros_env/lib' ignored
[9.972s] [ 50%] Built target imu_trajectory_filter
[10.013s] [ 75%] Building CXX object CMakeFiles/imu_trajectory_filter_node.dir/src/imu_trajectory_filter_node.cpp.o
[11.299s] [100%] Linking CXX executable imu_trajectory_filter_node
[11.368s] [100%] Built target imu_trajectory_filter_node
