CMake Deprecation Warning at CMakeLists.txt:1 (cmake_minimum_required):
  Compatibility with CMake < 3.10 will be removed from a future version of
  CMake.

  Update the VERSION argument <min> value.  Or, use the <min>...<max> syntax
  to tell CMake that the project requires at least <min> but has been updated
  to work with policies introduced by <max> or earlier.


-- The C compiler identification is Clang 18.1.8
-- The CXX compiler identification is Clang 18.1.8
-- Detecting C compiler ABI info
-- Detecting C compiler ABI info - done
-- Check for working C compiler: /Users/yosuke/miniforge3/envs/ros_env/bin/arm64-apple-darwin20.0.0-clang - skipped
-- Detecting C compile features
-- Detecting C compile features - done
-- Detecting CXX compiler ABI info
-- Detecting CXX compiler ABI info - done
-- Check for working CXX compiler: /Users/yosuke/miniforge3/envs/ros_env/bin/arm64-apple-darwin20.0.0-clang++ - skipped
-- Detecting CXX compile features
-- Detecting CXX compile features - done
-- Found ament_cmake: 1.3.11 (/Users/yosuke/miniforge3/envs/ros_env/share/ament_cmake/cmake)
-- Found Python3: /Users/yosuke/miniforge3/envs/ros_env/bin/python3 (found version "3.11.13") found components: Interpreter
-- Found rclcpp: 16.0.11 (/Users/yosuke/miniforge3/envs/ros_env/share/rclcpp/cmake)
-- Found rosidl_generator_c: 3.1.6 (/Users/yosuke/miniforge3/envs/ros_env/share/rosidl_generator_c/cmake)
-- Found rosidl_adapter: 3.1.6 (/Users/yosuke/miniforge3/envs/ros_env/share/rosidl_adapter/cmake)
-- Found rosidl_generator_cpp: 3.1.6 (/Users/yosuke/miniforge3/envs/ros_env/share/rosidl_generator_cpp/cmake)
-- Using all available rosidl_typesupport_c: rosidl_typesupport_fastrtps_c;rosidl_typesupport_introspection_c
-- Using all available rosidl_typesupport_cpp: rosidl_typesupport_fastrtps_cpp;rosidl_typesupport_introspection_cpp
-- Checking for module 'yaml-0.1'
--   Found yaml-0.1, version 0.2.5
-- Found rmw_implementation_cmake: 6.1.2 (/Users/yosuke/miniforge3/envs/ros_env/share/rmw_implementation_cmake/cmake)
-- Found rmw_fastrtps_cpp: 6.2.7 (/Users/yosuke/miniforge3/envs/ros_env/share/rmw_fastrtps_cpp/cmake)
-- Found OpenSSL: /opt/homebrew/opt/openssl@3/lib/libcrypto.dylib (found version "3.5.1")
-- Found FastRTPS: /Users/yosuke/miniforge3/envs/ros_env/include
-- Using RMW implementation 'rmw_fastrtps_cpp' as default
-- Performing Test CMAKE_HAVE_LIBC_PTHREAD
-- Performing Test CMAKE_HAVE_LIBC_PTHREAD - Success
-- Found Threads: TRUE
-- Found rclcpp_components: 16.0.11 (/Users/yosuke/miniforge3/envs/ros_env/share/rclcpp_components/cmake)
-- Found std_msgs: 4.2.4 (/Users/yosuke/miniforge3/envs/ros_env/share/std_msgs/cmake)
-- Found geometry_msgs: 4.2.4 (/Users/yosuke/miniforge3/envs/ros_env/share/geometry_msgs/cmake)
-- Found tf2_geometry_msgs: 0.25.10 (/Users/yosuke/miniforge3/envs/ros_env/share/tf2_geometry_msgs/cmake)
-- Found eigen3_cmake_module: 0.1.1 (/Users/yosuke/miniforge3/envs/ros_env/share/eigen3_cmake_module/cmake)
-- Found Eigen3: TRUE (found version "3.4.0")
-- Ensuring Eigen3 include directory is part of orocos-kdl CMake target
-- Found sensor_msgs: 4.2.4 (/Users/yosuke/miniforge3/envs/ros_env/share/sensor_msgs/cmake)
-- Found ament_cmake_gtest: 1.3.11 (/Users/yosuke/miniforge3/envs/ros_env/share/ament_cmake_gtest/cmake)
-- Found gtest sources under '/Users/yosuke/miniforge3/envs/ros_env/src/gtest_vendor': C++ tests using 'Google Test' will be built
CMake Deprecation Warning at /Users/yosuke/miniforge3/envs/ros_env/src/gtest_vendor/CMakeLists.txt:2 (cmake_minimum_required):
  Compatibility with CMake < 3.10 will be removed from a future version of
  CMake.

  Update the VERSION argument <min> value.  Or, use the <min>...<max> syntax
  to tell CMake that the project requires at least <min> but has been updated
  to work with policies introduced by <max> or earlier.


-- Configuring done (7.0s)
-- Generating done (0.1s)
-- Build files have been written to: /Users/yosuke/gits/cxd5602pwbimu_ros2_driver/ros2_ws/build/imu_filter_madgwick
[  7%] Building CXX object CMakeFiles/imu_filter_madgwick.dir/src/stateless_orientation.cpp.o
[ 14%] Building CXX object gtest/CMakeFiles/gtest_main.dir/src/gtest_main.cc.o
[ 21%] Building CXX object CMakeFiles/imu_filter_madgwick.dir/src/imu_filter_ros.cpp.o
[ 28%] Building CXX object CMakeFiles/imu_filter_madgwick.dir/src/imu_filter.cpp.o
[ 35%] Building CXX object gtest/CMakeFiles/gtest.dir/src/gtest-all.cc.o
[ 42%] Linking CXX static library libgtest_main.a
[ 42%] Built target gtest_main
In file included from /Users/yosuke/gits/cxd5602pwbimu_ros2_driver/ros2_ws/src/imu_tools/imu_filter_madgwick/src/imu_filter_ros.cpp:26:
In file included from /Users/yosuke/gits/cxd5602pwbimu_ros2_driver/ros2_ws/src/imu_tools/imu_filter_madgwick/include/imu_filter_madgwick/imu_filter_ros.h:26:
In file included from /Users/yosuke/miniforge3/envs/ros_env/include/rclcpp/rclcpp/rclcpp.hpp:155:
In file included from /Users/yosuke/miniforge3/envs/ros_env/include/rclcpp/rclcpp/executors.hpp:21:
In file included from /Users/yosuke/miniforge3/envs/ros_env/include/rclcpp/rclcpp/executors/multi_threaded_executor.hpp:25:
In file included from /Users/yosuke/miniforge3/envs/ros_env/include/rclcpp/rclcpp/executor.hpp:37:
In file included from /Users/yosuke/miniforge3/envs/ros_env/include/rclcpp/rclcpp/executor_options.hpp:20:
In file included from /Users/yosuke/miniforge3/envs/ros_env/include/rclcpp/rclcpp/memory_strategies.hpp:18:
In file included from /Users/yosuke/miniforge3/envs/ros_env/include/rclcpp/rclcpp/memory_strategy.hpp:25:
In file included from /Users/yosuke/miniforge3/envs/ros_env/include/rclcpp/rclcpp/any_executable.hpp:20:
In file included from /Users/yosuke/miniforge3/envs/ros_env/include/rclcpp/rclcpp/callback_group.hpp:29:
In file included from /Users/yosuke/miniforge3/envs/ros_env/include/rclcpp/rclcpp/subscription_base.hpp:32:
/Users/yosuke/miniforge3/envs/ros_env/include/rclcpp/rclcpp/any_subscription_callback.hpp:391:7: warning: 'set_deprecated<rcl_interfaces::msg::ParameterEvent_<std::allocator<void>>>' is deprecated: use 'void(std::shared_ptr<const MessageT>)' instead [-Wdeprecated-declarations]
  391 |       set_deprecated(static_cast<typename scbth::callback_type>(callback));
      |       ^
/Users/yosuke/miniforge3/envs/ros_env/include/rclcpp/rclcpp/subscription_factory.hpp:94:29: note: in instantiation of function template specialization 'rclcpp::AnySubscriptionCallback<rcl_interfaces::msg::ParameterEvent_<std::allocator<void>>>::set<std::__bind<void (ImuFilterMadgwickRos::*)(std::shared_ptr<rcl_interfaces::msg::ParameterEvent_<std::allocator<void>>>), ImuFilterMadgwickRos *, const std::placeholders::__ph<1> &>>' requested here
   94 |   any_subscription_callback.set(std::forward<CallbackT>(callback));
      |                             ^
/Users/yosuke/miniforge3/envs/ros_env/include/rclcpp/rclcpp/create_subscription.hpp:122:26: note: in instantiation of function template specialization 'rclcpp::create_subscription_factory<rcl_interfaces::msg::ParameterEvent_<std::allocator<void>>, std::__bind<void (ImuFilterMadgwickRos::*)(std::shared_ptr<rcl_interfaces::msg::ParameterEvent_<std::allocator<void>>>), ImuFilterMadgwickRos *, const std::placeholders::__ph<1> &> &, std::allocator<void>, rclcpp::Subscription<rcl_interfaces::msg::ParameterEvent_<std::allocator<void>>>, rclcpp::message_memory_strategy::MessageMemoryStrategy<rcl_interfaces::msg::ParameterEvent_<std::allocator<void>>>, rcl_interfaces::msg::ParameterEvent_<std::allocator<void>>>' requested here
  122 |   auto factory = rclcpp::create_subscription_factory<MessageT>(
      |                          ^
/Users/yosuke/miniforge3/envs/ros_env/include/rclcpp/rclcpp/create_subscription.hpp:190:26: note: in instantiation of function template specialization 'rclcpp::detail::create_subscription<rcl_interfaces::msg::ParameterEvent_<std::allocator<void>>, std::__bind<void (ImuFilterMadgwickRos::*)(std::shared_ptr<rcl_interfaces::msg::ParameterEvent_<std::allocator<void>>>), ImuFilterMadgwickRos *, const std::placeholders::__ph<1> &> &, std::allocator<void>, rclcpp::Subscription<rcl_interfaces::msg::ParameterEvent_<std::allocator<void>>>, rclcpp::message_memory_strategy::MessageMemoryStrategy<rcl_interfaces::msg::ParameterEvent_<std::allocator<void>>>, std::shared_ptr<rclcpp::node_interfaces::NodeTopicsInterface>, std::shared_ptr<rclcpp::node_interfaces::NodeTopicsInterface>, rcl_interfaces::msg::ParameterEvent_<std::allocator<void>>>' requested here
  190 |   return rclcpp::detail::create_subscription<
      |                          ^
/Users/yosuke/miniforge3/envs/ros_env/include/rclcpp/rclcpp/parameter_client.hpp:245:20: note: in instantiation of function template specialization 'rclcpp::create_subscription<rcl_interfaces::msg::ParameterEvent_<std::allocator<void>>, std::__bind<void (ImuFilterMadgwickRos::*)(std::shared_ptr<rcl_interfaces::msg::ParameterEvent_<std::allocator<void>>>), ImuFilterMadgwickRos *, const std::placeholders::__ph<1> &> &, std::allocator<void>, rclcpp::Subscription<rcl_interfaces::msg::ParameterEvent_<std::allocator<void>>>, rclcpp::message_memory_strategy::MessageMemoryStrategy<rcl_interfaces::msg::ParameterEvent_<std::allocator<void>>>, std::shared_ptr<rclcpp::node_interfaces::NodeTopicsInterface>>' requested here
  245 |     return rclcpp::create_subscription<rcl_interfaces::msg::ParameterEvent>(
      |                    ^
/Users/yosuke/miniforge3/envs/ros_env/include/rclcpp/rclcpp/parameter_client.hpp:218:18: note: in instantiation of function template specialization 'rclcpp::AsyncParametersClient::on_parameter_event<std::__bind<void (ImuFilterMadgwickRos::*)(std::shared_ptr<rcl_interfaces::msg::ParameterEvent_<std::allocator<void>>>), ImuFilterMadgwickRos *, const std::placeholders::__ph<1> &> &, std::shared_ptr<rclcpp::node_interfaces::NodeTopicsInterface> &, std::allocator<void>>' requested here
  218 |     return this->on_parameter_event(
      |                  ^
/Users/yosuke/gits/cxd5602pwbimu_ros2_driver/ros2_ws/src/imu_tools/imu_filter_madgwick/src/imu_filter_ros.cpp:183:48: note: in instantiation of function template specialization 'rclcpp::AsyncParametersClient::on_parameter_event<std::__bind<void (ImuFilterMadgwickRos::*)(std::shared_ptr<rcl_interfaces::msg::ParameterEvent_<std::allocator<void>>>), ImuFilterMadgwickRos *, const std::placeholders::__ph<1> &>, std::allocator<void>>' requested here
  183 |     parameter_event_sub_ = parameters_client_->on_parameter_event(
      |                                                ^
/Users/yosuke/miniforge3/envs/ros_env/include/rclcpp/rclcpp/any_subscription_callback.hpp:405:5: note: 'set_deprecated<rcl_interfaces::msg::ParameterEvent_<std::allocator<void>>>' has been explicitly marked deprecated here
  405 |   [[deprecated("use 'void(std::shared_ptr<const MessageT>)' instead")]]
      |     ^
[ 50%] Linking CXX static library libgtest.a
[ 50%] Built target gtest
1 warning generated.
[ 57%] Linking CXX shared library libimu_filter_madgwick.dylib
[ 57%] Built target imu_filter_madgwick
[ 64%] Building CXX object test/CMakeFiles/madgwick_test.dir/madgwick_test.cpp.o
[ 71%] Building CXX object CMakeFiles/imu_filter_madgwick_node.dir/src/imu_filter_node.cpp.o
[ 78%] Building CXX object test/CMakeFiles/stateless_orientation_test.dir/stateless_orientation_test.cpp.o
[ 85%] Linking CXX executable madgwick_test
[ 92%] Linking CXX executable stateless_orientation_test
[ 92%] Built target madgwick_test
[ 92%] Built target stateless_orientation_test
[100%] Linking CXX executable imu_filter_madgwick_node
[100%] Built target imu_filter_madgwick_node
-- Install configuration: ""
-- Installing: /Users/yosuke/gits/cxd5602pwbimu_ros2_driver/ros2_ws/install/imu_filter_madgwick/lib/libimu_filter_madgwick.dylib
-- Installing: /Users/yosuke/gits/cxd5602pwbimu_ros2_driver/ros2_ws/install/imu_filter_madgwick/include
-- Installing: /Users/yosuke/gits/cxd5602pwbimu_ros2_driver/ros2_ws/install/imu_filter_madgwick/include/imu_filter_madgwick
-- Installing: /Users/yosuke/gits/cxd5602pwbimu_ros2_driver/ros2_ws/install/imu_filter_madgwick/include/imu_filter_madgwick/imu_filter_ros.h
-- Installing: /Users/yosuke/gits/cxd5602pwbimu_ros2_driver/ros2_ws/install/imu_filter_madgwick/include/imu_filter_madgwick/world_frame.h
-- Installing: /Users/yosuke/gits/cxd5602pwbimu_ros2_driver/ros2_ws/install/imu_filter_madgwick/include/imu_filter_madgwick/visibility_control.h
-- Installing: /Users/yosuke/gits/cxd5602pwbimu_ros2_driver/ros2_ws/install/imu_filter_madgwick/include/imu_filter_madgwick/base_node.hpp
-- Installing: /Users/yosuke/gits/cxd5602pwbimu_ros2_driver/ros2_ws/install/imu_filter_madgwick/include/imu_filter_madgwick/stateless_orientation.h
-- Installing: /Users/yosuke/gits/cxd5602pwbimu_ros2_driver/ros2_ws/install/imu_filter_madgwick/include/imu_filter_madgwick/imu_filter.h
-- Installing: /Users/yosuke/gits/cxd5602pwbimu_ros2_driver/ros2_ws/install/imu_filter_madgwick/lib/imu_filter_madgwick/imu_filter_madgwick_node
/Users/yosuke/miniforge3/envs/ros_env/bin/install_name_tool: warning: changes being made to the file will invalidate the code signature in: /Users/yosuke/gits/cxd5602pwbimu_ros2_driver/ros2_ws/install/imu_filter_madgwick/lib/imu_filter_madgwick/imu_filter_madgwick_node
[cctools-port]: generating fake signature for '/Users/yosuke/gits/cxd5602pwbimu_ros2_driver/ros2_ws/install/imu_filter_madgwick/lib/imu_filter_madgwick/imu_filter_madgwick_node'
-- Installing: /Users/yosuke/gits/cxd5602pwbimu_ros2_driver/ros2_ws/install/imu_filter_madgwick/share/imu_filter_madgwick/launch
-- Installing: /Users/yosuke/gits/cxd5602pwbimu_ros2_driver/ros2_ws/install/imu_filter_madgwick/share/imu_filter_madgwick/launch/imu_filter_component.launch.py
-- Installing: /Users/yosuke/gits/cxd5602pwbimu_ros2_driver/ros2_ws/install/imu_filter_madgwick/share/imu_filter_madgwick/launch/imu_filter.launch.py
-- Installing: /Users/yosuke/gits/cxd5602pwbimu_ros2_driver/ros2_ws/install/imu_filter_madgwick/share/imu_filter_madgwick/config
-- Installing: /Users/yosuke/gits/cxd5602pwbimu_ros2_driver/ros2_ws/install/imu_filter_madgwick/share/imu_filter_madgwick/config/imu_filter.yaml
-- Installing: /Users/yosuke/gits/cxd5602pwbimu_ros2_driver/ros2_ws/install/imu_filter_madgwick/share/ament_index/resource_index/package_run_dependencies/imu_filter_madgwick
-- Installing: /Users/yosuke/gits/cxd5602pwbimu_ros2_driver/ros2_ws/install/imu_filter_madgwick/share/ament_index/resource_index/parent_prefix_path/imu_filter_madgwick
-- Installing: /Users/yosuke/gits/cxd5602pwbimu_ros2_driver/ros2_ws/install/imu_filter_madgwick/share/imu_filter_madgwick/environment/ament_prefix_path.sh
-- Installing: /Users/yosuke/gits/cxd5602pwbimu_ros2_driver/ros2_ws/install/imu_filter_madgwick/share/imu_filter_madgwick/environment/ament_prefix_path.dsv
-- Installing: /Users/yosuke/gits/cxd5602pwbimu_ros2_driver/ros2_ws/install/imu_filter_madgwick/share/imu_filter_madgwick/environment/path.sh
-- Installing: /Users/yosuke/gits/cxd5602pwbimu_ros2_driver/ros2_ws/install/imu_filter_madgwick/share/imu_filter_madgwick/environment/path.dsv
-- Installing: /Users/yosuke/gits/cxd5602pwbimu_ros2_driver/ros2_ws/install/imu_filter_madgwick/share/imu_filter_madgwick/local_setup.bash
-- Installing: /Users/yosuke/gits/cxd5602pwbimu_ros2_driver/ros2_ws/install/imu_filter_madgwick/share/imu_filter_madgwick/local_setup.sh
-- Installing: /Users/yosuke/gits/cxd5602pwbimu_ros2_driver/ros2_ws/install/imu_filter_madgwick/share/imu_filter_madgwick/local_setup.zsh
-- Installing: /Users/yosuke/gits/cxd5602pwbimu_ros2_driver/ros2_ws/install/imu_filter_madgwick/share/imu_filter_madgwick/local_setup.dsv
-- Installing: /Users/yosuke/gits/cxd5602pwbimu_ros2_driver/ros2_ws/install/imu_filter_madgwick/share/imu_filter_madgwick/package.dsv
-- Installing: /Users/yosuke/gits/cxd5602pwbimu_ros2_driver/ros2_ws/install/imu_filter_madgwick/share/ament_index/resource_index/packages/imu_filter_madgwick
-- Installing: /Users/yosuke/gits/cxd5602pwbimu_ros2_driver/ros2_ws/install/imu_filter_madgwick/share/ament_index/resource_index/rclcpp_components/imu_filter_madgwick
-- Installing: /Users/yosuke/gits/cxd5602pwbimu_ros2_driver/ros2_ws/install/imu_filter_madgwick/share/imu_filter_madgwick/cmake/export_imu_filter_madgwickExport.cmake
-- Installing: /Users/yosuke/gits/cxd5602pwbimu_ros2_driver/ros2_ws/install/imu_filter_madgwick/share/imu_filter_madgwick/cmake/export_imu_filter_madgwickExport-noconfig.cmake
-- Installing: /Users/yosuke/gits/cxd5602pwbimu_ros2_driver/ros2_ws/install/imu_filter_madgwick/share/imu_filter_madgwick/cmake/ament_cmake_export_include_directories-extras.cmake
-- Installing: /Users/yosuke/gits/cxd5602pwbimu_ros2_driver/ros2_ws/install/imu_filter_madgwick/share/imu_filter_madgwick/cmake/ament_cmake_export_libraries-extras.cmake
-- Installing: /Users/yosuke/gits/cxd5602pwbimu_ros2_driver/ros2_ws/install/imu_filter_madgwick/share/imu_filter_madgwick/cmake/ament_cmake_export_targets-extras.cmake
-- Installing: /Users/yosuke/gits/cxd5602pwbimu_ros2_driver/ros2_ws/install/imu_filter_madgwick/share/imu_filter_madgwick/cmake/imu_filter_madgwickConfig.cmake
-- Installing: /Users/yosuke/gits/cxd5602pwbimu_ros2_driver/ros2_ws/install/imu_filter_madgwick/share/imu_filter_madgwick/cmake/imu_filter_madgwickConfig-version.cmake
-- Installing: /Users/yosuke/gits/cxd5602pwbimu_ros2_driver/ros2_ws/install/imu_filter_madgwick/share/imu_filter_madgwick/package.xml
