[0.026s] Invoking command in '/Users/yosuke/gits/cxd5602pwbimu_ros2_driver/ros2_ws/build/imu_filter_madgwick': CMAKE_PREFIX_PATH=${CMAKE_PREFIX_PATH}:/Users/yosuke/gits/cxd5602pwbimu_ros2_driver/ros2_ws/install/cxd5602pwbimu_driver_bringup:/Users/yosuke/miniforge3/envs/ros_env CONDA_PROMPT_MODIFIER=(ros_env) SHLVL=2 _=/Users/yosuke/miniforge3/envs/ros_env/bin/env /Users/yosuke/miniforge3/envs/ros_env/bin/cmake /Users/yosuke/gits/cxd5602pwbimu_ros2_driver/ros2_ws/src/imu_tools/imu_filter_madgwick -DCMAKE_INSTALL_PREFIX=/Users/yosuke/gits/cxd5602pwbimu_ros2_driver/ros2_ws/install/imu_filter_madgwick
[0.055s] CMake Deprecation Warning at CMakeLists.txt:1 (cmake_minimum_required):
[0.055s]   Compatibility with CMake < 3.10 will be removed from a future version of
[0.055s]   CMake.
[0.055s] 
[0.055s]   Update the VERSION argument <min> value.  Or, use the <min>...<max> syntax
[0.055s]   to tell CMake that the project requires at least <min> but has been updated
[0.055s]   to work with policies introduced by <max> or earlier.
[0.055s] 
[0.055s] 
[0.224s] -- The C compiler identification is Clang 18.1.8
[0.402s] -- The CXX compiler identification is Clang 18.1.8
[0.445s] -- Detecting C compiler ABI info
[0.702s] -- Detecting C compiler ABI info - done
[0.708s] -- Check for working C compiler: /Users/yosuke/miniforge3/envs/ros_env/bin/arm64-apple-darwin20.0.0-clang - skipped
[0.708s] -- Detecting C compile features
[0.708s] -- Detecting C compile features - done
[0.715s] -- Detecting CXX compiler ABI info
[0.988s] -- Detecting CXX compiler ABI info - done
[0.996s] -- Check for working CXX compiler: /Users/yosuke/miniforge3/envs/ros_env/bin/arm64-apple-darwin20.0.0-clang++ - skipped
[0.996s] -- Detecting CXX compile features
[0.997s] -- Detecting CXX compile features - done
[1.016s] -- Found ament_cmake: 1.3.11 (/Users/yosuke/miniforge3/envs/ros_env/share/ament_cmake/cmake)
[1.214s] -- Found Python3: /Users/yosuke/miniforge3/envs/ros_env/bin/python3 (found version "3.11.13") found components: Interpreter
[1.616s] -- Found rclcpp: 16.0.11 (/Users/yosuke/miniforge3/envs/ros_env/share/rclcpp/cmake)
[1.920s] -- Found rosidl_generator_c: 3.1.6 (/Users/yosuke/miniforge3/envs/ros_env/share/rosidl_generator_c/cmake)
[1.959s] -- Found rosidl_adapter: 3.1.6 (/Users/yosuke/miniforge3/envs/ros_env/share/rosidl_adapter/cmake)
[2.021s] -- Found rosidl_generator_cpp: 3.1.6 (/Users/yosuke/miniforge3/envs/ros_env/share/rosidl_generator_cpp/cmake)
[2.088s] -- Using all available rosidl_typesupport_c: rosidl_typesupport_fastrtps_c;rosidl_typesupport_introspection_c
[2.176s] -- Using all available rosidl_typesupport_cpp: rosidl_typesupport_fastrtps_cpp;rosidl_typesupport_introspection_cpp
[2.572s] -- Checking for module 'yaml-0.1'
[3.022s] --   Found yaml-0.1, version 0.2.5
[4.060s] -- Found rmw_implementation_cmake: 6.1.2 (/Users/yosuke/miniforge3/envs/ros_env/share/rmw_implementation_cmake/cmake)
[4.072s] -- Found rmw_fastrtps_cpp: 6.2.7 (/Users/yosuke/miniforge3/envs/ros_env/share/rmw_fastrtps_cpp/cmake)
[5.623s] -- Found OpenSSL: /opt/homebrew/opt/openssl@3/lib/libcrypto.dylib (found version "3.5.1")
[5.777s] -- Found FastRTPS: /Users/yosuke/miniforge3/envs/ros_env/include
[5.965s] -- Using RMW implementation 'rmw_fastrtps_cpp' as default
[6.001s] -- Performing Test CMAKE_HAVE_LIBC_PTHREAD
[6.265s] -- Performing Test CMAKE_HAVE_LIBC_PTHREAD - Success
[6.266s] -- Found Threads: TRUE
[6.365s] -- Found rclcpp_components: 16.0.11 (/Users/yosuke/miniforge3/envs/ros_env/share/rclcpp_components/cmake)
[6.478s] -- Found std_msgs: 4.2.4 (/Users/yosuke/miniforge3/envs/ros_env/share/std_msgs/cmake)
[6.515s] -- Found geometry_msgs: 4.2.4 (/Users/yosuke/miniforge3/envs/ros_env/share/geometry_msgs/cmake)
[6.576s] -- Found tf2_geometry_msgs: 0.25.10 (/Users/yosuke/miniforge3/envs/ros_env/share/tf2_geometry_msgs/cmake)
[6.645s] -- Found eigen3_cmake_module: 0.1.1 (/Users/yosuke/miniforge3/envs/ros_env/share/eigen3_cmake_module/cmake)
[6.646s] -- Found Eigen3: TRUE (found version "3.4.0")
[6.646s] -- Ensuring Eigen3 include directory is part of orocos-kdl CMake target
[6.920s] -- Found sensor_msgs: 4.2.4 (/Users/yosuke/miniforge3/envs/ros_env/share/sensor_msgs/cmake)
[6.954s] -- Found ament_cmake_gtest: 1.3.11 (/Users/yosuke/miniforge3/envs/ros_env/share/ament_cmake_gtest/cmake)
[6.966s] -- Found gtest sources under '/Users/yosuke/miniforge3/envs/ros_env/src/gtest_vendor': C++ tests using 'Google Test' will be built
[6.967s] CMake Deprecation Warning at /Users/yosuke/miniforge3/envs/ros_env/src/gtest_vendor/CMakeLists.txt:2 (cmake_minimum_required):
[6.967s]   Compatibility with CMake < 3.10 will be removed from a future version of
[6.967s]   CMake.
[6.967s] 
[6.967s]   Update the VERSION argument <min> value.  Or, use the <min>...<max> syntax
[6.967s]   to tell CMake that the project requires at least <min> but has been updated
[6.967s]   to work with policies introduced by <max> or earlier.
[6.967s] 
[6.967s] 
[7.054s] -- Configuring done (7.0s)
[7.151s] -- Generating done (0.1s)
[7.151s] -- Build files have been written to: /Users/yosuke/gits/cxd5602pwbimu_ros2_driver/ros2_ws/build/imu_filter_madgwick
[7.166s] Invoked command in '/Users/yosuke/gits/cxd5602pwbimu_ros2_driver/ros2_ws/build/imu_filter_madgwick' returned '0': CMAKE_PREFIX_PATH=${CMAKE_PREFIX_PATH}:/Users/yosuke/gits/cxd5602pwbimu_ros2_driver/ros2_ws/install/cxd5602pwbimu_driver_bringup:/Users/yosuke/miniforge3/envs/ros_env CONDA_PROMPT_MODIFIER=(ros_env) SHLVL=2 _=/Users/yosuke/miniforge3/envs/ros_env/bin/env /Users/yosuke/miniforge3/envs/ros_env/bin/cmake /Users/yosuke/gits/cxd5602pwbimu_ros2_driver/ros2_ws/src/imu_tools/imu_filter_madgwick -DCMAKE_INSTALL_PREFIX=/Users/yosuke/gits/cxd5602pwbimu_ros2_driver/ros2_ws/install/imu_filter_madgwick
[7.169s] Invoking command in '/Users/yosuke/gits/cxd5602pwbimu_ros2_driver/ros2_ws/build/imu_filter_madgwick': CMAKE_PREFIX_PATH=${CMAKE_PREFIX_PATH}:/Users/yosuke/gits/cxd5602pwbimu_ros2_driver/ros2_ws/install/cxd5602pwbimu_driver_bringup:/Users/yosuke/miniforge3/envs/ros_env CONDA_PROMPT_MODIFIER=(ros_env) SHLVL=2 _=/Users/yosuke/miniforge3/envs/ros_env/bin/env /Users/yosuke/miniforge3/envs/ros_env/bin/cmake --build /Users/yosuke/gits/cxd5602pwbimu_ros2_driver/ros2_ws/build/imu_filter_madgwick -- -j10 -l10
[7.339s] [  7%] Building CXX object CMakeFiles/imu_filter_madgwick.dir/src/stateless_orientation.cpp.o
[7.354s] [ 14%] Building CXX object gtest/CMakeFiles/gtest_main.dir/src/gtest_main.cc.o
[7.354s] [ 21%] Building CXX object CMakeFiles/imu_filter_madgwick.dir/src/imu_filter_ros.cpp.o
[7.354s] [ 28%] Building CXX object CMakeFiles/imu_filter_madgwick.dir/src/imu_filter.cpp.o
[7.362s] [ 35%] Building CXX object gtest/CMakeFiles/gtest.dir/src/gtest-all.cc.o
[8.202s] [ 42%] Linking CXX static library libgtest_main.a
[8.336s] [ 42%] Built target gtest_main
[9.440s] In file included from /Users/yosuke/gits/cxd5602pwbimu_ros2_driver/ros2_ws/src/imu_tools/imu_filter_madgwick/src/imu_filter_ros.cpp:26:
[9.440s] In file included from /Users/yosuke/gits/cxd5602pwbimu_ros2_driver/ros2_ws/src/imu_tools/imu_filter_madgwick/include/imu_filter_madgwick/imu_filter_ros.h:26:
[9.440s] In file included from /Users/yosuke/miniforge3/envs/ros_env/include/rclcpp/rclcpp/rclcpp.hpp:155:
[9.440s] In file included from /Users/yosuke/miniforge3/envs/ros_env/include/rclcpp/rclcpp/executors.hpp:21:
[9.440s] In file included from /Users/yosuke/miniforge3/envs/ros_env/include/rclcpp/rclcpp/executors/multi_threaded_executor.hpp:25:
[9.440s] In file included from /Users/yosuke/miniforge3/envs/ros_env/include/rclcpp/rclcpp/executor.hpp:37:
[9.440s] In file included from /Users/yosuke/miniforge3/envs/ros_env/include/rclcpp/rclcpp/executor_options.hpp:20:
[9.440s] In file included from /Users/yosuke/miniforge3/envs/ros_env/include/rclcpp/rclcpp/memory_strategies.hpp:18:
[9.440s] In file included from /Users/yosuke/miniforge3/envs/ros_env/include/rclcpp/rclcpp/memory_strategy.hpp:25:
[9.440s] In file included from /Users/yosuke/miniforge3/envs/ros_env/include/rclcpp/rclcpp/any_executable.hpp:20:
[9.441s] In file included from /Users/yosuke/miniforge3/envs/ros_env/include/rclcpp/rclcpp/callback_group.hpp:29:
[9.441s] In file included from /Users/yosuke/miniforge3/envs/ros_env/include/rclcpp/rclcpp/subscription_base.hpp:32:
[9.441s] /Users/yosuke/miniforge3/envs/ros_env/include/rclcpp/rclcpp/any_subscription_callback.hpp:391:7: warning: 'set_deprecated<rcl_interfaces::msg::ParameterEvent_<std::allocator<void>>>' is deprecated: use 'void(std::shared_ptr<const MessageT>)' instead [-Wdeprecated-declarations]
[9.441s]   391 |       set_deprecated(static_cast<typename scbth::callback_type>(callback));
[9.441s]       |       ^
[9.441s] /Users/yosuke/miniforge3/envs/ros_env/include/rclcpp/rclcpp/subscription_factory.hpp:94:29: note: in instantiation of function template specialization 'rclcpp::AnySubscriptionCallback<rcl_interfaces::msg::ParameterEvent_<std::allocator<void>>>::set<std::__bind<void (ImuFilterMadgwickRos::*)(std::shared_ptr<rcl_interfaces::msg::ParameterEvent_<std::allocator<void>>>), ImuFilterMadgwickRos *, const std::placeholders::__ph<1> &>>' requested here
[9.441s]    94 |   any_subscription_callback.set(std::forward<CallbackT>(callback));
[9.441s]       |                             ^
[9.441s] /Users/yosuke/miniforge3/envs/ros_env/include/rclcpp/rclcpp/create_subscription.hpp:122:26: note: in instantiation of function template specialization 'rclcpp::create_subscription_factory<rcl_interfaces::msg::ParameterEvent_<std::allocator<void>>, std::__bind<void (ImuFilterMadgwickRos::*)(std::shared_ptr<rcl_interfaces::msg::ParameterEvent_<std::allocator<void>>>), ImuFilterMadgwickRos *, const std::placeholders::__ph<1> &> &, std::allocator<void>, rclcpp::Subscription<rcl_interfaces::msg::ParameterEvent_<std::allocator<void>>>, rclcpp::message_memory_strategy::MessageMemoryStrategy<rcl_interfaces::msg::ParameterEvent_<std::allocator<void>>>, rcl_interfaces::msg::ParameterEvent_<std::allocator<void>>>' requested here
[9.441s]   122 |   auto factory = rclcpp::create_subscription_factory<MessageT>(
[9.441s]       |                          ^
[9.441s] /Users/yosuke/miniforge3/envs/ros_env/include/rclcpp/rclcpp/create_subscription.hpp:190:26: note: in instantiation of function template specialization 'rclcpp::detail::create_subscription<rcl_interfaces::msg::ParameterEvent_<std::allocator<void>>, std::__bind<void (ImuFilterMadgwickRos::*)(std::shared_ptr<rcl_interfaces::msg::ParameterEvent_<std::allocator<void>>>), ImuFilterMadgwickRos *, const std::placeholders::__ph<1> &> &, std::allocator<void>, rclcpp::Subscription<rcl_interfaces::msg::ParameterEvent_<std::allocator<void>>>, rclcpp::message_memory_strategy::MessageMemoryStrategy<rcl_interfaces::msg::ParameterEvent_<std::allocator<void>>>, std::shared_ptr<rclcpp::node_interfaces::NodeTopicsInterface>, std::shared_ptr<rclcpp::node_interfaces::NodeTopicsInterface>, rcl_interfaces::msg::ParameterEvent_<std::allocator<void>>>' requested here
[9.441s]   190 |   return rclcpp::detail::create_subscription<
[9.441s]       |                          ^
[9.441s] /Users/yosuke/miniforge3/envs/ros_env/include/rclcpp/rclcpp/parameter_client.hpp:245:20: note: in instantiation of function template specialization 'rclcpp::create_subscription<rcl_interfaces::msg::ParameterEvent_<std::allocator<void>>, std::__bind<void (ImuFilterMadgwickRos::*)(std::shared_ptr<rcl_interfaces::msg::ParameterEvent_<std::allocator<void>>>), ImuFilterMadgwickRos *, const std::placeholders::__ph<1> &> &, std::allocator<void>, rclcpp::Subscription<rcl_interfaces::msg::ParameterEvent_<std::allocator<void>>>, rclcpp::message_memory_strategy::MessageMemoryStrategy<rcl_interfaces::msg::ParameterEvent_<std::allocator<void>>>, std::shared_ptr<rclcpp::node_interfaces::NodeTopicsInterface>>' requested here
[9.441s]   245 |     return rclcpp::create_subscription<rcl_interfaces::msg::ParameterEvent>(
[9.441s]       |                    ^
[9.441s] /Users/yosuke/miniforge3/envs/ros_env/include/rclcpp/rclcpp/parameter_client.hpp:218:18: note: in instantiation of function template specialization 'rclcpp::AsyncParametersClient::on_parameter_event<std::__bind<void (ImuFilterMadgwickRos::*)(std::shared_ptr<rcl_interfaces::msg::ParameterEvent_<std::allocator<void>>>), ImuFilterMadgwickRos *, const std::placeholders::__ph<1> &> &, std::shared_ptr<rclcpp::node_interfaces::NodeTopicsInterface> &, std::allocator<void>>' requested here
[9.441s]   218 |     return this->on_parameter_event(
[9.441s]       |                  ^
[9.441s] /Users/yosuke/gits/cxd5602pwbimu_ros2_driver/ros2_ws/src/imu_tools/imu_filter_madgwick/src/imu_filter_ros.cpp:183:48: note: in instantiation of function template specialization 'rclcpp::AsyncParametersClient::on_parameter_event<std::__bind<void (ImuFilterMadgwickRos::*)(std::shared_ptr<rcl_interfaces::msg::ParameterEvent_<std::allocator<void>>>), ImuFilterMadgwickRos *, const std::placeholders::__ph<1> &>, std::allocator<void>>' requested here
[9.442s]   183 |     parameter_event_sub_ = parameters_client_->on_parameter_event(
[9.442s]       |                                                ^
[9.442s] /Users/yosuke/miniforge3/envs/ros_env/include/rclcpp/rclcpp/any_subscription_callback.hpp:405:5: note: 'set_deprecated<rcl_interfaces::msg::ParameterEvent_<std::allocator<void>>>' has been explicitly marked deprecated here
[9.442s]   405 |   [[deprecated("use 'void(std::shared_ptr<const MessageT>)' instead")]]
[9.442s]       |     ^
[10.669s] [ 50%] Linking CXX static library libgtest.a
[10.807s] [ 50%] Built target gtest
[20.531s] 1 warning generated.
[20.571s] [ 57%] Linking CXX shared library libimu_filter_madgwick.dylib
[20.687s] [ 57%] Built target imu_filter_madgwick
[20.763s] [ 64%] Building CXX object test/CMakeFiles/madgwick_test.dir/madgwick_test.cpp.o
[20.768s] [ 71%] Building CXX object CMakeFiles/imu_filter_madgwick_node.dir/src/imu_filter_node.cpp.o
[20.769s] [ 78%] Building CXX object test/CMakeFiles/stateless_orientation_test.dir/stateless_orientation_test.cpp.o
[21.792s] [ 85%] Linking CXX executable madgwick_test
[21.887s] [ 92%] Linking CXX executable stateless_orientation_test
[21.917s] [ 92%] Built target madgwick_test
[22.006s] [ 92%] Built target stateless_orientation_test
[22.327s] [100%] Linking CXX executable imu_filter_madgwick_node
[22.401s] [100%] Built target imu_filter_madgwick_node
[22.415s] Invoked command in '/Users/yosuke/gits/cxd5602pwbimu_ros2_driver/ros2_ws/build/imu_filter_madgwick' returned '0': CMAKE_PREFIX_PATH=${CMAKE_PREFIX_PATH}:/Users/yosuke/gits/cxd5602pwbimu_ros2_driver/ros2_ws/install/cxd5602pwbimu_driver_bringup:/Users/yosuke/miniforge3/envs/ros_env CONDA_PROMPT_MODIFIER=(ros_env) SHLVL=2 _=/Users/yosuke/miniforge3/envs/ros_env/bin/env /Users/yosuke/miniforge3/envs/ros_env/bin/cmake --build /Users/yosuke/gits/cxd5602pwbimu_ros2_driver/ros2_ws/build/imu_filter_madgwick -- -j10 -l10
[22.651s] Invoking command in '/Users/yosuke/gits/cxd5602pwbimu_ros2_driver/ros2_ws/build/imu_filter_madgwick': CMAKE_PREFIX_PATH=${CMAKE_PREFIX_PATH}:/Users/yosuke/gits/cxd5602pwbimu_ros2_driver/ros2_ws/install/cxd5602pwbimu_driver_bringup:/Users/yosuke/miniforge3/envs/ros_env CONDA_PROMPT_MODIFIER=(ros_env) SHLVL=2 _=/Users/yosuke/miniforge3/envs/ros_env/bin/env /Users/yosuke/miniforge3/envs/ros_env/bin/cmake --install /Users/yosuke/gits/cxd5602pwbimu_ros2_driver/ros2_ws/build/imu_filter_madgwick
[22.663s] -- Install configuration: ""
[22.663s] -- Installing: /Users/yosuke/gits/cxd5602pwbimu_ros2_driver/ros2_ws/install/imu_filter_madgwick/lib/libimu_filter_madgwick.dylib
[22.663s] -- Installing: /Users/yosuke/gits/cxd5602pwbimu_ros2_driver/ros2_ws/install/imu_filter_madgwick/include
[22.663s] -- Installing: /Users/yosuke/gits/cxd5602pwbimu_ros2_driver/ros2_ws/install/imu_filter_madgwick/include/imu_filter_madgwick
[22.664s] -- Installing: /Users/yosuke/gits/cxd5602pwbimu_ros2_driver/ros2_ws/install/imu_filter_madgwick/include/imu_filter_madgwick/imu_filter_ros.h
[22.664s] -- Installing: /Users/yosuke/gits/cxd5602pwbimu_ros2_driver/ros2_ws/install/imu_filter_madgwick/include/imu_filter_madgwick/world_frame.h
[22.664s] -- Installing: /Users/yosuke/gits/cxd5602pwbimu_ros2_driver/ros2_ws/install/imu_filter_madgwick/include/imu_filter_madgwick/visibility_control.h
[22.664s] -- Installing: /Users/yosuke/gits/cxd5602pwbimu_ros2_driver/ros2_ws/install/imu_filter_madgwick/include/imu_filter_madgwick/base_node.hpp
[22.664s] -- Installing: /Users/yosuke/gits/cxd5602pwbimu_ros2_driver/ros2_ws/install/imu_filter_madgwick/include/imu_filter_madgwick/stateless_orientation.h
[22.664s] -- Installing: /Users/yosuke/gits/cxd5602pwbimu_ros2_driver/ros2_ws/install/imu_filter_madgwick/include/imu_filter_madgwick/imu_filter.h
[22.664s] -- Installing: /Users/yosuke/gits/cxd5602pwbimu_ros2_driver/ros2_ws/install/imu_filter_madgwick/lib/imu_filter_madgwick/imu_filter_madgwick_node
[22.669s] /Users/yosuke/miniforge3/envs/ros_env/bin/install_name_tool: warning: changes being made to the file will invalidate the code signature in: /Users/yosuke/gits/cxd5602pwbimu_ros2_driver/ros2_ws/install/imu_filter_madgwick/lib/imu_filter_madgwick/imu_filter_madgwick_node
[22.669s] [cctools-port]: generating fake signature for '/Users/yosuke/gits/cxd5602pwbimu_ros2_driver/ros2_ws/install/imu_filter_madgwick/lib/imu_filter_madgwick/imu_filter_madgwick_node'
[22.687s] -- Installing: /Users/yosuke/gits/cxd5602pwbimu_ros2_driver/ros2_ws/install/imu_filter_madgwick/share/imu_filter_madgwick/launch
[22.687s] -- Installing: /Users/yosuke/gits/cxd5602pwbimu_ros2_driver/ros2_ws/install/imu_filter_madgwick/share/imu_filter_madgwick/launch/imu_filter_component.launch.py
[22.687s] -- Installing: /Users/yosuke/gits/cxd5602pwbimu_ros2_driver/ros2_ws/install/imu_filter_madgwick/share/imu_filter_madgwick/launch/imu_filter.launch.py
[22.687s] -- Installing: /Users/yosuke/gits/cxd5602pwbimu_ros2_driver/ros2_ws/install/imu_filter_madgwick/share/imu_filter_madgwick/config
[22.687s] -- Installing: /Users/yosuke/gits/cxd5602pwbimu_ros2_driver/ros2_ws/install/imu_filter_madgwick/share/imu_filter_madgwick/config/imu_filter.yaml
[22.687s] -- Installing: /Users/yosuke/gits/cxd5602pwbimu_ros2_driver/ros2_ws/install/imu_filter_madgwick/share/ament_index/resource_index/package_run_dependencies/imu_filter_madgwick
[22.688s] -- Installing: /Users/yosuke/gits/cxd5602pwbimu_ros2_driver/ros2_ws/install/imu_filter_madgwick/share/ament_index/resource_index/parent_prefix_path/imu_filter_madgwick
[22.688s] -- Installing: /Users/yosuke/gits/cxd5602pwbimu_ros2_driver/ros2_ws/install/imu_filter_madgwick/share/imu_filter_madgwick/environment/ament_prefix_path.sh
[22.688s] -- Installing: /Users/yosuke/gits/cxd5602pwbimu_ros2_driver/ros2_ws/install/imu_filter_madgwick/share/imu_filter_madgwick/environment/ament_prefix_path.dsv
[22.688s] -- Installing: /Users/yosuke/gits/cxd5602pwbimu_ros2_driver/ros2_ws/install/imu_filter_madgwick/share/imu_filter_madgwick/environment/path.sh
[22.688s] -- Installing: /Users/yosuke/gits/cxd5602pwbimu_ros2_driver/ros2_ws/install/imu_filter_madgwick/share/imu_filter_madgwick/environment/path.dsv
[22.688s] -- Installing: /Users/yosuke/gits/cxd5602pwbimu_ros2_driver/ros2_ws/install/imu_filter_madgwick/share/imu_filter_madgwick/local_setup.bash
[22.688s] -- Installing: /Users/yosuke/gits/cxd5602pwbimu_ros2_driver/ros2_ws/install/imu_filter_madgwick/share/imu_filter_madgwick/local_setup.sh
[22.689s] -- Installing: /Users/yosuke/gits/cxd5602pwbimu_ros2_driver/ros2_ws/install/imu_filter_madgwick/share/imu_filter_madgwick/local_setup.zsh
[22.689s] -- Installing: /Users/yosuke/gits/cxd5602pwbimu_ros2_driver/ros2_ws/install/imu_filter_madgwick/share/imu_filter_madgwick/local_setup.dsv
[22.689s] -- Installing: /Users/yosuke/gits/cxd5602pwbimu_ros2_driver/ros2_ws/install/imu_filter_madgwick/share/imu_filter_madgwick/package.dsv
[22.689s] -- Installing: /Users/yosuke/gits/cxd5602pwbimu_ros2_driver/ros2_ws/install/imu_filter_madgwick/share/ament_index/resource_index/packages/imu_filter_madgwick
[22.689s] -- Installing: /Users/yosuke/gits/cxd5602pwbimu_ros2_driver/ros2_ws/install/imu_filter_madgwick/share/ament_index/resource_index/rclcpp_components/imu_filter_madgwick
[22.689s] -- Installing: /Users/yosuke/gits/cxd5602pwbimu_ros2_driver/ros2_ws/install/imu_filter_madgwick/share/imu_filter_madgwick/cmake/export_imu_filter_madgwickExport.cmake
[22.690s] -- Installing: /Users/yosuke/gits/cxd5602pwbimu_ros2_driver/ros2_ws/install/imu_filter_madgwick/share/imu_filter_madgwick/cmake/export_imu_filter_madgwickExport-noconfig.cmake
[22.690s] -- Installing: /Users/yosuke/gits/cxd5602pwbimu_ros2_driver/ros2_ws/install/imu_filter_madgwick/share/imu_filter_madgwick/cmake/ament_cmake_export_include_directories-extras.cmake
[22.690s] -- Installing: /Users/yosuke/gits/cxd5602pwbimu_ros2_driver/ros2_ws/install/imu_filter_madgwick/share/imu_filter_madgwick/cmake/ament_cmake_export_libraries-extras.cmake
[22.690s] -- Installing: /Users/yosuke/gits/cxd5602pwbimu_ros2_driver/ros2_ws/install/imu_filter_madgwick/share/imu_filter_madgwick/cmake/ament_cmake_export_targets-extras.cmake
[22.690s] -- Installing: /Users/yosuke/gits/cxd5602pwbimu_ros2_driver/ros2_ws/install/imu_filter_madgwick/share/imu_filter_madgwick/cmake/imu_filter_madgwickConfig.cmake
[22.690s] -- Installing: /Users/yosuke/gits/cxd5602pwbimu_ros2_driver/ros2_ws/install/imu_filter_madgwick/share/imu_filter_madgwick/cmake/imu_filter_madgwickConfig-version.cmake
[22.690s] -- Installing: /Users/yosuke/gits/cxd5602pwbimu_ros2_driver/ros2_ws/install/imu_filter_madgwick/share/imu_filter_madgwick/package.xml
[22.692s] Invoked command in '/Users/yosuke/gits/cxd5602pwbimu_ros2_driver/ros2_ws/build/imu_filter_madgwick' returned '0': CMAKE_PREFIX_PATH=${CMAKE_PREFIX_PATH}:/Users/yosuke/gits/cxd5602pwbimu_ros2_driver/ros2_ws/install/cxd5602pwbimu_driver_bringup:/Users/yosuke/miniforge3/envs/ros_env CONDA_PROMPT_MODIFIER=(ros_env) SHLVL=2 _=/Users/yosuke/miniforge3/envs/ros_env/bin/env /Users/yosuke/miniforge3/envs/ros_env/bin/cmake --install /Users/yosuke/gits/cxd5602pwbimu_ros2_driver/ros2_ws/build/imu_filter_madgwick
