CMake Deprecation Warning at CMakeLists.txt:4 (cmake_minimum_required):
  Compatibility with CMake < 3.10 will be removed from a future version of
  CMake.

  Update the VERSION argument <min> value.  Or, use the <min>...<max> syntax
  to tell CMake that the project requires at least <min> but has been updated
  to work with policies introduced by <max> or earlier.


In file included from /Users/yosuke/gits/cxd5602pwbimu_ros2_driver/ros2_ws/build/cxd5602pwbimu_driver_node/rclcpp_components/node_main_cxd5602pwbimu_driver_node_exec.cpp:19:
/Users/yosuke/miniforge3/envs/ros_env/include/class_loader/class_loader/class_loader.hpp:50:10: fatal error: 'console_bridge/console.h' file not found
   50 | #include "console_bridge/console.h"
      |          ^~~~~~~~~~~~~~~~~~~~~~~~~~
1 error generated.
make[2]: *** [CMakeFiles/cxd5602pwbimu_driver_node_exec.dir/build.make:79: CMakeFiles/cxd5602pwbimu_driver_node_exec.dir/rclcpp_components/node_main_cxd5602pwbimu_driver_node_exec.cpp.o] Error 1
make[1]: *** [CMakeFiles/Makefile2:188: CMakeFiles/cxd5602pwbimu_driver_node_exec.dir/all] Error 2
make[1]: *** Waiting for unfinished jobs....
In file included from /Users/yosuke/gits/cxd5602pwbimu_ros2_driver/ros2_ws/src/cxd5602pwbimu_driver_node/src/cxd5602pwbimu_driver_node.cpp:83:
In file included from /Users/yosuke/miniforge3/envs/ros_env/include/rclcpp_components/rclcpp_components/register_node_macro.hpp:18:
/Users/yosuke/miniforge3/envs/ros_env/include/class_loader/class_loader/class_loader.hpp:50:10: fatal error: 'console_bridge/console.h' file not found
   50 | #include "console_bridge/console.h"
      |          ^~~~~~~~~~~~~~~~~~~~~~~~~~
1 error generated.
make[2]: *** [CMakeFiles/cxd5602pwbimu_driver_node_cxd5602pwbimu_driver_node.dir/build.make:79: CMakeFiles/cxd5602pwbimu_driver_node_cxd5602pwbimu_driver_node.dir/src/cxd5602pwbimu_driver_node.cpp.o] Error 1
make[1]: *** [CMakeFiles/Makefile2:156: CMakeFiles/cxd5602pwbimu_driver_node_cxd5602pwbimu_driver_node.dir/all] Error 2
make: *** [Makefile:146: all] Error 2
