CMake Deprecation Warning at CMakeLists.txt:4 (cmake_minimum_required):
  Compatibility with CMake < 3.10 will be removed from a future version of
  CMake.

  Update the VERSION argument <min> value.  Or, use the <min>...<max> syntax
  to tell CMake that the project requires at least <min> but has been updated
  to work with policies introduced by <max> or earlier.


-- Found ament_cmake_auto: 1.3.11 (/Users/yosuke/miniforge3/envs/ros_env/share/ament_cmake_auto/cmake)
-- Found rosidl_generator_c: 3.1.6 (/Users/yosuke/miniforge3/envs/ros_env/share/rosidl_generator_c/cmake)
-- Found rosidl_adapter: 3.1.6 (/Users/yosuke/miniforge3/envs/ros_env/share/rosidl_adapter/cmake)
-- Found rosidl_generator_cpp: 3.1.6 (/Users/yosuke/miniforge3/envs/ros_env/share/rosidl_generator_cpp/cmake)
-- Using all available rosidl_typesupport_c: rosidl_typesupport_fastrtps_c;rosidl_typesupport_introspection_c
-- Using all available rosidl_typesupport_cpp: rosidl_typesupport_fastrtps_cpp;rosidl_typesupport_introspection_cpp
-- Found rmw_implementation_cmake: 6.1.2 (/Users/yosuke/miniforge3/envs/ros_env/share/rmw_implementation_cmake/cmake)
-- Found rmw_fastrtps_cpp: 6.2.7 (/Users/yosuke/miniforge3/envs/ros_env/share/rmw_fastrtps_cpp/cmake)
-- Using RMW implementation 'rmw_fastrtps_cpp' as default
-- Found ament_lint_auto: 0.12.11 (/Users/yosuke/miniforge3/envs/ros_env/share/ament_lint_auto/cmake)
-- Added test 'cppcheck' to perform static code analysis on C / C++ code
-- Configured cppcheck include dirs: /Users/yosuke/gits/cxd5602pwbimu_ros2_driver/ros2_ws/src/cxd5602pwbimu_driver_node/include
-- Configured cppcheck exclude dirs and/or files: 
-- Added test 'lint_cmake' to check CMake code style
-- Added test 'uncrustify' to check C / C++ code style
-- Configured uncrustify additional arguments: 
-- Added test 'xmllint' to check XML markup files
-- Configuring done (1.0s)
-- Generating done (0.0s)
-- Build files have been written to: /Users/yosuke/gits/cxd5602pwbimu_ros2_driver/ros2_ws/build/cxd5602pwbimu_driver_node
[ 16%] Building CXX object CMakeFiles/cxd5602pwbimu_driver_node_cxd5602pwbimu_driver_node.dir/src/cxd5602pwbimu_driver_node.cpp.o
[ 33%] Building CXX object CMakeFiles/cxd5602pwbimu_driver_node_cxd5602pwbimu_driver_node.dir/src/imu_class.cpp.o
[ 50%] Building CXX object CMakeFiles/cxd5602pwbimu_driver_node_cxd5602pwbimu_driver_node.dir/src/crc8.cpp.o
[ 66%] Building CXX object CMakeFiles/cxd5602pwbimu_driver_node_exec.dir/rclcpp_components/node_main_cxd5602pwbimu_driver_node_exec.cpp.o
In file included from /Users/yosuke/gits/cxd5602pwbimu_ros2_driver/ros2_ws/build/cxd5602pwbimu_driver_node/rclcpp_components/node_main_cxd5602pwbimu_driver_node_exec.cpp:19:
/Users/yosuke/miniforge3/envs/ros_env/include/class_loader/class_loader/class_loader.hpp:50:10: fatal error: 'console_bridge/console.h' file not found
   50 | #include "console_bridge/console.h"
      |          ^~~~~~~~~~~~~~~~~~~~~~~~~~
1 error generated.
make[2]: *** [CMakeFiles/cxd5602pwbimu_driver_node_exec.dir/build.make:79: CMakeFiles/cxd5602pwbimu_driver_node_exec.dir/rclcpp_components/node_main_cxd5602pwbimu_driver_node_exec.cpp.o] Error 1
make[1]: *** [CMakeFiles/Makefile2:188: CMakeFiles/cxd5602pwbimu_driver_node_exec.dir/all] Error 2
make[1]: *** Waiting for unfinished jobs....
In file included from /Users/yosuke/gits/cxd5602pwbimu_ros2_driver/ros2_ws/src/cxd5602pwbimu_driver_node/src/cxd5602pwbimu_driver_node.cpp:83:
In file included from /Users/yosuke/miniforge3/envs/ros_env/include/rclcpp_components/rclcpp_components/register_node_macro.hpp:18:
/Users/yosuke/miniforge3/envs/ros_env/include/class_loader/class_loader/class_loader.hpp:50:10: fatal error: 'console_bridge/console.h' file not found
   50 | #include "console_bridge/console.h"
      |          ^~~~~~~~~~~~~~~~~~~~~~~~~~
1 error generated.
make[2]: *** [CMakeFiles/cxd5602pwbimu_driver_node_cxd5602pwbimu_driver_node.dir/build.make:79: CMakeFiles/cxd5602pwbimu_driver_node_cxd5602pwbimu_driver_node.dir/src/cxd5602pwbimu_driver_node.cpp.o] Error 1
make[1]: *** [CMakeFiles/Makefile2:156: CMakeFiles/cxd5602pwbimu_driver_node_cxd5602pwbimu_driver_node.dir/all] Error 2
make: *** [Makefile:146: all] Error 2
