CMake Deprecation Warning at CMakeLists.txt:4 (cmake_minimum_required):
  Compatibility with CMake < 3.10 will be removed from a future version of
  CMake.

  Update the VERSION argument <min> value.  Or, use the <min>...<max> syntax
  to tell CMake that the project requires at least <min> but has been updated
  to work with policies introduced by <max> or earlier.


CMake Deprecation Warning at /Users/yosuke/miniforge3/envs/ros_env/src/gmock_vendor/CMakeLists.txt:2 (cmake_minimum_required):
  Compatibility with CMake < 3.10 will be removed from a future version of
  CMake.

  Update the VERSION argument <min> value.  Or, use the <min>...<max> syntax
  to tell CMake that the project requires at least <min> but has been updated
  to work with policies introduced by <max> or earlier.


CMake Deprecation Warning at /Users/yosuke/miniforge3/envs/ros_env/src/gtest_vendor/CMakeLists.txt:2 (cmake_minimum_required):
  Compatibility with CMake < 3.10 will be removed from a future version of
  CMake.

  Update the VERSION argument <min> value.  Or, use the <min>...<max> syntax
  to tell CMake that the project requires at least <min> but has been updated
  to work with policies introduced by <max> or earlier.


In file included from /Users/yosuke/miniforge3/envs/ros_env/src/gmock_vendor/src/gmock_main.cc:32:
In file included from /Users/yosuke/miniforge3/envs/ros_env/src/gmock_vendor/include/gmock/gmock.h:61:
In file included from /Users/yosuke/miniforge3/envs/ros_env/src/gmock_vendor/include/gmock/gmock-function-mocker.h:39:
In file included from /Users/yosuke/miniforge3/envs/ros_env/src/gmock_vendor/include/gmock/gmock-generated-function-mockers.h:47:
In file included from /Users/yosuke/miniforge3/envs/ros_env/src/gmock_vendor/include/gmock/gmock-spec-builders.h:75:
/Users/yosuke/miniforge3/envs/ros_env/src/gmock_vendor/include/gmock/gmock-matchers.h:721:3: warning: definition of implicit copy constructor for 'StrEqualityMatcher<std::string>' is deprecated because it has a user-declared copy assignment operator [-Wdeprecated-copy]
  721 |   GTEST_DISALLOW_ASSIGN_(StrEqualityMatcher);
      |   ^
/Users/yosuke/miniforge3/envs/ros_env/src/gtest_vendor/include/gtest/internal/gtest-port.h:682:8: note: expanded from macro 'GTEST_DISALLOW_ASSIGN_'
  682 |   void operator=(type const &) = delete
      |        ^
/Users/yosuke/miniforge3/envs/ros_env/src/gtest_vendor/include/gtest/gtest-matchers.h:456:54: note: in implicit copy constructor for 'testing::internal::StrEqualityMatcher<std::string>' first required here
  456 |   explicit PolymorphicMatcher(const Impl& an_impl) : impl_(an_impl) {}
      |                                                      ^
/Users/yosuke/miniforge3/envs/ros_env/src/gtest_vendor/include/gtest/gtest-matchers.h:514:10: note: in instantiation of member function 'testing::PolymorphicMatcher<testing::internal::StrEqualityMatcher<std::string>>::PolymorphicMatcher' requested here
  514 |   return PolymorphicMatcher<Impl>(impl);
      |          ^
/Users/yosuke/miniforge3/envs/ros_env/src/gmock_vendor/include/gmock/gmock-matchers.h:3813:10: note: in instantiation of function template specialization 'testing::MakePolymorphicMatcher<testing::internal::StrEqualityMatcher<std::string>>' requested here
 3813 |   return MakePolymorphicMatcher(
      |          ^
/Users/yosuke/miniforge3/envs/ros_env/src/gmock_vendor/include/gmock/gmock-matchers.h:778:3: warning: definition of implicit copy constructor for 'HasSubstrMatcher<std::string>' is deprecated because it has a user-declared copy assignment operator [-Wdeprecated-copy]
  778 |   GTEST_DISALLOW_ASSIGN_(HasSubstrMatcher);
      |   ^
/Users/yosuke/miniforge3/envs/ros_env/src/gtest_vendor/include/gtest/internal/gtest-port.h:682:8: note: expanded from macro 'GTEST_DISALLOW_ASSIGN_'
  682 |   void operator=(type const &) = delete
      |        ^
/Users/yosuke/miniforge3/envs/ros_env/src/gtest_vendor/include/gtest/gtest-matchers.h:456:54: note: in implicit copy constructor for 'testing::internal::HasSubstrMatcher<std::string>' first required here
  456 |   explicit PolymorphicMatcher(const Impl& an_impl) : impl_(an_impl) {}
      |                                                      ^
/Users/yosuke/miniforge3/envs/ros_env/src/gtest_vendor/include/gtest/gtest-matchers.h:514:10: note: in instantiation of member function 'testing::PolymorphicMatcher<testing::internal::HasSubstrMatcher<std::string>>::PolymorphicMatcher' requested here
  514 |   return PolymorphicMatcher<Impl>(impl);
      |          ^
/Users/yosuke/miniforge3/envs/ros_env/src/gmock_vendor/include/gmock/gmock-matchers.h:3842:10: note: in instantiation of function template specialization 'testing::MakePolymorphicMatcher<testing::internal::HasSubstrMatcher<std::string>>' requested here
 3842 |   return MakePolymorphicMatcher(
      |          ^
/Users/yosuke/miniforge3/envs/ros_env/src/gmock_vendor/include/gmock/gmock-matchers.h:835:3: warning: definition of implicit copy constructor for 'StartsWithMatcher<std::string>' is deprecated because it has a user-declared copy assignment operator [-Wdeprecated-copy]
  835 |   GTEST_DISALLOW_ASSIGN_(StartsWithMatcher);
      |   ^
/Users/yosuke/miniforge3/envs/ros_env/src/gtest_vendor/include/gtest/internal/gtest-port.h:682:8: note: expanded from macro 'GTEST_DISALLOW_ASSIGN_'
  682 |   void operator=(type const &) = delete
      |        ^
/Users/yosuke/miniforge3/envs/ros_env/src/gtest_vendor/include/gtest/gtest-matchers.h:456:54: note: in implicit copy constructor for 'testing::internal::StartsWithMatcher<std::string>' first required here
  456 |   explicit PolymorphicMatcher(const Impl& an_impl) : impl_(an_impl) {}
      |                                                      ^
/Users/yosuke/miniforge3/envs/ros_env/src/gtest_vendor/include/gtest/gtest-matchers.h:514:10: note: in instantiation of member function 'testing::PolymorphicMatcher<testing::internal::StartsWithMatcher<std::string>>::PolymorphicMatcher' requested here
  514 |   return PolymorphicMatcher<Impl>(impl);
      |          ^
/Users/yosuke/miniforge3/envs/ros_env/src/gmock_vendor/include/gmock/gmock-matchers.h:3849:10: note: in instantiation of function template specialization 'testing::MakePolymorphicMatcher<testing::internal::StartsWithMatcher<std::string>>' requested here
 3849 |   return MakePolymorphicMatcher(
      |          ^
/Users/yosuke/miniforge3/envs/ros_env/src/gmock_vendor/include/gmock/gmock-matchers.h:891:3: warning: definition of implicit copy constructor for 'EndsWithMatcher<std::string>' is deprecated because it has a user-declared copy assignment operator [-Wdeprecated-copy]
  891 |   GTEST_DISALLOW_ASSIGN_(EndsWithMatcher);
      |   ^
/Users/yosuke/miniforge3/envs/ros_env/src/gtest_vendor/include/gtest/internal/gtest-port.h:682:8: note: expanded from macro 'GTEST_DISALLOW_ASSIGN_'
  682 |   void operator=(type const &) = delete
      |        ^
/Users/yosuke/miniforge3/envs/ros_env/src/gtest_vendor/include/gtest/gtest-matchers.h:456:54: note: in implicit copy constructor for 'testing::internal::EndsWithMatcher<std::string>' first required here
  456 |   explicit PolymorphicMatcher(const Impl& an_impl) : impl_(an_impl) {}
      |                                                      ^
/Users/yosuke/miniforge3/envs/ros_env/src/gtest_vendor/include/gtest/gtest-matchers.h:514:10: note: in instantiation of member function 'testing::PolymorphicMatcher<testing::internal::EndsWithMatcher<std::string>>::PolymorphicMatcher' requested here
  514 |   return PolymorphicMatcher<Impl>(impl);
      |          ^
/Users/yosuke/miniforge3/envs/ros_env/src/gmock_vendor/include/gmock/gmock-matchers.h:3856:10: note: in instantiation of function template specialization 'testing::MakePolymorphicMatcher<testing::internal::EndsWithMatcher<std::string>>' requested here
 3856 |   return MakePolymorphicMatcher(internal::EndsWithMatcher<std::string>(suffix));
      |          ^
/Users/yosuke/miniforge3/envs/ros_env/src/gmock_vendor/include/gmock/gmock-matchers.h:721:3: warning: definition of implicit copy constructor for 'StrEqualityMatcher<std::wstring>' is deprecated because it has a user-declared copy assignment operator [-Wdeprecated-copy]
  721 |   GTEST_DISALLOW_ASSIGN_(StrEqualityMatcher);
      |   ^
/Users/yosuke/miniforge3/envs/ros_env/src/gtest_vendor/include/gtest/internal/gtest-port.h:682:8: note: expanded from macro 'GTEST_DISALLOW_ASSIGN_'
  682 |   void operator=(type const &) = delete
      |        ^
/Users/yosuke/miniforge3/envs/ros_env/src/gtest_vendor/include/gtest/gtest-matchers.h:456:54: note: in implicit copy constructor for 'testing::internal::StrEqualityMatcher<std::wstring>' first required here
  456 |   explicit PolymorphicMatcher(const Impl& an_impl) : impl_(an_impl) {}
      |                                                      ^
/Users/yosuke/miniforge3/envs/ros_env/src/gtest_vendor/include/gtest/gtest-matchers.h:514:10: note: in instantiation of member function 'testing::PolymorphicMatcher<testing::internal::StrEqualityMatcher<std::wstring>>::PolymorphicMatcher' requested here
  514 |   return PolymorphicMatcher<Impl>(impl);
      |          ^
/Users/yosuke/miniforge3/envs/ros_env/src/gmock_vendor/include/gmock/gmock-matchers.h:3865:10: note: in instantiation of function template specialization 'testing::MakePolymorphicMatcher<testing::internal::StrEqualityMatcher<std::wstring>>' requested here
 3865 |   return MakePolymorphicMatcher(
      |          ^
/Users/yosuke/miniforge3/envs/ros_env/src/gmock_vendor/include/gmock/gmock-matchers.h:778:3: warning: definition of implicit copy constructor for 'HasSubstrMatcher<std::wstring>' is deprecated because it has a user-declared copy assignment operator [-Wdeprecated-copy]
  778 |   GTEST_DISALLOW_ASSIGN_(HasSubstrMatcher);
      |   ^
/Users/yosuke/miniforge3/envs/ros_env/src/gtest_vendor/include/gtest/internal/gtest-port.h:682:8: note: expanded from macro 'GTEST_DISALLOW_ASSIGN_'
  682 |   void operator=(type const &) = delete
      |        ^
/Users/yosuke/miniforge3/envs/ros_env/src/gtest_vendor/include/gtest/gtest-matchers.h:456:54: note: in implicit copy constructor for 'testing::internal::HasSubstrMatcher<std::wstring>' first required here
  456 |   explicit PolymorphicMatcher(const Impl& an_impl) : impl_(an_impl) {}
      |                                                      ^
/Users/yosuke/miniforge3/envs/ros_env/src/gtest_vendor/include/gtest/gtest-matchers.h:514:10: note: in instantiation of member function 'testing::PolymorphicMatcher<testing::internal::HasSubstrMatcher<std::wstring>>::PolymorphicMatcher' requested here
  514 |   return PolymorphicMatcher<Impl>(impl);
      |          ^
/Users/yosuke/miniforge3/envs/ros_env/src/gmock_vendor/include/gmock/gmock-matchers.h:3894:10: note: in instantiation of function template specialization 'testing::MakePolymorphicMatcher<testing::internal::HasSubstrMatcher<std::wstring>>' requested here
 3894 |   return MakePolymorphicMatcher(
      |          ^
/Users/yosuke/miniforge3/envs/ros_env/src/gmock_vendor/include/gmock/gmock-matchers.h:835:3: warning: definition of implicit copy constructor for 'StartsWithMatcher<std::wstring>' is deprecated because it has a user-declared copy assignment operator [-Wdeprecated-copy]
  835 |   GTEST_DISALLOW_ASSIGN_(StartsWithMatcher);
      |   ^
/Users/yosuke/miniforge3/envs/ros_env/src/gtest_vendor/include/gtest/internal/gtest-port.h:682:8: note: expanded from macro 'GTEST_DISALLOW_ASSIGN_'
  682 |   void operator=(type const &) = delete
      |        ^
/Users/yosuke/miniforge3/envs/ros_env/src/gtest_vendor/include/gtest/gtest-matchers.h:456:54: note: in implicit copy constructor for 'testing::internal::StartsWithMatcher<std::wstring>' first required here
  456 |   explicit PolymorphicMatcher(const Impl& an_impl) : impl_(an_impl) {}
      |                                                      ^
/Users/yosuke/miniforge3/envs/ros_env/src/gtest_vendor/include/gtest/gtest-matchers.h:514:10: note: in instantiation of member function 'testing::PolymorphicMatcher<testing::internal::StartsWithMatcher<std::wstring>>::PolymorphicMatcher' requested here
  514 |   return PolymorphicMatcher<Impl>(impl);
      |          ^
/Users/yosuke/miniforge3/envs/ros_env/src/gmock_vendor/include/gmock/gmock-matchers.h:3901:10: note: in instantiation of function template specialization 'testing::MakePolymorphicMatcher<testing::internal::StartsWithMatcher<std::wstring>>' requested here
 3901 |   return MakePolymorphicMatcher(
      |          ^
/Users/yosuke/miniforge3/envs/ros_env/src/gmock_vendor/include/gmock/gmock-matchers.h:891:3: warning: definition of implicit copy constructor for 'EndsWithMatcher<std::wstring>' is deprecated because it has a user-declared copy assignment operator [-Wdeprecated-copy]
  891 |   GTEST_DISALLOW_ASSIGN_(EndsWithMatcher);
      |   ^
/Users/yosuke/miniforge3/envs/ros_env/src/gtest_vendor/include/gtest/internal/gtest-port.h:682:8: note: expanded from macro 'GTEST_DISALLOW_ASSIGN_'
  682 |   void operator=(type const &) = delete
      |        ^
/Users/yosuke/miniforge3/envs/ros_env/src/gtest_vendor/include/gtest/gtest-matchers.h:456:54: note: in implicit copy constructor for 'testing::internal::EndsWithMatcher<std::wstring>' first required here
  456 |   explicit PolymorphicMatcher(const Impl& an_impl) : impl_(an_impl) {}
      |                                                      ^
/Users/yosuke/miniforge3/envs/ros_env/src/gtest_vendor/include/gtest/gtest-matchers.h:514:10: note: in instantiation of member function 'testing::PolymorphicMatcher<testing::internal::EndsWithMatcher<std::wstring>>::PolymorphicMatcher' requested here
  514 |   return PolymorphicMatcher<Impl>(impl);
      |          ^
/Users/yosuke/miniforge3/envs/ros_env/src/gmock_vendor/include/gmock/gmock-matchers.h:3908:10: note: in instantiation of function template specialization 'testing::MakePolymorphicMatcher<testing::internal::EndsWithMatcher<std::wstring>>' requested here
 3908 |   return MakePolymorphicMatcher(
      |          ^
8 warnings generated.
In file included from /Users/yosuke/miniforge3/envs/ros_env/src/gmock_vendor/src/gmock-all.cc:39:
In file included from /Users/yosuke/miniforge3/envs/ros_env/src/gmock_vendor/include/gmock/gmock.h:61:
In file included from /Users/yosuke/miniforge3/envs/ros_env/src/gmock_vendor/include/gmock/gmock-function-mocker.h:39:
In file included from /Users/yosuke/miniforge3/envs/ros_env/src/gmock_vendor/include/gmock/gmock-generated-function-mockers.h:47:
In file included from /Users/yosuke/miniforge3/envs/ros_env/src/gmock_vendor/include/gmock/gmock-spec-builders.h:75:
/Users/yosuke/miniforge3/envs/ros_env/src/gmock_vendor/include/gmock/gmock-matchers.h:721:3: warning: definition of implicit copy constructor for 'StrEqualityMatcher<std::string>' is deprecated because it has a user-declared copy assignment operator [-Wdeprecated-copy]
  721 |   GTEST_DISALLOW_ASSIGN_(StrEqualityMatcher);
      |   ^
/Users/yosuke/miniforge3/envs/ros_env/src/gtest_vendor/include/gtest/internal/gtest-port.h:682:8: note: expanded from macro 'GTEST_DISALLOW_ASSIGN_'
  682 |   void operator=(type const &) = delete
      |        ^
/Users/yosuke/miniforge3/envs/ros_env/src/gtest_vendor/include/gtest/gtest-matchers.h:456:54: note: in implicit copy constructor for 'testing::internal::StrEqualityMatcher<std::string>' first required here
  456 |   explicit PolymorphicMatcher(const Impl& an_impl) : impl_(an_impl) {}
      |                                                      ^
/Users/yosuke/miniforge3/envs/ros_env/src/gtest_vendor/include/gtest/gtest-matchers.h:514:10: note: in instantiation of member function 'testing::PolymorphicMatcher<testing::internal::StrEqualityMatcher<std::string>>::PolymorphicMatcher' requested here
  514 |   return PolymorphicMatcher<Impl>(impl);
      |          ^
/Users/yosuke/miniforge3/envs/ros_env/src/gmock_vendor/include/gmock/gmock-matchers.h:3813:10: note: in instantiation of function template specialization 'testing::MakePolymorphicMatcher<testing::internal::StrEqualityMatcher<std::string>>' requested here
 3813 |   return MakePolymorphicMatcher(
      |          ^
/Users/yosuke/miniforge3/envs/ros_env/src/gmock_vendor/include/gmock/gmock-matchers.h:778:3: warning: definition of implicit copy constructor for 'HasSubstrMatcher<std::string>' is deprecated because it has a user-declared copy assignment operator [-Wdeprecated-copy]
  778 |   GTEST_DISALLOW_ASSIGN_(HasSubstrMatcher);
      |   ^
/Users/yosuke/miniforge3/envs/ros_env/src/gtest_vendor/include/gtest/internal/gtest-port.h:682:8: note: expanded from macro 'GTEST_DISALLOW_ASSIGN_'
  682 |   void operator=(type const &) = delete
      |        ^
/Users/yosuke/miniforge3/envs/ros_env/src/gtest_vendor/include/gtest/gtest-matchers.h:456:54: note: in implicit copy constructor for 'testing::internal::HasSubstrMatcher<std::string>' first required here
  456 |   explicit PolymorphicMatcher(const Impl& an_impl) : impl_(an_impl) {}
      |                                                      ^
/Users/yosuke/miniforge3/envs/ros_env/src/gtest_vendor/include/gtest/gtest-matchers.h:514:10: note: in instantiation of member function 'testing::PolymorphicMatcher<testing::internal::HasSubstrMatcher<std::string>>::PolymorphicMatcher' requested here
  514 |   return PolymorphicMatcher<Impl>(impl);
      |          ^
/Users/yosuke/miniforge3/envs/ros_env/src/gmock_vendor/include/gmock/gmock-matchers.h:3842:10: note: in instantiation of function template specialization 'testing::MakePolymorphicMatcher<testing::internal::HasSubstrMatcher<std::string>>' requested here
 3842 |   return MakePolymorphicMatcher(
      |          ^
/Users/yosuke/miniforge3/envs/ros_env/src/gmock_vendor/include/gmock/gmock-matchers.h:835:3: warning: definition of implicit copy constructor for 'StartsWithMatcher<std::string>' is deprecated because it has a user-declared copy assignment operator [-Wdeprecated-copy]
  835 |   GTEST_DISALLOW_ASSIGN_(StartsWithMatcher);
      |   ^
/Users/yosuke/miniforge3/envs/ros_env/src/gtest_vendor/include/gtest/internal/gtest-port.h:682:8: note: expanded from macro 'GTEST_DISALLOW_ASSIGN_'
  682 |   void operator=(type const &) = delete
      |        ^
/Users/yosuke/miniforge3/envs/ros_env/src/gtest_vendor/include/gtest/gtest-matchers.h:456:54: note: in implicit copy constructor for 'testing::internal::StartsWithMatcher<std::string>' first required here
  456 |   explicit PolymorphicMatcher(const Impl& an_impl) : impl_(an_impl) {}
      |                                                      ^
/Users/yosuke/miniforge3/envs/ros_env/src/gtest_vendor/include/gtest/gtest-matchers.h:514:10: note: in instantiation of member function 'testing::PolymorphicMatcher<testing::internal::StartsWithMatcher<std::string>>::PolymorphicMatcher' requested here
  514 |   return PolymorphicMatcher<Impl>(impl);
      |          ^
/Users/yosuke/miniforge3/envs/ros_env/src/gmock_vendor/include/gmock/gmock-matchers.h:3849:10: note: in instantiation of function template specialization 'testing::MakePolymorphicMatcher<testing::internal::StartsWithMatcher<std::string>>' requested here
 3849 |   return MakePolymorphicMatcher(
      |          ^
/Users/yosuke/miniforge3/envs/ros_env/src/gmock_vendor/include/gmock/gmock-matchers.h:891:3: warning: definition of implicit copy constructor for 'EndsWithMatcher<std::string>' is deprecated because it has a user-declared copy assignment operator [-Wdeprecated-copy]
  891 |   GTEST_DISALLOW_ASSIGN_(EndsWithMatcher);
      |   ^
/Users/yosuke/miniforge3/envs/ros_env/src/gtest_vendor/include/gtest/internal/gtest-port.h:682:8: note: expanded from macro 'GTEST_DISALLOW_ASSIGN_'
  682 |   void operator=(type const &) = delete
      |        ^
/Users/yosuke/miniforge3/envs/ros_env/src/gtest_vendor/include/gtest/gtest-matchers.h:456:54: note: in implicit copy constructor for 'testing::internal::EndsWithMatcher<std::string>' first required here
  456 |   explicit PolymorphicMatcher(const Impl& an_impl) : impl_(an_impl) {}
      |                                                      ^
/Users/yosuke/miniforge3/envs/ros_env/src/gtest_vendor/include/gtest/gtest-matchers.h:514:10: note: in instantiation of member function 'testing::PolymorphicMatcher<testing::internal::EndsWithMatcher<std::string>>::PolymorphicMatcher' requested here
  514 |   return PolymorphicMatcher<Impl>(impl);
      |          ^
/Users/yosuke/miniforge3/envs/ros_env/src/gmock_vendor/include/gmock/gmock-matchers.h:3856:10: note: in instantiation of function template specialization 'testing::MakePolymorphicMatcher<testing::internal::EndsWithMatcher<std::string>>' requested here
 3856 |   return MakePolymorphicMatcher(internal::EndsWithMatcher<std::string>(suffix));
      |          ^
/Users/yosuke/miniforge3/envs/ros_env/src/gmock_vendor/include/gmock/gmock-matchers.h:721:3: warning: definition of implicit copy constructor for 'StrEqualityMatcher<std::wstring>' is deprecated because it has a user-declared copy assignment operator [-Wdeprecated-copy]
  721 |   GTEST_DISALLOW_ASSIGN_(StrEqualityMatcher);
      |   ^
/Users/yosuke/miniforge3/envs/ros_env/src/gtest_vendor/include/gtest/internal/gtest-port.h:682:8: note: expanded from macro 'GTEST_DISALLOW_ASSIGN_'
  682 |   void operator=(type const &) = delete
      |        ^
/Users/yosuke/miniforge3/envs/ros_env/src/gtest_vendor/include/gtest/gtest-matchers.h:456:54: note: in implicit copy constructor for 'testing::internal::StrEqualityMatcher<std::wstring>' first required here
  456 |   explicit PolymorphicMatcher(const Impl& an_impl) : impl_(an_impl) {}
      |                                                      ^
/Users/yosuke/miniforge3/envs/ros_env/src/gtest_vendor/include/gtest/gtest-matchers.h:514:10: note: in instantiation of member function 'testing::PolymorphicMatcher<testing::internal::StrEqualityMatcher<std::wstring>>::PolymorphicMatcher' requested here
  514 |   return PolymorphicMatcher<Impl>(impl);
      |          ^
/Users/yosuke/miniforge3/envs/ros_env/src/gmock_vendor/include/gmock/gmock-matchers.h:3865:10: note: in instantiation of function template specialization 'testing::MakePolymorphicMatcher<testing::internal::StrEqualityMatcher<std::wstring>>' requested here
 3865 |   return MakePolymorphicMatcher(
      |          ^
/Users/yosuke/miniforge3/envs/ros_env/src/gmock_vendor/include/gmock/gmock-matchers.h:778:3: warning: definition of implicit copy constructor for 'HasSubstrMatcher<std::wstring>' is deprecated because it has a user-declared copy assignment operator [-Wdeprecated-copy]
  778 |   GTEST_DISALLOW_ASSIGN_(HasSubstrMatcher);
      |   ^
/Users/yosuke/miniforge3/envs/ros_env/src/gtest_vendor/include/gtest/internal/gtest-port.h:682:8: note: expanded from macro 'GTEST_DISALLOW_ASSIGN_'
  682 |   void operator=(type const &) = delete
      |        ^
/Users/yosuke/miniforge3/envs/ros_env/src/gtest_vendor/include/gtest/gtest-matchers.h:456:54: note: in implicit copy constructor for 'testing::internal::HasSubstrMatcher<std::wstring>' first required here
  456 |   explicit PolymorphicMatcher(const Impl& an_impl) : impl_(an_impl) {}
      |                                                      ^
/Users/yosuke/miniforge3/envs/ros_env/src/gtest_vendor/include/gtest/gtest-matchers.h:514:10: note: in instantiation of member function 'testing::PolymorphicMatcher<testing::internal::HasSubstrMatcher<std::wstring>>::PolymorphicMatcher' requested here
  514 |   return PolymorphicMatcher<Impl>(impl);
      |          ^
/Users/yosuke/miniforge3/envs/ros_env/src/gmock_vendor/include/gmock/gmock-matchers.h:3894:10: note: in instantiation of function template specialization 'testing::MakePolymorphicMatcher<testing::internal::HasSubstrMatcher<std::wstring>>' requested here
 3894 |   return MakePolymorphicMatcher(
      |          ^
/Users/yosuke/miniforge3/envs/ros_env/src/gmock_vendor/include/gmock/gmock-matchers.h:835:3: warning: definition of implicit copy constructor for 'StartsWithMatcher<std::wstring>' is deprecated because it has a user-declared copy assignment operator [-Wdeprecated-copy]
  835 |   GTEST_DISALLOW_ASSIGN_(StartsWithMatcher);
      |   ^
/Users/yosuke/miniforge3/envs/ros_env/src/gtest_vendor/include/gtest/internal/gtest-port.h:682:8: note: expanded from macro 'GTEST_DISALLOW_ASSIGN_'
  682 |   void operator=(type const &) = delete
      |        ^
/Users/yosuke/miniforge3/envs/ros_env/src/gtest_vendor/include/gtest/gtest-matchers.h:456:54: note: in implicit copy constructor for 'testing::internal::StartsWithMatcher<std::wstring>' first required here
  456 |   explicit PolymorphicMatcher(const Impl& an_impl) : impl_(an_impl) {}
      |                                                      ^
/Users/yosuke/miniforge3/envs/ros_env/src/gtest_vendor/include/gtest/gtest-matchers.h:514:10: note: in instantiation of member function 'testing::PolymorphicMatcher<testing::internal::StartsWithMatcher<std::wstring>>::PolymorphicMatcher' requested here
  514 |   return PolymorphicMatcher<Impl>(impl);
      |          ^
/Users/yosuke/miniforge3/envs/ros_env/src/gmock_vendor/include/gmock/gmock-matchers.h:3901:10: note: in instantiation of function template specialization 'testing::MakePolymorphicMatcher<testing::internal::StartsWithMatcher<std::wstring>>' requested here
 3901 |   return MakePolymorphicMatcher(
      |          ^
/Users/yosuke/miniforge3/envs/ros_env/src/gmock_vendor/include/gmock/gmock-matchers.h:891:3: warning: definition of implicit copy constructor for 'EndsWithMatcher<std::wstring>' is deprecated because it has a user-declared copy assignment operator [-Wdeprecated-copy]
  891 |   GTEST_DISALLOW_ASSIGN_(EndsWithMatcher);
      |   ^
/Users/yosuke/miniforge3/envs/ros_env/src/gtest_vendor/include/gtest/internal/gtest-port.h:682:8: note: expanded from macro 'GTEST_DISALLOW_ASSIGN_'
  682 |   void operator=(type const &) = delete
      |        ^
/Users/yosuke/miniforge3/envs/ros_env/src/gtest_vendor/include/gtest/gtest-matchers.h:456:54: note: in implicit copy constructor for 'testing::internal::EndsWithMatcher<std::wstring>' first required here
  456 |   explicit PolymorphicMatcher(const Impl& an_impl) : impl_(an_impl) {}
      |                                                      ^
/Users/yosuke/miniforge3/envs/ros_env/src/gtest_vendor/include/gtest/gtest-matchers.h:514:10: note: in instantiation of member function 'testing::PolymorphicMatcher<testing::internal::EndsWithMatcher<std::wstring>>::PolymorphicMatcher' requested here
  514 |   return PolymorphicMatcher<Impl>(impl);
      |          ^
/Users/yosuke/miniforge3/envs/ros_env/src/gmock_vendor/include/gmock/gmock-matchers.h:3908:10: note: in instantiation of function template specialization 'testing::MakePolymorphicMatcher<testing::internal::EndsWithMatcher<std::wstring>>' requested here
 3908 |   return MakePolymorphicMatcher(
      |          ^
8 warnings generated.
