[0.031s] Invoking command in '/Users/yosuke/gits/cxd5602pwbimu_ros2_driver/ros2_ws/build/h6x_packet_handler': CMAKE_PREFIX_PATH=${CMAKE_PREFIX_PATH}:/Users/yosuke/gits/cxd5602pwbimu_ros2_driver/ros2_ws/install/cxd5602pwbimu_driver_bringup:/Users/yosuke/miniforge3/envs/ros_env CONDA_PROMPT_MODIFIER=(ros_env) SHLVL=2 _=/Users/yosuke/miniforge3/envs/ros_env/bin/env /Users/yosuke/miniforge3/envs/ros_env/bin/cmake /Users/yosuke/gits/cxd5602pwbimu_ros2_driver/ros2_ws/src/h6x_serial_interface/h6x_packet_handler -DCMAKE_PREFIX_PATH=/usr/local -DCMAKE_CXX_FLAGS=-I/usr/local/include -DCMAKE_EXE_LINKER_FLAGS=-L/usr/local/lib -DCMAKE_INSTALL_PREFIX=/Users/yosuke/gits/cxd5602pwbimu_ros2_driver/ros2_ws/install/h6x_packet_handler
[0.061s] CMake Deprecation Warning at CMakeLists.txt:4 (cmake_minimum_required):
[0.061s]   Compatibility with CMake < 3.10 will be removed from a future version of
[0.061s]   CMake.
[0.061s] 
[0.061s]   Update the VERSION argument <min> value.  Or, use the <min>...<max> syntax
[0.061s]   to tell CMake that the project requires at least <min> but has been updated
[0.061s]   to work with policies introduced by <max> or earlier.
[0.061s] 
[0.061s] 
[0.233s] -- The C compiler identification is Clang 18.1.8
[0.414s] -- The CXX compiler identification is Clang 18.1.8
[0.452s] -- Detecting C compiler ABI info
[0.709s] -- Detecting C compiler ABI info - done
[0.714s] -- Check for working C compiler: /Users/yosuke/miniforge3/envs/ros_env/bin/arm64-apple-darwin20.0.0-clang - skipped
[0.715s] -- Detecting C compile features
[0.715s] -- Detecting C compile features - done
[0.719s] -- Detecting CXX compiler ABI info
[1.007s] -- Detecting CXX compiler ABI info - done
[1.012s] -- Check for working CXX compiler: /Users/yosuke/miniforge3/envs/ros_env/bin/arm64-apple-darwin20.0.0-clang++ - skipped
[1.013s] -- Detecting CXX compile features
[1.013s] -- Detecting CXX compile features - done
[1.038s] -- Found ament_cmake_auto: 1.3.11 (/Users/yosuke/miniforge3/envs/ros_env/share/ament_cmake_auto/cmake)
[1.219s] -- Found Python3: /Users/yosuke/miniforge3/envs/ros_env/bin/python3 (found version "3.11.13") found components: Interpreter
[1.732s] -- Found ament_lint_auto: 0.12.11 (/Users/yosuke/miniforge3/envs/ros_env/share/ament_lint_auto/cmake)
[2.061s] -- Found gmock sources under '/Users/yosuke/miniforge3/envs/ros_env/src/gmock_vendor': C++ tests using 'Google Mock' will be built
[2.062s] CMake Deprecation Warning at /Users/yosuke/miniforge3/envs/ros_env/src/gmock_vendor/CMakeLists.txt:2 (cmake_minimum_required):
[2.062s]   Compatibility with CMake < 3.10 will be removed from a future version of
[2.062s]   CMake.
[2.062s] 
[2.062s]   Update the VERSION argument <min> value.  Or, use the <min>...<max> syntax
[2.062s]   to tell CMake that the project requires at least <min> but has been updated
[2.062s]   to work with policies introduced by <max> or earlier.
[2.062s] 
[2.062s] 
[2.086s] -- Found gtest sources under '/Users/yosuke/miniforge3/envs/ros_env/src/gtest_vendor': C++ tests using 'Google Test' will be built
[2.087s] CMake Deprecation Warning at /Users/yosuke/miniforge3/envs/ros_env/src/gtest_vendor/CMakeLists.txt:2 (cmake_minimum_required):
[2.087s]   Compatibility with CMake < 3.10 will be removed from a future version of
[2.087s]   CMake.
[2.087s] 
[2.087s]   Update the VERSION argument <min> value.  Or, use the <min>...<max> syntax
[2.087s]   to tell CMake that the project requires at least <min> but has been updated
[2.087s]   to work with policies introduced by <max> or earlier.
[2.087s] 
[2.087s] 
[2.093s] -- Added test 'cppcheck' to perform static code analysis on C / C++ code
[2.093s] -- Configured cppcheck include dirs: /Users/yosuke/gits/cxd5602pwbimu_ros2_driver/ros2_ws/src/h6x_serial_interface/h6x_packet_handler/include
[2.093s] -- Configured cppcheck exclude dirs and/or files: 
[2.094s] -- Added test 'cpplint' to check C / C++ code against the Google style
[2.094s] -- Configured cpplint exclude dirs and/or files: 
[2.096s] -- Added test 'lint_cmake' to check CMake code style
[2.097s] -- Added test 'xmllint' to check XML markup files
[2.100s] -- Configuring done (2.1s)
[2.125s] -- Generating done (0.0s)
[2.125s] -- Build files have been written to: /Users/yosuke/gits/cxd5602pwbimu_ros2_driver/ros2_ws/build/h6x_packet_handler
[2.129s] Invoked command in '/Users/yosuke/gits/cxd5602pwbimu_ros2_driver/ros2_ws/build/h6x_packet_handler' returned '0': CMAKE_PREFIX_PATH=${CMAKE_PREFIX_PATH}:/Users/yosuke/gits/cxd5602pwbimu_ros2_driver/ros2_ws/install/cxd5602pwbimu_driver_bringup:/Users/yosuke/miniforge3/envs/ros_env CONDA_PROMPT_MODIFIER=(ros_env) SHLVL=2 _=/Users/yosuke/miniforge3/envs/ros_env/bin/env /Users/yosuke/miniforge3/envs/ros_env/bin/cmake /Users/yosuke/gits/cxd5602pwbimu_ros2_driver/ros2_ws/src/h6x_serial_interface/h6x_packet_handler -DCMAKE_PREFIX_PATH=/usr/local -DCMAKE_CXX_FLAGS=-I/usr/local/include -DCMAKE_EXE_LINKER_FLAGS=-L/usr/local/lib -DCMAKE_INSTALL_PREFIX=/Users/yosuke/gits/cxd5602pwbimu_ros2_driver/ros2_ws/install/h6x_packet_handler
[2.133s] Invoking command in '/Users/yosuke/gits/cxd5602pwbimu_ros2_driver/ros2_ws/build/h6x_packet_handler': CMAKE_PREFIX_PATH=${CMAKE_PREFIX_PATH}:/Users/yosuke/gits/cxd5602pwbimu_ros2_driver/ros2_ws/install/cxd5602pwbimu_driver_bringup:/Users/yosuke/miniforge3/envs/ros_env CONDA_PROMPT_MODIFIER=(ros_env) SHLVL=2 _=/Users/yosuke/miniforge3/envs/ros_env/bin/env /Users/yosuke/miniforge3/envs/ros_env/bin/cmake --build /Users/yosuke/gits/cxd5602pwbimu_ros2_driver/ros2_ws/build/h6x_packet_handler -- -j10 -l10
[2.321s] [  8%] Building CXX object CMakeFiles/h6x_packet_handler.dir/src/crc_handler.cpp.o
[2.323s] [ 16%] Building CXX object gmock/CMakeFiles/gmock.dir/src/gmock-all.cc.o
[2.325s] [ 25%] Building CXX object gmock/CMakeFiles/gmock.dir/Users/yosuke/miniforge3/envs/ros_env/src/gtest_vendor/src/gtest-all.cc.o
[2.336s] [ 33%] Building CXX object CMakeFiles/h6x_packet_handler.dir/src/hex_handler.cpp.o
[2.337s] [ 41%] Building CXX object gmock/CMakeFiles/gmock_main.dir/src/gmock_main.cc.o
[2.652s] [ 50%] Linking CXX shared library libh6x_packet_handler.dylib
[2.765s] [ 50%] Built target h6x_packet_handler
[2.996s] In file included from /Users/yosuke/miniforge3/envs/ros_env/src/gmock_vendor/src/gmock_main.cc:32:
[2.996s] In file included from /Users/yosuke/miniforge3/envs/ros_env/src/gmock_vendor/include/gmock/gmock.h:61:
[2.996s] In file included from /Users/yosuke/miniforge3/envs/ros_env/src/gmock_vendor/include/gmock/gmock-function-mocker.h:39:
[2.996s] In file included from /Users/yosuke/miniforge3/envs/ros_env/src/gmock_vendor/include/gmock/gmock-generated-function-mockers.h:47:
[2.996s] In file included from /Users/yosuke/miniforge3/envs/ros_env/src/gmock_vendor/include/gmock/gmock-spec-builders.h:75:
[2.996s] /Users/yosuke/miniforge3/envs/ros_env/src/gmock_vendor/include/gmock/gmock-matchers.h:721:3: warning: definition of implicit copy constructor for 'StrEqualityMatcher<std::string>' is deprecated because it has a user-declared copy assignment operator [-Wdeprecated-copy]
[2.997s]   721 |   GTEST_DISALLOW_ASSIGN_(StrEqualityMatcher);
[2.997s]       |   ^
[2.997s] /Users/yosuke/miniforge3/envs/ros_env/src/gtest_vendor/include/gtest/internal/gtest-port.h:682:8: note: expanded from macro 'GTEST_DISALLOW_ASSIGN_'
[2.997s]   682 |   void operator=(type const &) = delete
[2.997s]       |        ^
[2.997s] /Users/yosuke/miniforge3/envs/ros_env/src/gtest_vendor/include/gtest/gtest-matchers.h:456:54: note: in implicit copy constructor for 'testing::internal::StrEqualityMatcher<std::string>' first required here
[2.997s]   456 |   explicit PolymorphicMatcher(const Impl& an_impl) : impl_(an_impl) {}
[2.997s]       |                                                      ^
[2.997s] /Users/yosuke/miniforge3/envs/ros_env/src/gtest_vendor/include/gtest/gtest-matchers.h:514:10: note: in instantiation of member function 'testing::PolymorphicMatcher<testing::internal::StrEqualityMatcher<std::string>>::PolymorphicMatcher' requested here
[2.997s]   514 |   return PolymorphicMatcher<Impl>(impl);
[2.997s]       |          ^
[2.997s] /Users/yosuke/miniforge3/envs/ros_env/src/gmock_vendor/include/gmock/gmock-matchers.h:3813:10: note: in instantiation of function template specialization 'testing::MakePolymorphicMatcher<testing::internal::StrEqualityMatcher<std::string>>' requested here
[2.997s]  3813 |   return MakePolymorphicMatcher(
[2.997s]       |          ^
[2.997s] /Users/yosuke/miniforge3/envs/ros_env/src/gmock_vendor/include/gmock/gmock-matchers.h:778:3: warning: definition of implicit copy constructor for 'HasSubstrMatcher<std::string>' is deprecated because it has a user-declared copy assignment operator [-Wdeprecated-copy]
[2.997s]   778 |   GTEST_DISALLOW_ASSIGN_(HasSubstrMatcher);
[2.997s]       |   ^
[2.997s] /Users/yosuke/miniforge3/envs/ros_env/src/gtest_vendor/include/gtest/internal/gtest-port.h:682:8: note: expanded from macro 'GTEST_DISALLOW_ASSIGN_'
[2.997s]   682 |   void operator=(type const &) = delete
[2.997s]       |        ^
[2.997s] /Users/yosuke/miniforge3/envs/ros_env/src/gtest_vendor/include/gtest/gtest-matchers.h:456:54: note: in implicit copy constructor for 'testing::internal::HasSubstrMatcher<std::string>' first required here
[2.998s]   456 |   explicit PolymorphicMatcher(const Impl& an_impl) : impl_(an_impl) {}
[2.998s]       |                                                      ^
[2.998s] /Users/yosuke/miniforge3/envs/ros_env/src/gtest_vendor/include/gtest/gtest-matchers.h:514:10: note: in instantiation of member function 'testing::PolymorphicMatcher<testing::internal::HasSubstrMatcher<std::string>>::PolymorphicMatcher' requested here
[2.998s]   514 |   return PolymorphicMatcher<Impl>(impl);
[2.998s]       |          ^
[2.998s] /Users/yosuke/miniforge3/envs/ros_env/src/gmock_vendor/include/gmock/gmock-matchers.h:3842:10: note: in instantiation of function template specialization 'testing::MakePolymorphicMatcher<testing::internal::HasSubstrMatcher<std::string>>' requested here
[2.998s]  3842 |   return MakePolymorphicMatcher(
[2.998s]       |          ^
[2.998s] /Users/yosuke/miniforge3/envs/ros_env/src/gmock_vendor/include/gmock/gmock-matchers.h:835:3: warning: definition of implicit copy constructor for 'StartsWithMatcher<std::string>' is deprecated because it has a user-declared copy assignment operator [-Wdeprecated-copy]
[2.998s]   835 |   GTEST_DISALLOW_ASSIGN_(StartsWithMatcher);
[2.998s]       |   ^
[2.998s] /Users/yosuke/miniforge3/envs/ros_env/src/gtest_vendor/include/gtest/internal/gtest-port.h:682:8: note: expanded from macro 'GTEST_DISALLOW_ASSIGN_'
[2.999s]   682 |   void operator=(type const &) = delete
[2.999s]       |        ^
[2.999s] /Users/yosuke/miniforge3/envs/ros_env/src/gtest_vendor/include/gtest/gtest-matchers.h:456:54: note: in implicit copy constructor for 'testing::internal::StartsWithMatcher<std::string>' first required here
[2.999s]   456 |   explicit PolymorphicMatcher(const Impl& an_impl) : impl_(an_impl) {}
[2.999s]       |                                                      ^
[2.999s] /Users/yosuke/miniforge3/envs/ros_env/src/gtest_vendor/include/gtest/gtest-matchers.h:514:10: note: in instantiation of member function 'testing::PolymorphicMatcher<testing::internal::StartsWithMatcher<std::string>>::PolymorphicMatcher' requested here
[2.999s]   514 |   return PolymorphicMatcher<Impl>(impl);
[2.999s]       |          ^
[2.999s] /Users/yosuke/miniforge3/envs/ros_env/src/gmock_vendor/include/gmock/gmock-matchers.h:3849:10: note: in instantiation of function template specialization 'testing::MakePolymorphicMatcher<testing::internal::StartsWithMatcher<std::string>>' requested here
[2.999s]  3849 |   return MakePolymorphicMatcher(
[2.999s]       |          ^
[2.999s] /Users/yosuke/miniforge3/envs/ros_env/src/gmock_vendor/include/gmock/gmock-matchers.h:891:3: warning: definition of implicit copy constructor for 'EndsWithMatcher<std::string>' is deprecated because it has a user-declared copy assignment operator [-Wdeprecated-copy]
[2.999s]   891 |   GTEST_DISALLOW_ASSIGN_(EndsWithMatcher);
[2.999s]       |   ^
[2.999s] /Users/yosuke/miniforge3/envs/ros_env/src/gtest_vendor/include/gtest/internal/gtest-port.h:682:8: note: expanded from macro 'GTEST_DISALLOW_ASSIGN_'
[2.999s]   682 |   void operator=(type const &) = delete
[2.999s]       |        ^
[2.999s] /Users/yosuke/miniforge3/envs/ros_env/src/gtest_vendor/include/gtest/gtest-matchers.h:456:54: note: in implicit copy constructor for 'testing::internal::EndsWithMatcher<std::string>' first required here
[2.999s]   456 |   explicit PolymorphicMatcher(const Impl& an_impl) : impl_(an_impl) {}
[2.999s]       |                                                      ^
[2.999s] /Users/yosuke/miniforge3/envs/ros_env/src/gtest_vendor/include/gtest/gtest-matchers.h:514:10: note: in instantiation of member function 'testing::PolymorphicMatcher<testing::internal::EndsWithMatcher<std::string>>::PolymorphicMatcher' requested here
[2.999s]   514 |   return PolymorphicMatcher<Impl>(impl);
[2.999s]       |          ^
[2.999s] /Users/yosuke/miniforge3/envs/ros_env/src/gmock_vendor/include/gmock/gmock-matchers.h:3856:10: note: in instantiation of function template specialization 'testing::MakePolymorphicMatcher<testing::internal::EndsWithMatcher<std::string>>' requested here
[2.999s]  3856 |   return MakePolymorphicMatcher(internal::EndsWithMatcher<std::string>(suffix));
[2.999s]       |          ^
[2.999s] /Users/yosuke/miniforge3/envs/ros_env/src/gmock_vendor/include/gmock/gmock-matchers.h:721:3: warning: definition of implicit copy constructor for 'StrEqualityMatcher<std::wstring>' is deprecated because it has a user-declared copy assignment operator [-Wdeprecated-copy]
[2.999s]   721 |   GTEST_DISALLOW_ASSIGN_(StrEqualityMatcher);
[3.000s]       |   ^
[3.000s] /Users/yosuke/miniforge3/envs/ros_env/src/gtest_vendor/include/gtest/internal/gtest-port.h:682:8: note: expanded from macro 'GTEST_DISALLOW_ASSIGN_'
[3.000s]   682 |   void operator=(type const &) = delete
[3.000s]       |        ^
[3.000s] /Users/yosuke/miniforge3/envs/ros_env/src/gtest_vendor/include/gtest/gtest-matchers.h:456:54: note: in implicit copy constructor for 'testing::internal::StrEqualityMatcher<std::wstring>' first required here
[3.000s]   456 |   explicit PolymorphicMatcher(const Impl& an_impl) : impl_(an_impl) {}
[3.000s]       |                                                      ^
[3.000s] /Users/yosuke/miniforge3/envs/ros_env/src/gtest_vendor/include/gtest/gtest-matchers.h:514:10: note: in instantiation of member function 'testing::PolymorphicMatcher<testing::internal::StrEqualityMatcher<std::wstring>>::PolymorphicMatcher' requested here
[3.000s]   514 |   return PolymorphicMatcher<Impl>(impl);
[3.000s]       |          ^
[3.000s] /Users/yosuke/miniforge3/envs/ros_env/src/gmock_vendor/include/gmock/gmock-matchers.h:3865:10: note: in instantiation of function template specialization 'testing::MakePolymorphicMatcher<testing::internal::StrEqualityMatcher<std::wstring>>' requested here
[3.000s]  3865 |   return MakePolymorphicMatcher(
[3.000s]       |          ^
[3.000s] /Users/yosuke/miniforge3/envs/ros_env/src/gmock_vendor/include/gmock/gmock-matchers.h:778:3: warning: definition of implicit copy constructor for 'HasSubstrMatcher<std::wstring>' is deprecated because it has a user-declared copy assignment operator [-Wdeprecated-copy]
[3.000s]   778 |   GTEST_DISALLOW_ASSIGN_(HasSubstrMatcher);
[3.000s]       |   ^
[3.000s] /Users/yosuke/miniforge3/envs/ros_env/src/gtest_vendor/include/gtest/internal/gtest-port.h:682:8: note: expanded from macro 'GTEST_DISALLOW_ASSIGN_'
[3.000s]   682 |   void operator=(type const &) = delete
[3.001s]       |        ^
[3.001s] /Users/yosuke/miniforge3/envs/ros_env/src/gtest_vendor/include/gtest/gtest-matchers.h:456:54: note: in implicit copy constructor for 'testing::internal::HasSubstrMatcher<std::wstring>' first required here
[3.001s]   456 |   explicit PolymorphicMatcher(const Impl& an_impl) : impl_(an_impl) {}
[3.001s]       |                                                      ^
[3.001s] /Users/yosuke/miniforge3/envs/ros_env/src/gtest_vendor/include/gtest/gtest-matchers.h:514:10: note: in instantiation of member function 'testing::PolymorphicMatcher<testing::internal::HasSubstrMatcher<std::wstring>>::PolymorphicMatcher' requested here
[3.001s]   514 |   return PolymorphicMatcher<Impl>(impl);
[3.001s]       |          ^
[3.001s] /Users/yosuke/miniforge3/envs/ros_env/src/gmock_vendor/include/gmock/gmock-matchers.h:3894:10: note: in instantiation of function template specialization 'testing::MakePolymorphicMatcher<testing::internal::HasSubstrMatcher<std::wstring>>' requested here
[3.001s]  3894 |   return MakePolymorphicMatcher(
[3.001s]       |          ^
[3.001s] /Users/yosuke/miniforge3/envs/ros_env/src/gmock_vendor/include/gmock/gmock-matchers.h:835:3: warning: definition of implicit copy constructor for 'StartsWithMatcher<std::wstring>' is deprecated because it has a user-declared copy assignment operator [-Wdeprecated-copy]
[3.001s]   835 |   GTEST_DISALLOW_ASSIGN_(StartsWithMatcher);
[3.001s]       |   ^
[3.001s] /Users/yosuke/miniforge3/envs/ros_env/src/gtest_vendor/include/gtest/internal/gtest-port.h:682:8: note: expanded from macro 'GTEST_DISALLOW_ASSIGN_'
[3.001s]   682 |   void operator=(type const &) = delete
[3.001s]       |        ^
[3.001s] /Users/yosuke/miniforge3/envs/ros_env/src/gtest_vendor/include/gtest/gtest-matchers.h:456:54: note: in implicit copy constructor for 'testing::internal::StartsWithMatcher<std::wstring>' first required here
[3.001s]   456 |   explicit PolymorphicMatcher(const Impl& an_impl) : impl_(an_impl) {}
[3.001s]       |                                                      ^
[3.001s] /Users/yosuke/miniforge3/envs/ros_env/src/gtest_vendor/include/gtest/gtest-matchers.h:514:10: note: in instantiation of member function 'testing::PolymorphicMatcher<testing::internal::StartsWithMatcher<std::wstring>>::PolymorphicMatcher' requested here
[3.002s]   514 |   return PolymorphicMatcher<Impl>(impl);
[3.002s]       |          ^
[3.002s] /Users/yosuke/miniforge3/envs/ros_env/src/gmock_vendor/include/gmock/gmock-matchers.h:3901:10: note: in instantiation of function template specialization 'testing::MakePolymorphicMatcher<testing::internal::StartsWithMatcher<std::wstring>>' requested here
[3.002s]  3901 |   return MakePolymorphicMatcher(
[3.002s]       |          ^
[3.002s] /Users/yosuke/miniforge3/envs/ros_env/src/gmock_vendor/include/gmock/gmock-matchers.h:891:3: warning: definition of implicit copy constructor for 'EndsWithMatcher<std::wstring>' is deprecated because it has a user-declared copy assignment operator [-Wdeprecated-copy]
[3.002s]   891 |   GTEST_DISALLOW_ASSIGN_(EndsWithMatcher);
[3.002s]       |   ^
[3.002s] /Users/yosuke/miniforge3/envs/ros_env/src/gtest_vendor/include/gtest/internal/gtest-port.h:682:8: note: expanded from macro 'GTEST_DISALLOW_ASSIGN_'
[3.002s]   682 |   void operator=(type const &) = delete
[3.002s]       |        ^
[3.002s] /Users/yosuke/miniforge3/envs/ros_env/src/gtest_vendor/include/gtest/gtest-matchers.h:456:54: note: in implicit copy constructor for 'testing::internal::EndsWithMatcher<std::wstring>' first required here
[3.002s]   456 |   explicit PolymorphicMatcher(const Impl& an_impl) : impl_(an_impl) {}
[3.002s]       |                                                      ^
[3.002s] /Users/yosuke/miniforge3/envs/ros_env/src/gtest_vendor/include/gtest/gtest-matchers.h:514:10: note: in instantiation of member function 'testing::PolymorphicMatcher<testing::internal::EndsWithMatcher<std::wstring>>::PolymorphicMatcher' requested here
[3.002s]   514 |   return PolymorphicMatcher<Impl>(impl);
[3.002s]       |          ^
[3.002s] /Users/yosuke/miniforge3/envs/ros_env/src/gmock_vendor/include/gmock/gmock-matchers.h:3908:10: note: in instantiation of function template specialization 'testing::MakePolymorphicMatcher<testing::internal::EndsWithMatcher<std::wstring>>' requested here
[3.002s]  3908 |   return MakePolymorphicMatcher(
[3.003s]       |          ^
[3.020s] 8 warnings generated.
[3.057s] [ 58%] Linking CXX static library libgmock_main.a
[3.069s] In file included from /Users/yosuke/miniforge3/envs/ros_env/src/gmock_vendor/src/gmock-all.cc:39:
[3.069s] In file included from /Users/yosuke/miniforge3/envs/ros_env/src/gmock_vendor/include/gmock/gmock.h:61:
[3.069s] In file included from /Users/yosuke/miniforge3/envs/ros_env/src/gmock_vendor/include/gmock/gmock-function-mocker.h:39:
[3.070s] In file included from /Users/yosuke/miniforge3/envs/ros_env/src/gmock_vendor/include/gmock/gmock-generated-function-mockers.h:47:
[3.070s] In file included from /Users/yosuke/miniforge3/envs/ros_env/src/gmock_vendor/include/gmock/gmock-spec-builders.h:75:
[3.070s] /Users/yosuke/miniforge3/envs/ros_env/src/gmock_vendor/include/gmock/gmock-matchers.h:721:3: warning: definition of implicit copy constructor for 'StrEqualityMatcher<std::string>' is deprecated because it has a user-declared copy assignment operator [-Wdeprecated-copy]
[3.070s]   721 |   GTEST_DISALLOW_ASSIGN_(StrEqualityMatcher);
[3.070s]       |   ^
[3.070s] /Users/yosuke/miniforge3/envs/ros_env/src/gtest_vendor/include/gtest/internal/gtest-port.h:682:8: note: expanded from macro 'GTEST_DISALLOW_ASSIGN_'
[3.070s]   682 |   void operator=(type const &) = delete
[3.070s]       |        ^
[3.070s] /Users/yosuke/miniforge3/envs/ros_env/src/gtest_vendor/include/gtest/gtest-matchers.h:456:54: note: in implicit copy constructor for 'testing::internal::StrEqualityMatcher<std::string>' first required here
[3.071s]   456 |   explicit PolymorphicMatcher(const Impl& an_impl) : impl_(an_impl) {}
[3.071s]       |                                                      ^
[3.071s] /Users/yosuke/miniforge3/envs/ros_env/src/gtest_vendor/include/gtest/gtest-matchers.h:514:10: note: in instantiation of member function 'testing::PolymorphicMatcher<testing::internal::StrEqualityMatcher<std::string>>::PolymorphicMatcher' requested here
[3.071s]   514 |   return PolymorphicMatcher<Impl>(impl);
[3.071s]       |          ^
[3.071s] /Users/yosuke/miniforge3/envs/ros_env/src/gmock_vendor/include/gmock/gmock-matchers.h:3813:10: note: in instantiation of function template specialization 'testing::MakePolymorphicMatcher<testing::internal::StrEqualityMatcher<std::string>>' requested here
[3.071s]  3813 |   return MakePolymorphicMatcher(
[3.071s]       |          ^
[3.071s] /Users/yosuke/miniforge3/envs/ros_env/src/gmock_vendor/include/gmock/gmock-matchers.h:778:3: warning: definition of implicit copy constructor for 'HasSubstrMatcher<std::string>' is deprecated because it has a user-declared copy assignment operator [-Wdeprecated-copy]
[3.071s]   778 |   GTEST_DISALLOW_ASSIGN_(HasSubstrMatcher);
[3.071s]       |   ^
[3.071s] /Users/yosuke/miniforge3/envs/ros_env/src/gtest_vendor/include/gtest/internal/gtest-port.h:682:8: note: expanded from macro 'GTEST_DISALLOW_ASSIGN_'
[3.071s]   682 |   void operator=(type const &) = delete
[3.071s]       |        ^
[3.071s] /Users/yosuke/miniforge3/envs/ros_env/src/gtest_vendor/include/gtest/gtest-matchers.h:456:54: note: in implicit copy constructor for 'testing::internal::HasSubstrMatcher<std::string>' first required here
[3.071s]   456 |   explicit PolymorphicMatcher(const Impl& an_impl) : impl_(an_impl) {}
[3.071s]       |                                                      ^
[3.071s] /Users/yosuke/miniforge3/envs/ros_env/src/gtest_vendor/include/gtest/gtest-matchers.h:514:10: note: in instantiation of member function 'testing::PolymorphicMatcher<testing::internal::HasSubstrMatcher<std::string>>::PolymorphicMatcher' requested here
[3.071s]   514 |   return PolymorphicMatcher<Impl>(impl);
[3.071s]       |          ^
[3.071s] /Users/yosuke/miniforge3/envs/ros_env/src/gmock_vendor/include/gmock/gmock-matchers.h:3842:10: note: in instantiation of function template specialization 'testing::MakePolymorphicMatcher<testing::internal::HasSubstrMatcher<std::string>>' requested here
[3.072s]  3842 |   return MakePolymorphicMatcher(
[3.072s]       |          ^
[3.072s] /Users/yosuke/miniforge3/envs/ros_env/src/gmock_vendor/include/gmock/gmock-matchers.h:835:3: warning: definition of implicit copy constructor for 'StartsWithMatcher<std::string>' is deprecated because it has a user-declared copy assignment operator [-Wdeprecated-copy]
[3.072s]   835 |   GTEST_DISALLOW_ASSIGN_(StartsWithMatcher);
[3.072s]       |   ^
[3.072s] /Users/yosuke/miniforge3/envs/ros_env/src/gtest_vendor/include/gtest/internal/gtest-port.h:682:8: note: expanded from macro 'GTEST_DISALLOW_ASSIGN_'
[3.072s]   682 |   void operator=(type const &) = delete
[3.072s]       |        ^
[3.073s] /Users/yosuke/miniforge3/envs/ros_env/src/gtest_vendor/include/gtest/gtest-matchers.h:456:54: note: in implicit copy constructor for 'testing::internal::StartsWithMatcher<std::string>' first required here
[3.073s]   456 |   explicit PolymorphicMatcher(const Impl& an_impl) : impl_(an_impl) {}
[3.073s]       |                                                      ^
[3.073s] /Users/yosuke/miniforge3/envs/ros_env/src/gtest_vendor/include/gtest/gtest-matchers.h:514:10: note: in instantiation of member function 'testing::PolymorphicMatcher<testing::internal::StartsWithMatcher<std::string>>::PolymorphicMatcher' requested here
[3.073s]   514 |   return PolymorphicMatcher<Impl>(impl);
[3.073s]       |          ^
[3.073s] /Users/yosuke/miniforge3/envs/ros_env/src/gmock_vendor/include/gmock/gmock-matchers.h:3849:10: note: in instantiation of function template specialization 'testing::MakePolymorphicMatcher<testing::internal::StartsWithMatcher<std::string>>' requested here
[3.073s]  3849 |   return MakePolymorphicMatcher(
[3.073s]       |          ^
[3.074s] /Users/yosuke/miniforge3/envs/ros_env/src/gmock_vendor/include/gmock/gmock-matchers.h:891:3: warning: definition of implicit copy constructor for 'EndsWithMatcher<std::string>' is deprecated because it has a user-declared copy assignment operator [-Wdeprecated-copy]
[3.074s]   891 |   GTEST_DISALLOW_ASSIGN_(EndsWithMatcher);
[3.074s]       |   ^
[3.074s] /Users/yosuke/miniforge3/envs/ros_env/src/gtest_vendor/include/gtest/internal/gtest-port.h:682:8: note: expanded from macro 'GTEST_DISALLOW_ASSIGN_'
[3.074s]   682 |   void operator=(type const &) = delete
[3.074s]       |        ^
[3.074s] /Users/yosuke/miniforge3/envs/ros_env/src/gtest_vendor/include/gtest/gtest-matchers.h:456:54: note: in implicit copy constructor for 'testing::internal::EndsWithMatcher<std::string>' first required here
[3.074s]   456 |   explicit PolymorphicMatcher(const Impl& an_impl) : impl_(an_impl) {}
[3.074s]       |                                                      ^
[3.074s] /Users/yosuke/miniforge3/envs/ros_env/src/gtest_vendor/include/gtest/gtest-matchers.h:514:10: note: in instantiation of member function 'testing::PolymorphicMatcher<testing::internal::EndsWithMatcher<std::string>>::PolymorphicMatcher' requested here
[3.074s]   514 |   return PolymorphicMatcher<Impl>(impl);
[3.074s]       |          ^
[3.074s] /Users/yosuke/miniforge3/envs/ros_env/src/gmock_vendor/include/gmock/gmock-matchers.h:3856:10: note: in instantiation of function template specialization 'testing::MakePolymorphicMatcher<testing::internal::EndsWithMatcher<std::string>>' requested here
[3.074s]  3856 |   return MakePolymorphicMatcher(internal::EndsWithMatcher<std::string>(suffix));
[3.074s]       |          ^
[3.074s] /Users/yosuke/miniforge3/envs/ros_env/src/gmock_vendor/include/gmock/gmock-matchers.h:721:3: warning: definition of implicit copy constructor for 'StrEqualityMatcher<std::wstring>' is deprecated because it has a user-declared copy assignment operator [-Wdeprecated-copy]
[3.074s]   721 |   GTEST_DISALLOW_ASSIGN_(StrEqualityMatcher);
[3.074s]       |   ^
[3.074s] /Users/yosuke/miniforge3/envs/ros_env/src/gtest_vendor/include/gtest/internal/gtest-port.h:682:8: note: expanded from macro 'GTEST_DISALLOW_ASSIGN_'
[3.074s]   682 |   void operator=(type const &) = delete
[3.074s]       |        ^
[3.075s] /Users/yosuke/miniforge3/envs/ros_env/src/gtest_vendor/include/gtest/gtest-matchers.h:456:54: note: in implicit copy constructor for 'testing::internal::StrEqualityMatcher<std::wstring>' first required here
[3.075s]   456 |   explicit PolymorphicMatcher(const Impl& an_impl) : impl_(an_impl) {}
[3.075s]       |                                                      ^
[3.075s] /Users/yosuke/miniforge3/envs/ros_env/src/gtest_vendor/include/gtest/gtest-matchers.h:514:10: note: in instantiation of member function 'testing::PolymorphicMatcher<testing::internal::StrEqualityMatcher<std::wstring>>::PolymorphicMatcher' requested here
[3.075s]   514 |   return PolymorphicMatcher<Impl>(impl);
[3.075s]       |          ^
[3.075s] /Users/yosuke/miniforge3/envs/ros_env/src/gmock_vendor/include/gmock/gmock-matchers.h:3865:10: note: in instantiation of function template specialization 'testing::MakePolymorphicMatcher<testing::internal::StrEqualityMatcher<std::wstring>>' requested here
[3.075s]  3865 |   return MakePolymorphicMatcher(
[3.075s]       |          ^
[3.075s] /Users/yosuke/miniforge3/envs/ros_env/src/gmock_vendor/include/gmock/gmock-matchers.h:778:3: warning: definition of implicit copy constructor for 'HasSubstrMatcher<std::wstring>' is deprecated because it has a user-declared copy assignment operator [-Wdeprecated-copy]
[3.075s]   778 |   GTEST_DISALLOW_ASSIGN_(HasSubstrMatcher);
[3.075s]       |   ^
[3.075s] /Users/yosuke/miniforge3/envs/ros_env/src/gtest_vendor/include/gtest/internal/gtest-port.h:682:8: note: expanded from macro 'GTEST_DISALLOW_ASSIGN_'
[3.075s]   682 |   void operator=(type const &) = delete
[3.075s]       |        ^
[3.075s] /Users/yosuke/miniforge3/envs/ros_env/src/gtest_vendor/include/gtest/gtest-matchers.h:456:54: note: in implicit copy constructor for 'testing::internal::HasSubstrMatcher<std::wstring>' first required here
[3.075s]   456 |   explicit PolymorphicMatcher(const Impl& an_impl) : impl_(an_impl) {}
[3.075s]       |                                                      ^
[3.075s] /Users/yosuke/miniforge3/envs/ros_env/src/gtest_vendor/include/gtest/gtest-matchers.h:514:10: note: in instantiation of member function 'testing::PolymorphicMatcher<testing::internal::HasSubstrMatcher<std::wstring>>::PolymorphicMatcher' requested here
[3.075s]   514 |   return PolymorphicMatcher<Impl>(impl);
[3.076s]       |          ^
[3.076s] /Users/yosuke/miniforge3/envs/ros_env/src/gmock_vendor/include/gmock/gmock-matchers.h:3894:10: note: in instantiation of function template specialization 'testing::MakePolymorphicMatcher<testing::internal::HasSubstrMatcher<std::wstring>>' requested here
[3.076s]  3894 |   return MakePolymorphicMatcher(
[3.076s]       |          ^
[3.076s] /Users/yosuke/miniforge3/envs/ros_env/src/gmock_vendor/include/gmock/gmock-matchers.h:835:3: warning: definition of implicit copy constructor for 'StartsWithMatcher<std::wstring>' is deprecated because it has a user-declared copy assignment operator [-Wdeprecated-copy]
[3.076s]   835 |   GTEST_DISALLOW_ASSIGN_(StartsWithMatcher);
[3.076s]       |   ^
[3.076s] /Users/yosuke/miniforge3/envs/ros_env/src/gtest_vendor/include/gtest/internal/gtest-port.h:682:8: note: expanded from macro 'GTEST_DISALLOW_ASSIGN_'
[3.076s]   682 |   void operator=(type const &) = delete
[3.076s]       |        ^
[3.076s] /Users/yosuke/miniforge3/envs/ros_env/src/gtest_vendor/include/gtest/gtest-matchers.h:456:54: note: in implicit copy constructor for 'testing::internal::StartsWithMatcher<std::wstring>' first required here
[3.076s]   456 |   explicit PolymorphicMatcher(const Impl& an_impl) : impl_(an_impl) {}
[3.076s]       |                                                      ^
[3.076s] /Users/yosuke/miniforge3/envs/ros_env/src/gtest_vendor/include/gtest/gtest-matchers.h:514:10: note: in instantiation of member function 'testing::PolymorphicMatcher<testing::internal::StartsWithMatcher<std::wstring>>::PolymorphicMatcher' requested here
[3.076s]   514 |   return PolymorphicMatcher<Impl>(impl);
[3.076s]       |          ^
[3.076s] /Users/yosuke/miniforge3/envs/ros_env/src/gmock_vendor/include/gmock/gmock-matchers.h:3901:10: note: in instantiation of function template specialization 'testing::MakePolymorphicMatcher<testing::internal::StartsWithMatcher<std::wstring>>' requested here
[3.076s]  3901 |   return MakePolymorphicMatcher(
[3.076s]       |          ^
[3.077s] /Users/yosuke/miniforge3/envs/ros_env/src/gmock_vendor/include/gmock/gmock-matchers.h:891:3: warning: definition of implicit copy constructor for 'EndsWithMatcher<std::wstring>' is deprecated because it has a user-declared copy assignment operator [-Wdeprecated-copy]
[3.077s]   891 |   GTEST_DISALLOW_ASSIGN_(EndsWithMatcher);
[3.077s]       |   ^
[3.077s] /Users/yosuke/miniforge3/envs/ros_env/src/gtest_vendor/include/gtest/internal/gtest-port.h:682:8: note: expanded from macro 'GTEST_DISALLOW_ASSIGN_'
[3.077s]   682 |   void operator=(type const &) = delete
[3.077s]       |        ^
[3.077s] /Users/yosuke/miniforge3/envs/ros_env/src/gtest_vendor/include/gtest/gtest-matchers.h:456:54: note: in implicit copy constructor for 'testing::internal::EndsWithMatcher<std::wstring>' first required here
[3.077s]   456 |   explicit PolymorphicMatcher(const Impl& an_impl) : impl_(an_impl) {}
[3.077s]       |                                                      ^
[3.077s] /Users/yosuke/miniforge3/envs/ros_env/src/gtest_vendor/include/gtest/gtest-matchers.h:514:10: note: in instantiation of member function 'testing::PolymorphicMatcher<testing::internal::EndsWithMatcher<std::wstring>>::PolymorphicMatcher' requested here
[3.077s]   514 |   return PolymorphicMatcher<Impl>(impl);
[3.077s]       |          ^
[3.077s] /Users/yosuke/miniforge3/envs/ros_env/src/gmock_vendor/include/gmock/gmock-matchers.h:3908:10: note: in instantiation of function template specialization 'testing::MakePolymorphicMatcher<testing::internal::EndsWithMatcher<std::wstring>>' requested here
[3.077s]  3908 |   return MakePolymorphicMatcher(
[3.077s]       |          ^
[3.206s] [ 58%] Built target gmock_main
[3.265s] 8 warnings generated.
[3.656s] [ 66%] Linking CXX static library libgmock.a
[3.776s] [ 66%] Built target gmock
[3.866s] [ 75%] Building CXX object CMakeFiles/test_hex_handler.dir/test/src/test_hex_handler.cpp.o
[3.870s] [ 83%] Building CXX object CMakeFiles/test_crc_handler.dir/test/src/test_crc_handler.cpp.o
[4.490s] [ 91%] Linking CXX executable test_crc_handler
[4.610s] [ 91%] Built target test_crc_handler
[4.632s] [100%] Linking CXX executable test_hex_handler
[4.740s] [100%] Built target test_hex_handler
[4.757s] Invoked command in '/Users/yosuke/gits/cxd5602pwbimu_ros2_driver/ros2_ws/build/h6x_packet_handler' returned '0': CMAKE_PREFIX_PATH=${CMAKE_PREFIX_PATH}:/Users/yosuke/gits/cxd5602pwbimu_ros2_driver/ros2_ws/install/cxd5602pwbimu_driver_bringup:/Users/yosuke/miniforge3/envs/ros_env CONDA_PROMPT_MODIFIER=(ros_env) SHLVL=2 _=/Users/yosuke/miniforge3/envs/ros_env/bin/env /Users/yosuke/miniforge3/envs/ros_env/bin/cmake --build /Users/yosuke/gits/cxd5602pwbimu_ros2_driver/ros2_ws/build/h6x_packet_handler -- -j10 -l10
[5.245s] Invoking command in '/Users/yosuke/gits/cxd5602pwbimu_ros2_driver/ros2_ws/build/h6x_packet_handler': CMAKE_PREFIX_PATH=${CMAKE_PREFIX_PATH}:/Users/yosuke/gits/cxd5602pwbimu_ros2_driver/ros2_ws/install/cxd5602pwbimu_driver_bringup:/Users/yosuke/miniforge3/envs/ros_env CONDA_PROMPT_MODIFIER=(ros_env) SHLVL=2 _=/Users/yosuke/miniforge3/envs/ros_env/bin/env /Users/yosuke/miniforge3/envs/ros_env/bin/cmake --install /Users/yosuke/gits/cxd5602pwbimu_ros2_driver/ros2_ws/build/h6x_packet_handler
[5.259s] -- Install configuration: ""
[5.259s] -- Installing: /Users/yosuke/gits/cxd5602pwbimu_ros2_driver/ros2_ws/install/h6x_packet_handler/include
[5.259s] -- Installing: /Users/yosuke/gits/cxd5602pwbimu_ros2_driver/ros2_ws/install/h6x_packet_handler/include/h6x_packet_handler
[5.259s] -- Installing: /Users/yosuke/gits/cxd5602pwbimu_ros2_driver/ros2_ws/install/h6x_packet_handler/include/h6x_packet_handler/hex_handler.hpp
[5.259s] -- Installing: /Users/yosuke/gits/cxd5602pwbimu_ros2_driver/ros2_ws/install/h6x_packet_handler/include/h6x_packet_handler/packet_state_base.hpp
[5.260s] -- Installing: /Users/yosuke/gits/cxd5602pwbimu_ros2_driver/ros2_ws/install/h6x_packet_handler/include/h6x_packet_handler/rx_packet_base.hpp
[5.260s] -- Installing: /Users/yosuke/gits/cxd5602pwbimu_ros2_driver/ros2_ws/install/h6x_packet_handler/include/h6x_packet_handler/crc_handler.hpp
[5.260s] -- Installing: /Users/yosuke/gits/cxd5602pwbimu_ros2_driver/ros2_ws/install/h6x_packet_handler/include/h6x_packet_handler/tx_ascii_packet.hpp
[5.260s] -- Installing: /Users/yosuke/gits/cxd5602pwbimu_ros2_driver/ros2_ws/install/h6x_packet_handler/include/h6x_packet_handler/rx_ascii_packet.hpp
[5.260s] -- Installing: /Users/yosuke/gits/cxd5602pwbimu_ros2_driver/ros2_ws/install/h6x_packet_handler/include/h6x_packet_handler/tx_packet_base.hpp
[5.260s] -- Installing: /Users/yosuke/gits/cxd5602pwbimu_ros2_driver/ros2_ws/install/h6x_packet_handler/include/h6x_packet_handler/tx_rx_packet_base.hpp
[5.260s] -- Installing: /Users/yosuke/gits/cxd5602pwbimu_ros2_driver/ros2_ws/install/h6x_packet_handler/lib/libh6x_packet_handler.dylib
[5.261s] -- Installing: /Users/yosuke/gits/cxd5602pwbimu_ros2_driver/ros2_ws/install/h6x_packet_handler/share/ament_index/resource_index/package_run_dependencies/h6x_packet_handler
[5.261s] -- Installing: /Users/yosuke/gits/cxd5602pwbimu_ros2_driver/ros2_ws/install/h6x_packet_handler/share/ament_index/resource_index/parent_prefix_path/h6x_packet_handler
[5.261s] -- Installing: /Users/yosuke/gits/cxd5602pwbimu_ros2_driver/ros2_ws/install/h6x_packet_handler/share/h6x_packet_handler/environment/ament_prefix_path.sh
[5.262s] -- Installing: /Users/yosuke/gits/cxd5602pwbimu_ros2_driver/ros2_ws/install/h6x_packet_handler/share/h6x_packet_handler/environment/ament_prefix_path.dsv
[5.262s] -- Installing: /Users/yosuke/gits/cxd5602pwbimu_ros2_driver/ros2_ws/install/h6x_packet_handler/share/h6x_packet_handler/environment/path.sh
[5.262s] -- Installing: /Users/yosuke/gits/cxd5602pwbimu_ros2_driver/ros2_ws/install/h6x_packet_handler/share/h6x_packet_handler/environment/path.dsv
[5.262s] -- Installing: /Users/yosuke/gits/cxd5602pwbimu_ros2_driver/ros2_ws/install/h6x_packet_handler/share/h6x_packet_handler/local_setup.bash
[5.262s] -- Installing: /Users/yosuke/gits/cxd5602pwbimu_ros2_driver/ros2_ws/install/h6x_packet_handler/share/h6x_packet_handler/local_setup.sh
[5.262s] -- Installing: /Users/yosuke/gits/cxd5602pwbimu_ros2_driver/ros2_ws/install/h6x_packet_handler/share/h6x_packet_handler/local_setup.zsh
[5.263s] -- Installing: /Users/yosuke/gits/cxd5602pwbimu_ros2_driver/ros2_ws/install/h6x_packet_handler/share/h6x_packet_handler/local_setup.dsv
[5.263s] -- Installing: /Users/yosuke/gits/cxd5602pwbimu_ros2_driver/ros2_ws/install/h6x_packet_handler/share/h6x_packet_handler/package.dsv
[5.263s] -- Installing: /Users/yosuke/gits/cxd5602pwbimu_ros2_driver/ros2_ws/install/h6x_packet_handler/share/ament_index/resource_index/packages/h6x_packet_handler
[5.263s] -- Installing: /Users/yosuke/gits/cxd5602pwbimu_ros2_driver/ros2_ws/install/h6x_packet_handler/share/h6x_packet_handler/cmake/ament_cmake_export_include_directories-extras.cmake
[5.263s] -- Installing: /Users/yosuke/gits/cxd5602pwbimu_ros2_driver/ros2_ws/install/h6x_packet_handler/share/h6x_packet_handler/cmake/ament_cmake_export_libraries-extras.cmake
[5.263s] -- Installing: /Users/yosuke/gits/cxd5602pwbimu_ros2_driver/ros2_ws/install/h6x_packet_handler/share/h6x_packet_handler/cmake/h6x_packet_handlerConfig.cmake
[5.263s] -- Installing: /Users/yosuke/gits/cxd5602pwbimu_ros2_driver/ros2_ws/install/h6x_packet_handler/share/h6x_packet_handler/cmake/h6x_packet_handlerConfig-version.cmake
[5.264s] -- Installing: /Users/yosuke/gits/cxd5602pwbimu_ros2_driver/ros2_ws/install/h6x_packet_handler/share/h6x_packet_handler/package.xml
[5.265s] Invoked command in '/Users/yosuke/gits/cxd5602pwbimu_ros2_driver/ros2_ws/build/h6x_packet_handler' returned '0': CMAKE_PREFIX_PATH=${CMAKE_PREFIX_PATH}:/Users/yosuke/gits/cxd5602pwbimu_ros2_driver/ros2_ws/install/cxd5602pwbimu_driver_bringup:/Users/yosuke/miniforge3/envs/ros_env CONDA_PROMPT_MODIFIER=(ros_env) SHLVL=2 _=/Users/yosuke/miniforge3/envs/ros_env/bin/env /Users/yosuke/miniforge3/envs/ros_env/bin/cmake --install /Users/yosuke/gits/cxd5602pwbimu_ros2_driver/ros2_ws/build/h6x_packet_handler
