CMake Deprecation Warning at CMakeLists.txt:1 (cmake_minimum_required):
  Compatibility with CMake < 3.10 will be removed from a future version of
  CMake.

  Update the VERSION argument <min> value.  Or, use the <min>...<max> syntax
  to tell CMake that the project requires at least <min> but has been updated
  to work with policies introduced by <max> or earlier.


-- The C compiler identification is Clang 18.1.8
-- The CXX compiler identification is Clang 18.1.8
-- Detecting C compiler ABI info
-- Detecting C compiler ABI info - done
-- Check for working C compiler: /Users/yosuke/miniforge3/envs/ros_env/bin/arm64-apple-darwin20.0.0-clang - skipped
-- Detecting C compile features
-- Detecting C compile features - done
-- Detecting CXX compiler ABI info
-- Detecting CXX compiler ABI info - done
-- Check for working CXX compiler: /Users/yosuke/miniforge3/envs/ros_env/bin/arm64-apple-darwin20.0.0-clang++ - skipped
-- Detecting CXX compile features
-- Detecting CXX compile features - done
-- Found ament_cmake: 1.3.11 (/Users/yosuke/miniforge3/envs/ros_env/share/ament_cmake/cmake)
-- Found Python3: /Users/yosuke/miniforge3/envs/ros_env/bin/python3 (found version "3.11.13") found components: Interpreter
-- Found message_filters: 4.3.5 (/Users/yosuke/miniforge3/envs/ros_env/share/message_filters/cmake)
-- Found rosidl_generator_c: 3.1.6 (/Users/yosuke/miniforge3/envs/ros_env/share/rosidl_generator_c/cmake)
-- Found rosidl_adapter: 3.1.6 (/Users/yosuke/miniforge3/envs/ros_env/share/rosidl_adapter/cmake)
-- Found rosidl_generator_cpp: 3.1.6 (/Users/yosuke/miniforge3/envs/ros_env/share/rosidl_generator_cpp/cmake)
-- Using all available rosidl_typesupport_c: rosidl_typesupport_fastrtps_c;rosidl_typesupport_introspection_c
-- Using all available rosidl_typesupport_cpp: rosidl_typesupport_fastrtps_cpp;rosidl_typesupport_introspection_cpp
-- Checking for module 'yaml-0.1'
--   Found yaml-0.1, version 0.2.5
-- Found rmw_implementation_cmake: 6.1.2 (/Users/yosuke/miniforge3/envs/ros_env/share/rmw_implementation_cmake/cmake)
-- Found rmw_fastrtps_cpp: 6.2.7 (/Users/yosuke/miniforge3/envs/ros_env/share/rmw_fastrtps_cpp/cmake)
-- Found OpenSSL: /opt/homebrew/opt/openssl@3/lib/libcrypto.dylib (found version "3.5.1")
-- Found FastRTPS: /Users/yosuke/miniforge3/envs/ros_env/include
-- Using RMW implementation 'rmw_fastrtps_cpp' as default
-- Performing Test CMAKE_HAVE_LIBC_PTHREAD
-- Performing Test CMAKE_HAVE_LIBC_PTHREAD - Success
-- Found Threads: TRUE
-- Found rviz_common: 11.2.15 (/Users/yosuke/miniforge3/envs/ros_env/share/rviz_common/cmake)
-- Setting assimp_DIR to: '/Users/yosuke/miniforge3/envs/ros_env/share/rviz_assimp_vendor/cmake/../../../opt/rviz_assimp_vendor/lib/cmake/assimp-4.1'
-- Setting OGRE_DIR to: '/Users/yosuke/miniforge3/envs/ros_env/share/rviz_ogre_vendor/cmake/../../../opt/rviz_ogre_vendor/CMake'
-- Found OGRE
--   static     : OFF
--   components : MeshLodGenerator;Overlay;Paging;Property;RTShaderSystem;Terrain;Volume
--   plugins    : Plugin_BSPSceneManager;Plugin_OctreeSceneManager;Plugin_PCZSceneManager;Plugin_ParticleFX;RenderSystem_GL;RenderSystem_GL3Plus;Codec_STBI;Codec_FreeImage
--   media      : /Users/yosuke/miniforge3/envs/ros_env/opt/rviz_ogre_vendor/Media
-- OGRE_LIBRARIES: OgreMeshLodGenerator;OgreOverlay;OgrePaging;OgreProperty;OgreRTShaderSystem;OgreTerrain;OgreVolume;OgreMain
-- OGRE_LIBRARY_DIRS: /Users/yosuke/miniforge3/envs/ros_env/opt/rviz_ogre_vendor/lib
-- OGRE_PLUGINS: Plugin_BSPSceneManager;Plugin_OctreeSceneManager;Plugin_PCZSceneManager;Plugin_ParticleFX;RenderSystem_GL;RenderSystem_GL3Plus;Codec_STBI;Codec_FreeImage
-- OGRE_PLUGIN_DIR: /Users/yosuke/miniforge3/envs/ros_env/opt/rviz_ogre_vendor/lib/OGRE
-- rviz_ogre_vendor::OgreOverlay for IMPORTED_LOCATION_RELEASE: /Users/yosuke/miniforge3/envs/ros_env/opt/rviz_ogre_vendor/lib/libOgreOverlay.dylib
-- rviz_ogre_vendor::OgreOverlay for IMPORTED_LOCATION_DEBUG: /Users/yosuke/miniforge3/envs/ros_env/opt/rviz_ogre_vendor/lib/libOgreOverlay.dylib
-- rviz_ogre_vendor::OgreMain for IMPORTED_LOCATION_RELEASE: /Users/yosuke/miniforge3/envs/ros_env/opt/rviz_ogre_vendor/lib/libOgreMain.dylib
-- rviz_ogre_vendor::OgreMain for IMPORTED_LOCATION_DEBUG: /Users/yosuke/miniforge3/envs/ros_env/opt/rviz_ogre_vendor/lib/libOgreMain.dylib
-- Found ZLIB: /Users/yosuke/miniforge3/envs/ros_env/lib/libz.dylib (found version "1.3.1")
-- Found OpenGL: /Applications/Xcode.app/Contents/Developer/Platforms/MacOSX.platform/Developer/SDKs/MacOSX.sdk/System/Library/Frameworks/OpenGL.framework
-- library: /Users/yosuke/miniforge3/envs/ros_env/lib/libcurl.dylib
-- Found Eigen3: TRUE (found version "3.4.0")
-- Ensuring Eigen3 include directory is part of orocos-kdl CMake target
-- Configuring done (9.8s)
-- Generating done (0.1s)
-- Build files have been written to: /Users/yosuke/gits/cxd5602pwbimu_ros2_driver/ros2_ws/build/rviz_imu_plugin
[  0%] Built target rviz_imu_plugin_autogen_timestamp_deps
[ 10%] Automatic MOC for target rviz_imu_plugin
[ 10%] Built target rviz_imu_plugin_autogen
[ 20%] Building CXX object CMakeFiles/rviz_imu_plugin.dir/rviz_imu_plugin_autogen/mocs_compilation.cpp.o
[ 30%] Building CXX object CMakeFiles/rviz_imu_plugin.dir/src/imu_display.cpp.o
[ 40%] Building CXX object CMakeFiles/rviz_imu_plugin.dir/src/imu_acc_visual.cpp.o
[ 60%] Building CXX object CMakeFiles/rviz_imu_plugin.dir/src/mag_visual.cpp.o
[ 70%] Building CXX object CMakeFiles/rviz_imu_plugin.dir/src/mag_display.cpp.o
[ 70%] Building CXX object CMakeFiles/rviz_imu_plugin.dir/src/imu_axes_visual.cpp.o
[ 80%] Building CXX object CMakeFiles/rviz_imu_plugin.dir/src/imu_orientation_visual.cpp.o
/Users/yosuke/gits/cxd5602pwbimu_ros2_driver/ros2_ws/src/imu_tools/rviz_imu_plugin/src/imu_orientation_visual.cpp:48:24: warning: implicit conversion from 'double' to 'int' changes value from 0.5 to 0 [-Wliteral-conversion]
   48 |       color_(0.5, 0.5, 0.5),
      |       ~~~~~~           ^~~
/Users/yosuke/gits/cxd5602pwbimu_ros2_driver/ros2_ws/src/imu_tools/rviz_imu_plugin/src/imu_orientation_visual.cpp:48:19: warning: implicit conversion from 'double' to 'int' changes value from 0.5 to 0 [-Wliteral-conversion]
   48 |       color_(0.5, 0.5, 0.5),
      |       ~~~~~~      ^~~
/Users/yosuke/gits/cxd5602pwbimu_ros2_driver/ros2_ws/src/imu_tools/rviz_imu_plugin/src/imu_orientation_visual.cpp:48:14: warning: implicit conversion from 'double' to 'int' changes value from 0.5 to 0 [-Wliteral-conversion]
   48 |       color_(0.5, 0.5, 0.5),
      |       ~~~~~~ ^~~
3 warnings generated.
[ 90%] Linking CXX shared library librviz_imu_plugin.dylib
ld: warning: duplicate -rpath '/Users/yosuke/miniforge3/envs/ros_env/lib' ignored
[100%] Built target rviz_imu_plugin
-- Install configuration: ""
-- Installing: /Users/yosuke/gits/cxd5602pwbimu_ros2_driver/ros2_ws/install/rviz_imu_plugin/share/rviz_imu_plugin/plugin_description.xml
-- Installing: /Users/yosuke/gits/cxd5602pwbimu_ros2_driver/ros2_ws/install/rviz_imu_plugin/lib/librviz_imu_plugin.dylib
/Users/yosuke/miniforge3/envs/ros_env/bin/install_name_tool: warning: changes being made to the file will invalidate the code signature in: /Users/yosuke/gits/cxd5602pwbimu_ros2_driver/ros2_ws/install/rviz_imu_plugin/lib/librviz_imu_plugin.dylib
[cctools-port]: generating fake signature for '/Users/yosuke/gits/cxd5602pwbimu_ros2_driver/ros2_ws/install/rviz_imu_plugin/lib/librviz_imu_plugin.dylib'
-- Installing: /Users/yosuke/gits/cxd5602pwbimu_ros2_driver/ros2_ws/install/rviz_imu_plugin/share/ament_index/resource_index/package_run_dependencies/rviz_imu_plugin
-- Installing: /Users/yosuke/gits/cxd5602pwbimu_ros2_driver/ros2_ws/install/rviz_imu_plugin/share/ament_index/resource_index/parent_prefix_path/rviz_imu_plugin
-- Installing: /Users/yosuke/gits/cxd5602pwbimu_ros2_driver/ros2_ws/install/rviz_imu_plugin/share/rviz_imu_plugin/environment/ament_prefix_path.sh
-- Installing: /Users/yosuke/gits/cxd5602pwbimu_ros2_driver/ros2_ws/install/rviz_imu_plugin/share/rviz_imu_plugin/environment/ament_prefix_path.dsv
-- Installing: /Users/yosuke/gits/cxd5602pwbimu_ros2_driver/ros2_ws/install/rviz_imu_plugin/share/rviz_imu_plugin/environment/path.sh
-- Installing: /Users/yosuke/gits/cxd5602pwbimu_ros2_driver/ros2_ws/install/rviz_imu_plugin/share/rviz_imu_plugin/environment/path.dsv
-- Installing: /Users/yosuke/gits/cxd5602pwbimu_ros2_driver/ros2_ws/install/rviz_imu_plugin/share/rviz_imu_plugin/local_setup.bash
-- Installing: /Users/yosuke/gits/cxd5602pwbimu_ros2_driver/ros2_ws/install/rviz_imu_plugin/share/rviz_imu_plugin/local_setup.sh
-- Installing: /Users/yosuke/gits/cxd5602pwbimu_ros2_driver/ros2_ws/install/rviz_imu_plugin/share/rviz_imu_plugin/local_setup.zsh
-- Installing: /Users/yosuke/gits/cxd5602pwbimu_ros2_driver/ros2_ws/install/rviz_imu_plugin/share/rviz_imu_plugin/local_setup.dsv
-- Installing: /Users/yosuke/gits/cxd5602pwbimu_ros2_driver/ros2_ws/install/rviz_imu_plugin/share/rviz_imu_plugin/package.dsv
-- Installing: /Users/yosuke/gits/cxd5602pwbimu_ros2_driver/ros2_ws/install/rviz_imu_plugin/share/ament_index/resource_index/packages/rviz_imu_plugin
-- Installing: /Users/yosuke/gits/cxd5602pwbimu_ros2_driver/ros2_ws/install/rviz_imu_plugin/share/ament_index/resource_index/rviz_common__pluginlib__plugin/rviz_imu_plugin
-- Installing: /Users/yosuke/gits/cxd5602pwbimu_ros2_driver/ros2_ws/install/rviz_imu_plugin/share/rviz_imu_plugin/cmake/ament_cmake_export_include_directories-extras.cmake
-- Installing: /Users/yosuke/gits/cxd5602pwbimu_ros2_driver/ros2_ws/install/rviz_imu_plugin/share/rviz_imu_plugin/cmake/ament_cmake_export_libraries-extras.cmake
-- Installing: /Users/yosuke/gits/cxd5602pwbimu_ros2_driver/ros2_ws/install/rviz_imu_plugin/share/rviz_imu_plugin/cmake/ament_cmake_export_dependencies-extras.cmake
-- Installing: /Users/yosuke/gits/cxd5602pwbimu_ros2_driver/ros2_ws/install/rviz_imu_plugin/share/rviz_imu_plugin/cmake/rviz_imu_pluginConfig.cmake
-- Installing: /Users/yosuke/gits/cxd5602pwbimu_ros2_driver/ros2_ws/install/rviz_imu_plugin/share/rviz_imu_plugin/cmake/rviz_imu_pluginConfig-version.cmake
-- Installing: /Users/yosuke/gits/cxd5602pwbimu_ros2_driver/ros2_ws/install/rviz_imu_plugin/share/rviz_imu_plugin/package.xml
