[0.038s] Invoking command in '/Users/yosuke/gits/cxd5602pwbimu_ros2_driver/ros2_ws/build/imu_trajectory_filter': CMAKE_PREFIX_PATH=${CMAKE_PREFIX_PATH}:/Users/yosuke/gits/cxd5602pwbimu_ros2_driver/ros2_ws/install/cxd5602pwbimu_driver_bringup:/Users/yosuke/miniforge3/envs/ros_env CONDA_PROMPT_MODIFIER=(ros_env) SHLVL=2 _=/Users/yosuke/miniforge3/envs/ros_env/bin/env /Users/yosuke/miniforge3/envs/ros_env/bin/cmake /Users/yosuke/gits/cxd5602pwbimu_ros2_driver/ros2_ws/src/imu_trajectory_filter -DCMAKE_INSTALL_PREFIX=/Users/yosuke/gits/cxd5602pwbimu_ros2_driver/ros2_ws/install/imu_trajectory_filter
[0.064s] CMake Deprecation Warning at CMakeLists.txt:1 (cmake_minimum_required):
[0.064s]   Compatibility with CMake < 3.10 will be removed from a future version of
[0.064s]   CMake.
[0.064s] 
[0.064s]   Update the VERSION argument <min> value.  Or, use the <min>...<max> syntax
[0.064s]   to tell CMake that the project requires at least <min> but has been updated
[0.065s]   to work with policies introduced by <max> or earlier.
[0.065s] 
[0.065s] 
[0.236s] -- The C compiler identification is Clang 18.1.8
[0.413s] -- The CXX compiler identification is Clang 18.1.8
[0.448s] -- Detecting C compiler ABI info
[0.703s] -- Detecting C compiler ABI info - done
[0.708s] -- Check for working C compiler: /Users/yosuke/miniforge3/envs/ros_env/bin/arm64-apple-darwin20.0.0-clang - skipped
[0.708s] -- Detecting C compile features
[0.709s] -- Detecting C compile features - done
[0.712s] -- Detecting CXX compiler ABI info
[0.978s] -- Detecting CXX compiler ABI info - done
[0.986s] -- Check for working CXX compiler: /Users/yosuke/miniforge3/envs/ros_env/bin/arm64-apple-darwin20.0.0-clang++ - skipped
[0.986s] -- Detecting CXX compile features
[0.987s] -- Detecting CXX compile features - done
[1.008s] -- Found ament_cmake: 1.3.11 (/Users/yosuke/miniforge3/envs/ros_env/share/ament_cmake/cmake)
[1.192s] -- Found Python3: /Users/yosuke/miniforge3/envs/ros_env/bin/python3 (found version "3.11.13") found components: Interpreter
[1.568s] -- Found rclcpp: 16.0.11 (/Users/yosuke/miniforge3/envs/ros_env/share/rclcpp/cmake)
[1.873s] -- Found rosidl_generator_c: 3.1.6 (/Users/yosuke/miniforge3/envs/ros_env/share/rosidl_generator_c/cmake)
[1.918s] -- Found rosidl_adapter: 3.1.6 (/Users/yosuke/miniforge3/envs/ros_env/share/rosidl_adapter/cmake)
[1.977s] -- Found rosidl_generator_cpp: 3.1.6 (/Users/yosuke/miniforge3/envs/ros_env/share/rosidl_generator_cpp/cmake)
[2.043s] -- Using all available rosidl_typesupport_c: rosidl_typesupport_fastrtps_c;rosidl_typesupport_introspection_c
[2.133s] -- Using all available rosidl_typesupport_cpp: rosidl_typesupport_fastrtps_cpp;rosidl_typesupport_introspection_cpp
[2.553s] -- Checking for module 'yaml-0.1'
[2.991s] --   Found yaml-0.1, version 0.2.5
[4.016s] -- Found rmw_implementation_cmake: 6.1.2 (/Users/yosuke/miniforge3/envs/ros_env/share/rmw_implementation_cmake/cmake)
[4.027s] -- Found rmw_fastrtps_cpp: 6.2.7 (/Users/yosuke/miniforge3/envs/ros_env/share/rmw_fastrtps_cpp/cmake)
[5.584s] -- Found OpenSSL: /opt/homebrew/opt/openssl@3/lib/libcrypto.dylib (found version "3.5.1")
[5.745s] -- Found FastRTPS: /Users/yosuke/miniforge3/envs/ros_env/include
[5.916s] -- Using RMW implementation 'rmw_fastrtps_cpp' as default
[5.944s] -- Performing Test CMAKE_HAVE_LIBC_PTHREAD
[6.199s] -- Performing Test CMAKE_HAVE_LIBC_PTHREAD - Success
[6.200s] -- Found Threads: TRUE
[6.289s] -- Found std_msgs: 4.2.4 (/Users/yosuke/miniforge3/envs/ros_env/share/std_msgs/cmake)
[6.317s] -- Found sensor_msgs: 4.2.4 (/Users/yosuke/miniforge3/envs/ros_env/share/sensor_msgs/cmake)
[6.416s] -- Found nav_msgs: 4.2.4 (/Users/yosuke/miniforge3/envs/ros_env/share/nav_msgs/cmake)
[6.460s] -- Found tf2: 0.25.10 (/Users/yosuke/miniforge3/envs/ros_env/share/tf2/cmake)
[6.496s] -- Found tf2_ros: 0.25.10 (/Users/yosuke/miniforge3/envs/ros_env/share/tf2_ros/cmake)
[6.813s] -- Found tf2_geometry_msgs: 0.25.10 (/Users/yosuke/miniforge3/envs/ros_env/share/tf2_geometry_msgs/cmake)
[6.870s] -- Found eigen3_cmake_module: 0.1.1 (/Users/yosuke/miniforge3/envs/ros_env/share/eigen3_cmake_module/cmake)
[6.905s] -- Found Eigen3: TRUE (found version "3.4.0")
[6.905s] -- Ensuring Eigen3 include directory is part of orocos-kdl CMake target
[6.905s] -- Found ament_lint_auto: 0.12.11 (/Users/yosuke/miniforge3/envs/ros_env/share/ament_lint_auto/cmake)
[7.041s] -- Added test 'cppcheck' to perform static code analysis on C / C++ code
[7.041s] -- Configured cppcheck include dirs: /Users/yosuke/gits/cxd5602pwbimu_ros2_driver/ros2_ws/src/imu_trajectory_filter/include
[7.042s] -- Configured cppcheck exclude dirs and/or files: 
[7.042s] -- Added test 'flake8' to check Python code syntax and style conventions
[7.043s] -- Added test 'lint_cmake' to check CMake code style
[7.045s] -- Added test 'pep257' to check Python code against some of the docstring style conventions in PEP 257
[7.048s] -- Added test 'uncrustify' to check C / C++ code style
[7.048s] -- Configured uncrustify additional arguments: 
[7.049s] -- Added test 'xmllint' to check XML markup files
[7.052s] -- Configuring done (7.0s)
[7.103s] -- Generating done (0.1s)
[7.104s] -- Build files have been written to: /Users/yosuke/gits/cxd5602pwbimu_ros2_driver/ros2_ws/build/imu_trajectory_filter
[7.110s] Invoked command in '/Users/yosuke/gits/cxd5602pwbimu_ros2_driver/ros2_ws/build/imu_trajectory_filter' returned '0': CMAKE_PREFIX_PATH=${CMAKE_PREFIX_PATH}:/Users/yosuke/gits/cxd5602pwbimu_ros2_driver/ros2_ws/install/cxd5602pwbimu_driver_bringup:/Users/yosuke/miniforge3/envs/ros_env CONDA_PROMPT_MODIFIER=(ros_env) SHLVL=2 _=/Users/yosuke/miniforge3/envs/ros_env/bin/env /Users/yosuke/miniforge3/envs/ros_env/bin/cmake /Users/yosuke/gits/cxd5602pwbimu_ros2_driver/ros2_ws/src/imu_trajectory_filter -DCMAKE_INSTALL_PREFIX=/Users/yosuke/gits/cxd5602pwbimu_ros2_driver/ros2_ws/install/imu_trajectory_filter
[7.111s] Invoking command in '/Users/yosuke/gits/cxd5602pwbimu_ros2_driver/ros2_ws/build/imu_trajectory_filter': CMAKE_PREFIX_PATH=${CMAKE_PREFIX_PATH}:/Users/yosuke/gits/cxd5602pwbimu_ros2_driver/ros2_ws/install/cxd5602pwbimu_driver_bringup:/Users/yosuke/miniforge3/envs/ros_env CONDA_PROMPT_MODIFIER=(ros_env) SHLVL=2 _=/Users/yosuke/miniforge3/envs/ros_env/bin/env /Users/yosuke/miniforge3/envs/ros_env/bin/cmake --build /Users/yosuke/gits/cxd5602pwbimu_ros2_driver/ros2_ws/build/imu_trajectory_filter -- -j10 -l10
[7.302s] [ 25%] Building CXX object CMakeFiles/imu_trajectory_filter.dir/src/imu_trajectory_filter.cpp.o
[9.269s] In file included from /Users/yosuke/gits/cxd5602pwbimu_ros2_driver/ros2_ws/src/imu_trajectory_filter/src/imu_trajectory_filter.cpp:1:
[9.269s] In file included from /Users/yosuke/gits/cxd5602pwbimu_ros2_driver/ros2_ws/src/imu_trajectory_filter/include/imu_trajectory_filter/imu_trajectory_filter.hpp:4:
[9.269s] In file included from /Users/yosuke/miniforge3/envs/ros_env/include/rclcpp/rclcpp/rclcpp.hpp:155:
[9.269s] In file included from /Users/yosuke/miniforge3/envs/ros_env/include/rclcpp/rclcpp/executors.hpp:21:
[9.269s] In file included from /Users/yosuke/miniforge3/envs/ros_env/include/rclcpp/rclcpp/executors/multi_threaded_executor.hpp:25:
[9.269s] In file included from /Users/yosuke/miniforge3/envs/ros_env/include/rclcpp/rclcpp/executor.hpp:37:
[9.269s] In file included from /Users/yosuke/miniforge3/envs/ros_env/include/rclcpp/rclcpp/executor_options.hpp:20:
[9.269s] In file included from /Users/yosuke/miniforge3/envs/ros_env/include/rclcpp/rclcpp/memory_strategies.hpp:18:
[9.270s] In file included from /Users/yosuke/miniforge3/envs/ros_env/include/rclcpp/rclcpp/memory_strategy.hpp:25:
[9.270s] In file included from /Users/yosuke/miniforge3/envs/ros_env/include/rclcpp/rclcpp/any_executable.hpp:20:
[9.270s] In file included from /Users/yosuke/miniforge3/envs/ros_env/include/rclcpp/rclcpp/callback_group.hpp:29:
[9.270s] In file included from /Users/yosuke/miniforge3/envs/ros_env/include/rclcpp/rclcpp/subscription_base.hpp:32:
[9.270s] /Users/yosuke/miniforge3/envs/ros_env/include/rclcpp/rclcpp/any_subscription_callback.hpp:391:7: warning: 'set_deprecated<sensor_msgs::msg::Imu_<std::allocator<void>>>' is deprecated: use 'void(std::shared_ptr<const MessageT>)' instead [-Wdeprecated-declarations]
[9.270s]   391 |       set_deprecated(static_cast<typename scbth::callback_type>(callback));
[9.270s]       |       ^
[9.270s] /Users/yosuke/miniforge3/envs/ros_env/include/rclcpp/rclcpp/subscription_factory.hpp:94:29: note: in instantiation of function template specialization 'rclcpp::AnySubscriptionCallback<sensor_msgs::msg::Imu_<std::allocator<void>>>::set<std::__bind<void (ImuTrajectoryFilter::*)(std::shared_ptr<sensor_msgs::msg::Imu_<std::allocator<void>>>), ImuTrajectoryFilter *, const std::placeholders::__ph<1> &>>' requested here
[9.270s]    94 |   any_subscription_callback.set(std::forward<CallbackT>(callback));
[9.270s]       |                             ^
[9.270s] /Users/yosuke/miniforge3/envs/ros_env/include/rclcpp/rclcpp/create_subscription.hpp:122:26: note: in instantiation of function template specialization 'rclcpp::create_subscription_factory<sensor_msgs::msg::Imu_<std::allocator<void>>, std::__bind<void (ImuTrajectoryFilter::*)(std::shared_ptr<sensor_msgs::msg::Imu_<std::allocator<void>>>), ImuTrajectoryFilter *, const std::placeholders::__ph<1> &>, std::allocator<void>, rclcpp::Subscription<sensor_msgs::msg::Imu_<std::allocator<void>>>, rclcpp::message_memory_strategy::MessageMemoryStrategy<sensor_msgs::msg::Imu_<std::allocator<void>>>, sensor_msgs::msg::Imu_<std::allocator<void>>>' requested here
[9.270s]   122 |   auto factory = rclcpp::create_subscription_factory<MessageT>(
[9.270s]       |                          ^
[9.270s] /Users/yosuke/miniforge3/envs/ros_env/include/rclcpp/rclcpp/create_subscription.hpp:190:26: note: in instantiation of function template specialization 'rclcpp::detail::create_subscription<sensor_msgs::msg::Imu_<std::allocator<void>>, std::__bind<void (ImuTrajectoryFilter::*)(std::shared_ptr<sensor_msgs::msg::Imu_<std::allocator<void>>>), ImuTrajectoryFilter *, const std::placeholders::__ph<1> &>, std::allocator<void>, rclcpp::Subscription<sensor_msgs::msg::Imu_<std::allocator<void>>>, rclcpp::message_memory_strategy::MessageMemoryStrategy<sensor_msgs::msg::Imu_<std::allocator<void>>>, rclcpp::Node, rclcpp::Node, sensor_msgs::msg::Imu_<std::allocator<void>>>' requested here
[9.270s]   190 |   return rclcpp::detail::create_subscription<
[9.270s]       |                          ^
[9.270s] /Users/yosuke/miniforge3/envs/ros_env/include/rclcpp/rclcpp/node_impl.hpp:99:18: note: in instantiation of function template specialization 'rclcpp::create_subscription<sensor_msgs::msg::Imu_<std::allocator<void>>, std::__bind<void (ImuTrajectoryFilter::*)(std::shared_ptr<sensor_msgs::msg::Imu_<std::allocator<void>>>), ImuTrajectoryFilter *, const std::placeholders::__ph<1> &>, std::allocator<void>, rclcpp::Subscription<sensor_msgs::msg::Imu_<std::allocator<void>>>, rclcpp::message_memory_strategy::MessageMemoryStrategy<sensor_msgs::msg::Imu_<std::allocator<void>>>, rclcpp::Node>' requested here
[9.270s]    99 |   return rclcpp::create_subscription<MessageT>(
[9.270s]       |                  ^
[9.270s] /Users/yosuke/gits/cxd5602pwbimu_ros2_driver/ros2_ws/src/imu_trajectory_filter/src/imu_trajectory_filter.cpp:17:20: note: in instantiation of function template specialization 'rclcpp::Node::create_subscription<sensor_msgs::msg::Imu_<std::allocator<void>>, std::__bind<void (ImuTrajectoryFilter::*)(std::shared_ptr<sensor_msgs::msg::Imu_<std::allocator<void>>>), ImuTrajectoryFilter *, const std::placeholders::__ph<1> &>, std::allocator<void>, rclcpp::Subscription<sensor_msgs::msg::Imu_<std::allocator<void>>>, rclcpp::message_memory_strategy::MessageMemoryStrategy<sensor_msgs::msg::Imu_<std::allocator<void>>>>' requested here
[9.270s]    17 |   imu_sub_ = this->create_subscription<sensor_msgs::msg::Imu>(
[9.271s]       |                    ^
[9.271s] /Users/yosuke/miniforge3/envs/ros_env/include/rclcpp/rclcpp/any_subscription_callback.hpp:405:5: note: 'set_deprecated<sensor_msgs::msg::Imu_<std::allocator<void>>>' has been explicitly marked deprecated here
[9.271s]   405 |   [[deprecated("use 'void(std::shared_ptr<const MessageT>)' instead")]]
[9.271s]       |     ^
[13.634s] 1 warning generated.
[13.679s] [ 50%] Linking CXX shared library libimu_trajectory_filter.dylib
[13.804s] [ 50%] Built target imu_trajectory_filter
[13.891s] [ 75%] Building CXX object CMakeFiles/imu_trajectory_filter_node.dir/src/imu_trajectory_filter_node.cpp.o
[15.786s] [100%] Linking CXX executable imu_trajectory_filter_node
[15.902s] [100%] Built target imu_trajectory_filter_node
[15.918s] Invoked command in '/Users/yosuke/gits/cxd5602pwbimu_ros2_driver/ros2_ws/build/imu_trajectory_filter' returned '0': CMAKE_PREFIX_PATH=${CMAKE_PREFIX_PATH}:/Users/yosuke/gits/cxd5602pwbimu_ros2_driver/ros2_ws/install/cxd5602pwbimu_driver_bringup:/Users/yosuke/miniforge3/envs/ros_env CONDA_PROMPT_MODIFIER=(ros_env) SHLVL=2 _=/Users/yosuke/miniforge3/envs/ros_env/bin/env /Users/yosuke/miniforge3/envs/ros_env/bin/cmake --build /Users/yosuke/gits/cxd5602pwbimu_ros2_driver/ros2_ws/build/imu_trajectory_filter -- -j10 -l10
[16.253s] Invoking command in '/Users/yosuke/gits/cxd5602pwbimu_ros2_driver/ros2_ws/build/imu_trajectory_filter': CMAKE_PREFIX_PATH=${CMAKE_PREFIX_PATH}:/Users/yosuke/gits/cxd5602pwbimu_ros2_driver/ros2_ws/install/cxd5602pwbimu_driver_bringup:/Users/yosuke/miniforge3/envs/ros_env CONDA_PROMPT_MODIFIER=(ros_env) SHLVL=2 _=/Users/yosuke/miniforge3/envs/ros_env/bin/env /Users/yosuke/miniforge3/envs/ros_env/bin/cmake --install /Users/yosuke/gits/cxd5602pwbimu_ros2_driver/ros2_ws/build/imu_trajectory_filter
[16.267s] -- Install configuration: ""
[16.268s] -- Installing: /Users/yosuke/gits/cxd5602pwbimu_ros2_driver/ros2_ws/install/imu_trajectory_filter/lib/imu_trajectory_filter/libimu_trajectory_filter.dylib
[16.268s] -- Installing: /Users/yosuke/gits/cxd5602pwbimu_ros2_driver/ros2_ws/install/imu_trajectory_filter/lib/imu_trajectory_filter/imu_trajectory_filter_node
[16.273s] /Users/yosuke/miniforge3/envs/ros_env/bin/install_name_tool: warning: changes being made to the file will invalidate the code signature in: /Users/yosuke/gits/cxd5602pwbimu_ros2_driver/ros2_ws/install/imu_trajectory_filter/lib/imu_trajectory_filter/imu_trajectory_filter_node
[16.273s] [cctools-port]: generating fake signature for '/Users/yosuke/gits/cxd5602pwbimu_ros2_driver/ros2_ws/install/imu_trajectory_filter/lib/imu_trajectory_filter/imu_trajectory_filter_node'
[16.308s] -- Installing: /Users/yosuke/gits/cxd5602pwbimu_ros2_driver/ros2_ws/install/imu_trajectory_filter/include/
[16.309s] -- Installing: /Users/yosuke/gits/cxd5602pwbimu_ros2_driver/ros2_ws/install/imu_trajectory_filter/include//imu_trajectory_filter
[16.309s] -- Installing: /Users/yosuke/gits/cxd5602pwbimu_ros2_driver/ros2_ws/install/imu_trajectory_filter/include//imu_trajectory_filter/imu_trajectory_filter.hpp
[16.309s] -- Installing: /Users/yosuke/gits/cxd5602pwbimu_ros2_driver/ros2_ws/install/imu_trajectory_filter/share/imu_trajectory_filter/launch/
[16.310s] -- Installing: /Users/yosuke/gits/cxd5602pwbimu_ros2_driver/ros2_ws/install/imu_trajectory_filter/share/imu_trajectory_filter/launch//imu_trajectory_filter.launch.py
[16.310s] -- Installing: /Users/yosuke/gits/cxd5602pwbimu_ros2_driver/ros2_ws/install/imu_trajectory_filter/share/imu_trajectory_filter/rviz/
[16.310s] -- Installing: /Users/yosuke/gits/cxd5602pwbimu_ros2_driver/ros2_ws/install/imu_trajectory_filter/share/imu_trajectory_filter/rviz//trajectory_view.rviz
[16.310s] -- Installing: /Users/yosuke/gits/cxd5602pwbimu_ros2_driver/ros2_ws/install/imu_trajectory_filter/share/ament_index/resource_index/package_run_dependencies/imu_trajectory_filter
[16.311s] -- Installing: /Users/yosuke/gits/cxd5602pwbimu_ros2_driver/ros2_ws/install/imu_trajectory_filter/share/ament_index/resource_index/parent_prefix_path/imu_trajectory_filter
[16.311s] -- Installing: /Users/yosuke/gits/cxd5602pwbimu_ros2_driver/ros2_ws/install/imu_trajectory_filter/share/imu_trajectory_filter/environment/ament_prefix_path.sh
[16.312s] -- Installing: /Users/yosuke/gits/cxd5602pwbimu_ros2_driver/ros2_ws/install/imu_trajectory_filter/share/imu_trajectory_filter/environment/ament_prefix_path.dsv
[16.312s] -- Installing: /Users/yosuke/gits/cxd5602pwbimu_ros2_driver/ros2_ws/install/imu_trajectory_filter/share/imu_trajectory_filter/environment/path.sh
[16.313s] -- Installing: /Users/yosuke/gits/cxd5602pwbimu_ros2_driver/ros2_ws/install/imu_trajectory_filter/share/imu_trajectory_filter/environment/path.dsv
[16.313s] -- Installing: /Users/yosuke/gits/cxd5602pwbimu_ros2_driver/ros2_ws/install/imu_trajectory_filter/share/imu_trajectory_filter/local_setup.bash
[16.313s] -- Installing: /Users/yosuke/gits/cxd5602pwbimu_ros2_driver/ros2_ws/install/imu_trajectory_filter/share/imu_trajectory_filter/local_setup.sh
[16.313s] -- Installing: /Users/yosuke/gits/cxd5602pwbimu_ros2_driver/ros2_ws/install/imu_trajectory_filter/share/imu_trajectory_filter/local_setup.zsh
[16.314s] -- Installing: /Users/yosuke/gits/cxd5602pwbimu_ros2_driver/ros2_ws/install/imu_trajectory_filter/share/imu_trajectory_filter/local_setup.dsv
[16.314s] -- Installing: /Users/yosuke/gits/cxd5602pwbimu_ros2_driver/ros2_ws/install/imu_trajectory_filter/share/imu_trajectory_filter/package.dsv
[16.314s] -- Installing: /Users/yosuke/gits/cxd5602pwbimu_ros2_driver/ros2_ws/install/imu_trajectory_filter/share/ament_index/resource_index/packages/imu_trajectory_filter
[16.314s] -- Installing: /Users/yosuke/gits/cxd5602pwbimu_ros2_driver/ros2_ws/install/imu_trajectory_filter/share/imu_trajectory_filter/cmake/imu_trajectory_filterConfig.cmake
[16.314s] -- Installing: /Users/yosuke/gits/cxd5602pwbimu_ros2_driver/ros2_ws/install/imu_trajectory_filter/share/imu_trajectory_filter/cmake/imu_trajectory_filterConfig-version.cmake
[16.314s] -- Installing: /Users/yosuke/gits/cxd5602pwbimu_ros2_driver/ros2_ws/install/imu_trajectory_filter/share/imu_trajectory_filter/package.xml
[16.316s] Invoked command in '/Users/yosuke/gits/cxd5602pwbimu_ros2_driver/ros2_ws/build/imu_trajectory_filter' returned '0': CMAKE_PREFIX_PATH=${CMAKE_PREFIX_PATH}:/Users/yosuke/gits/cxd5602pwbimu_ros2_driver/ros2_ws/install/cxd5602pwbimu_driver_bringup:/Users/yosuke/miniforge3/envs/ros_env CONDA_PROMPT_MODIFIER=(ros_env) SHLVL=2 _=/Users/yosuke/miniforge3/envs/ros_env/bin/env /Users/yosuke/miniforge3/envs/ros_env/bin/cmake --install /Users/yosuke/gits/cxd5602pwbimu_ros2_driver/ros2_ws/build/imu_trajectory_filter
