[0.021s] Invoking command in '/Users/yosuke/gits/cxd5602pwbimu_ros2_driver/ros2_ws/build/h6x_serial_interface': CMAKE_PREFIX_PATH=${CMAKE_PREFIX_PATH}:/Users/yosuke/miniforge3/envs/ros_env CONDA_PROMPT_MODIFIER=(ros_env) SHLVL=3 _=/Users/yosuke/miniforge3/envs/ros_env/bin/env /Users/yosuke/miniforge3/envs/ros_env/bin/cmake /Users/yosuke/gits/cxd5602pwbimu_ros2_driver/ros2_ws/src/h6x_serial_interface/h6x_serial_interface -DCMAKE_INSTALL_PREFIX=/Users/yosuke/gits/cxd5602pwbimu_ros2_driver/ros2_ws/install/h6x_serial_interface
[0.046s] CMake Deprecation Warning at CMakeLists.txt:4 (cmake_minimum_required):
[0.046s]   Compatibility with CMake < 3.10 will be removed from a future version of
[0.046s]   CMake.
[0.046s] 
[0.046s]   Update the VERSION argument <min> value.  Or, use the <min>...<max> syntax
[0.046s]   to tell CMake that the project requires at least <min> but has been updated
[0.046s]   to work with policies introduced by <max> or earlier.
[0.046s] 
[0.046s] 
[0.134s] -- Found ament_cmake_auto: 1.3.11 (/Users/yosuke/miniforge3/envs/ros_env/share/ament_cmake_auto/cmake)
[0.463s] -- Found rosidl_generator_c: 3.1.6 (/Users/yosuke/miniforge3/envs/ros_env/share/rosidl_generator_c/cmake)
[0.468s] -- Found rosidl_adapter: 3.1.6 (/Users/yosuke/miniforge3/envs/ros_env/share/rosidl_adapter/cmake)
[0.482s] -- Found rosidl_generator_cpp: 3.1.6 (/Users/yosuke/miniforge3/envs/ros_env/share/rosidl_generator_cpp/cmake)
[0.489s] -- Using all available rosidl_typesupport_c: rosidl_typesupport_fastrtps_c;rosidl_typesupport_introspection_c
[0.501s] -- Using all available rosidl_typesupport_cpp: rosidl_typesupport_fastrtps_cpp;rosidl_typesupport_introspection_cpp
[0.646s] -- Found rmw_implementation_cmake: 6.1.2 (/Users/yosuke/miniforge3/envs/ros_env/share/rmw_implementation_cmake/cmake)
[0.647s] -- Found rmw_fastrtps_cpp: 6.2.7 (/Users/yosuke/miniforge3/envs/ros_env/share/rmw_fastrtps_cpp/cmake)
[0.923s] -- Using RMW implementation 'rmw_fastrtps_cpp' as default
[1.018s] -- Found ament_lint_auto: 0.12.11 (/Users/yosuke/miniforge3/envs/ros_env/share/ament_lint_auto/cmake)
[1.077s] -- Added test 'cppcheck' to perform static code analysis on C / C++ code
[1.077s] -- Configured cppcheck include dirs: /Users/yosuke/gits/cxd5602pwbimu_ros2_driver/ros2_ws/src/h6x_serial_interface/h6x_serial_interface/include
[1.077s] -- Configured cppcheck exclude dirs and/or files: 
[1.078s] -- Added test 'cpplint' to check C / C++ code against the Google style
[1.078s] -- Configured cpplint exclude dirs and/or files: 
[1.079s] -- Added test 'lint_cmake' to check CMake code style
[1.079s] -- Added test 'xmllint' to check XML markup files
[1.082s] -- Configuring done (1.1s)
[1.105s] -- Generating done (0.0s)
[1.106s] -- Build files have been written to: /Users/yosuke/gits/cxd5602pwbimu_ros2_driver/ros2_ws/build/h6x_serial_interface
[1.110s] Invoked command in '/Users/yosuke/gits/cxd5602pwbimu_ros2_driver/ros2_ws/build/h6x_serial_interface' returned '0': CMAKE_PREFIX_PATH=${CMAKE_PREFIX_PATH}:/Users/yosuke/miniforge3/envs/ros_env CONDA_PROMPT_MODIFIER=(ros_env) SHLVL=3 _=/Users/yosuke/miniforge3/envs/ros_env/bin/env /Users/yosuke/miniforge3/envs/ros_env/bin/cmake /Users/yosuke/gits/cxd5602pwbimu_ros2_driver/ros2_ws/src/h6x_serial_interface/h6x_serial_interface -DCMAKE_INSTALL_PREFIX=/Users/yosuke/gits/cxd5602pwbimu_ros2_driver/ros2_ws/install/h6x_serial_interface
[1.112s] Invoking command in '/Users/yosuke/gits/cxd5602pwbimu_ros2_driver/ros2_ws/build/h6x_serial_interface': CMAKE_PREFIX_PATH=${CMAKE_PREFIX_PATH}:/Users/yosuke/miniforge3/envs/ros_env CONDA_PROMPT_MODIFIER=(ros_env) SHLVL=3 _=/Users/yosuke/miniforge3/envs/ros_env/bin/env /Users/yosuke/miniforge3/envs/ros_env/bin/cmake --build /Users/yosuke/gits/cxd5602pwbimu_ros2_driver/ros2_ws/build/h6x_serial_interface -- -j10 -l10
[1.254s] [ 33%] Building CXX object CMakeFiles/h6x_serial_interface.dir/src/port_handler.cpp.o
[2.181s] In file included from /Users/yosuke/gits/cxd5602pwbimu_ros2_driver/ros2_ws/src/h6x_serial_interface/h6x_serial_interface/src/port_handler.cpp:7:
[2.181s] In file included from /Users/yosuke/gits/cxd5602pwbimu_ros2_driver/ros2_ws/src/h6x_serial_interface/h6x_serial_interface/include/h6x_serial_interface/port_handler.hpp:16:
[2.182s] /Users/yosuke/gits/cxd5602pwbimu_ros2_driver/ros2_ws/src/h6x_serial_interface/h6x_serial_interface/include/h6x_serial_interface/port_handler_base.hpp:22:33: error: allocating an object of abstract class type 'PortHandlerBase'
[2.182s]    22 |   RCLCPP_UNIQUE_PTR_DEFINITIONS(PortHandlerBase)
[2.182s]       |                                 ^
[2.182s] /Users/yosuke/gits/cxd5602pwbimu_ros2_driver/ros2_ws/src/h6x_serial_interface/h6x_serial_interface/include/h6x_serial_interface/port_handler_base.hpp:27:19: note: unimplemented pure virtual method 'read' in 'PortHandlerBase'
[2.182s]    27 |   virtual ssize_t read(char * const, const size_t) = 0;
[2.182s]       |                   ^
[2.182s] /Users/yosuke/gits/cxd5602pwbimu_ros2_driver/ros2_ws/src/h6x_serial_interface/h6x_serial_interface/include/h6x_serial_interface/port_handler_base.hpp:28:19: note: unimplemented pure virtual method 'readUntil' in 'PortHandlerBase'
[2.182s]    28 |   virtual ssize_t readUntil(std::stringstream &, const char) = 0;
[2.182s]       |                   ^
[2.182s] /Users/yosuke/gits/cxd5602pwbimu_ros2_driver/ros2_ws/src/h6x_serial_interface/h6x_serial_interface/include/h6x_serial_interface/port_handler_base.hpp:29:19: note: unimplemented pure virtual method 'write' in 'PortHandlerBase'
[2.182s]    29 |   virtual ssize_t write(const char * const, const size_t) = 0;
[2.182s]       |                   ^
[2.183s] /Users/yosuke/gits/cxd5602pwbimu_ros2_driver/ros2_ws/src/h6x_serial_interface/h6x_serial_interface/src/port_handler.cpp:16:34: warning: format string is not a string literal (potentially insecure) [-Wformat-security]
[2.183s]    16 |   RCLCPP_INFO(this->getLogger(), dev_.c_str());
[2.183s]       |                                  ^~~~~~~~~~~~
[2.183s] /Users/yosuke/miniforge3/envs/ros_env/include/rclcpp/rclcpp/logging.hpp:537:7: note: expanded from macro 'RCLCPP_INFO'
[2.183s]   537 |       __VA_ARGS__); \
[2.183s]       |       ^~~~~~~~~~~
[2.183s] /Users/yosuke/miniforge3/envs/ros_env/include/rcutils/rcutils/logging_macros.h:510:5: note: expanded from macro 'RCUTILS_LOG_INFO_NAMED'
[2.183s]   510 |     __VA_ARGS__)
[2.183s]       |     ^~~~~~~~~~~
[2.183s] /Users/yosuke/miniforge3/envs/ros_env/include/rcutils/rcutils/logging_macros.h:79:64: note: expanded from macro 'RCUTILS_LOG_COND_NAMED'
[2.183s]    79 |       rcutils_log(&__rcutils_logging_location, severity, name, __VA_ARGS__); \
[2.183s]       |                                                                ^~~~~~~~~~~
[2.183s] /Users/yosuke/gits/cxd5602pwbimu_ros2_driver/ros2_ws/src/h6x_serial_interface/h6x_serial_interface/src/port_handler.cpp:16:34: note: treat the string as an argument to avoid this
[2.183s]    16 |   RCLCPP_INFO(this->getLogger(), dev_.c_str());
[2.183s]       |                                  ^
[2.183s]       |                                  "%s", 
[2.184s] /Users/yosuke/miniforge3/envs/ros_env/include/rclcpp/rclcpp/logging.hpp:537:7: note: expanded from macro 'RCLCPP_INFO'
[2.184s]   537 |       __VA_ARGS__); \
[2.184s]       |       ^
[2.184s] /Users/yosuke/miniforge3/envs/ros_env/include/rcutils/rcutils/logging_macros.h:510:5: note: expanded from macro 'RCUTILS_LOG_INFO_NAMED'
[2.184s]   510 |     __VA_ARGS__)
[2.184s]       |     ^
[2.184s] /Users/yosuke/miniforge3/envs/ros_env/include/rcutils/rcutils/logging_macros.h:79:64: note: expanded from macro 'RCUTILS_LOG_COND_NAMED'
[2.184s]    79 |       rcutils_log(&__rcutils_logging_location, severity, name, __VA_ARGS__); \
[2.184s]       |                                                                ^
[2.185s] /Users/yosuke/gits/cxd5602pwbimu_ros2_driver/ros2_ws/src/h6x_serial_interface/h6x_serial_interface/src/port_handler.cpp:118:37: warning: format string is not a string literal (potentially insecure) [-Wformat-security]
[2.185s]   118 |     RCLCPP_ERROR(this->getLogger(), e.what());
[2.185s]       |                                     ^~~~~~~~
[2.185s] /Users/yosuke/miniforge3/envs/ros_env/include/rclcpp/rclcpp/logging.hpp:1407:7: note: expanded from macro 'RCLCPP_ERROR'
[2.185s]  1407 |       __VA_ARGS__); \
[2.185s]       |       ^~~~~~~~~~~
[2.185s] /Users/yosuke/miniforge3/envs/ros_env/include/rcutils/rcutils/logging_macros.h:1004:5: note: expanded from macro 'RCUTILS_LOG_ERROR_NAMED'
[2.185s]  1004 |     __VA_ARGS__)
[2.185s]       |     ^~~~~~~~~~~
[2.185s] /Users/yosuke/miniforge3/envs/ros_env/include/rcutils/rcutils/logging_macros.h:79:64: note: expanded from macro 'RCUTILS_LOG_COND_NAMED'
[2.185s]    79 |       rcutils_log(&__rcutils_logging_location, severity, name, __VA_ARGS__); \
[2.185s]       |                                                                ^~~~~~~~~~~
[2.185s] /Users/yosuke/gits/cxd5602pwbimu_ros2_driver/ros2_ws/src/h6x_serial_interface/h6x_serial_interface/src/port_handler.cpp:118:37: note: treat the string as an argument to avoid this
[2.185s]   118 |     RCLCPP_ERROR(this->getLogger(), e.what());
[2.185s]       |                                     ^
[2.185s]       |                                     "%s", 
[2.185s] /Users/yosuke/miniforge3/envs/ros_env/include/rclcpp/rclcpp/logging.hpp:1407:7: note: expanded from macro 'RCLCPP_ERROR'
[2.185s]  1407 |       __VA_ARGS__); \
[2.185s]       |       ^
[2.185s] /Users/yosuke/miniforge3/envs/ros_env/include/rcutils/rcutils/logging_macros.h:1004:5: note: expanded from macro 'RCUTILS_LOG_ERROR_NAMED'
[2.185s]  1004 |     __VA_ARGS__)
[2.185s]       |     ^
[2.185s] /Users/yosuke/miniforge3/envs/ros_env/include/rcutils/rcutils/logging_macros.h:79:64: note: expanded from macro 'RCUTILS_LOG_COND_NAMED'
[2.185s]    79 |       rcutils_log(&__rcutils_logging_location, severity, name, __VA_ARGS__); \
[2.185s]       |                                                                ^
[2.538s] 2 warnings and 1 error generated.
[2.544s] make[2]: *** [CMakeFiles/h6x_serial_interface.dir/build.make:93: CMakeFiles/h6x_serial_interface.dir/src/port_handler.cpp.o] Error 1
[2.544s] make[1]: *** [CMakeFiles/Makefile2:153: CMakeFiles/h6x_serial_interface.dir/all] Error 2
[2.545s] make: *** [Makefile:146: all] Error 2
[2.548s] Invoked command in '/Users/yosuke/gits/cxd5602pwbimu_ros2_driver/ros2_ws/build/h6x_serial_interface' returned '2': CMAKE_PREFIX_PATH=${CMAKE_PREFIX_PATH}:/Users/yosuke/miniforge3/envs/ros_env CONDA_PROMPT_MODIFIER=(ros_env) SHLVL=3 _=/Users/yosuke/miniforge3/envs/ros_env/bin/env /Users/yosuke/miniforge3/envs/ros_env/bin/cmake --build /Users/yosuke/gits/cxd5602pwbimu_ros2_driver/ros2_ws/build/h6x_serial_interface -- -j10 -l10
