running egg_info
writing ../../build/cxd5602pwbimu_driver_bringup/cxd5602pwbimu_driver_bringup.egg-info/PKG-INFO
writing dependency_links to ../../build/cxd5602pwbimu_driver_bringup/cxd5602pwbimu_driver_bringup.egg-info/dependency_links.txt
writing requirements to ../../build/cxd5602pwbimu_driver_bringup/cxd5602pwbimu_driver_bringup.egg-info/requires.txt
writing top-level names to ../../build/cxd5602pwbimu_driver_bringup/cxd5602pwbimu_driver_bringup.egg-info/top_level.txt
reading manifest file '../../build/cxd5602pwbimu_driver_bringup/cxd5602pwbimu_driver_bringup.egg-info/SOURCES.txt'
writing manifest file '../../build/cxd5602pwbimu_driver_bringup/cxd5602pwbimu_driver_bringup.egg-info/SOURCES.txt'
running build
running build_py
copying cxd5602pwbimu_driver_bringup/__init__.py -> /Users/yosuke/gits/cxd5602pwbimu_ros2_driver/ros2_ws/build/cxd5602pwbimu_driver_bringup/build/lib/cxd5602pwbimu_driver_bringup
running install
running install_lib
running install_data
copying resource/cxd5602pwbimu_driver_bringup -> /Users/yosuke/gits/cxd5602pwbimu_ros2_driver/ros2_ws/install/cxd5602pwbimu_driver_bringup/share/ament_index/resource_index/packages
copying launch/cxd5602pwbimu.launch.py -> /Users/yosuke/gits/cxd5602pwbimu_ros2_driver/ros2_ws/install/cxd5602pwbimu_driver_bringup/share/cxd5602pwbimu_driver_bringup/launch
copying rviz/rvizconfig.rviz -> /Users/yosuke/gits/cxd5602pwbimu_ros2_driver/ros2_ws/install/cxd5602pwbimu_driver_bringup/share/cxd5602pwbimu_driver_bringup/rviz
copying package.xml -> /Users/yosuke/gits/cxd5602pwbimu_ros2_driver/ros2_ws/install/cxd5602pwbimu_driver_bringup/share/cxd5602pwbimu_driver_bringup
running install_egg_info
removing '/Users/yosuke/gits/cxd5602pwbimu_ros2_driver/ros2_ws/install/cxd5602pwbimu_driver_bringup/lib/python3.11/site-packages/cxd5602pwbimu_driver_bringup-0.0.0-py3.11.egg-info' (and everything under it)
Copying ../../build/cxd5602pwbimu_driver_bringup/cxd5602pwbimu_driver_bringup.egg-info to /Users/yosuke/gits/cxd5602pwbimu_ros2_driver/ros2_ws/install/cxd5602pwbimu_driver_bringup/lib/python3.11/site-packages/cxd5602pwbimu_driver_bringup-0.0.0-py3.11.egg-info
running install_scripts
writing list of installed files to '/Users/yosuke/gits/cxd5602pwbimu_ros2_driver/ros2_ws/build/cxd5602pwbimu_driver_bringup/install.log'
