CMake Deprecation Warning at CMakeLists.txt:4 (cmake_minimum_required):
  Compatibility with CMake < 3.10 will be removed from a future version of
  CMake.

  Update the VERSION argument <min> value.  Or, use the <min>...<max> syntax
  to tell CMake that the project requires at least <min> but has been updated
  to work with policies introduced by <max> or earlier.


-- The C compiler identification is Clang 18.1.8
-- The CXX compiler identification is Clang 18.1.8
-- Detecting C compiler ABI info
-- Detecting C compiler ABI info - done
-- Check for working C compiler: /Users/yosuke/miniforge3/envs/ros_env/bin/arm64-apple-darwin20.0.0-clang - skipped
-- Detecting C compile features
-- Detecting C compile features - done
-- Detecting CXX compiler ABI info
-- Detecting CXX compiler ABI info - done
-- Check for working CXX compiler: /Users/yosuke/miniforge3/envs/ros_env/bin/arm64-apple-darwin20.0.0-clang++ - skipped
-- Detecting CXX compile features
-- Detecting CXX compile features - done
-- Found ament_cmake_auto: 1.3.11 (/Users/yosuke/miniforge3/envs/ros_env/share/ament_cmake_auto/cmake)
-- Found Python3: /Users/yosuke/miniforge3/envs/ros_env/bin/python3 (found version "3.11.13") found components: Interpreter
-- Found rosidl_generator_c: 3.1.6 (/Users/yosuke/miniforge3/envs/ros_env/share/rosidl_generator_c/cmake)
-- Found rosidl_adapter: 3.1.6 (/Users/yosuke/miniforge3/envs/ros_env/share/rosidl_adapter/cmake)
-- Found rosidl_generator_cpp: 3.1.6 (/Users/yosuke/miniforge3/envs/ros_env/share/rosidl_generator_cpp/cmake)
-- Using all available rosidl_typesupport_c: rosidl_typesupport_fastrtps_c;rosidl_typesupport_introspection_c
-- Using all available rosidl_typesupport_cpp: rosidl_typesupport_fastrtps_cpp;rosidl_typesupport_introspection_cpp
-- Checking for module 'yaml-0.1'
--   Found yaml-0.1, version 0.2.5
-- Found rmw_implementation_cmake: 6.1.2 (/Users/yosuke/miniforge3/envs/ros_env/share/rmw_implementation_cmake/cmake)
-- Found rmw_fastrtps_cpp: 6.2.7 (/Users/yosuke/miniforge3/envs/ros_env/share/rmw_fastrtps_cpp/cmake)
-- Found OpenSSL: /opt/homebrew/opt/openssl@3/lib/libcrypto.dylib (found version "3.5.1")
-- Found FastRTPS: /Users/yosuke/miniforge3/envs/ros_env/include
-- Using RMW implementation 'rmw_fastrtps_cpp' as default
-- Performing Test CMAKE_HAVE_LIBC_PTHREAD
-- Performing Test CMAKE_HAVE_LIBC_PTHREAD - Success
-- Found Threads: TRUE
-- Found ament_lint_auto: 0.12.11 (/Users/yosuke/miniforge3/envs/ros_env/share/ament_lint_auto/cmake)
-- Added test 'cppcheck' to perform static code analysis on C / C++ code
-- Configured cppcheck include dirs: /Users/yosuke/gits/cxd5602pwbimu_ros2_driver/ros2_ws/src/cxd5602pwbimu_driver_node/include
-- Configured cppcheck exclude dirs and/or files: 
-- Added test 'lint_cmake' to check CMake code style
-- Added test 'uncrustify' to check C / C++ code style
-- Configured uncrustify additional arguments: 
-- Added test 'xmllint' to check XML markup files
-- Configuring done (3.6s)
-- Generating done (0.0s)
-- Build files have been written to: /Users/yosuke/gits/cxd5602pwbimu_ros2_driver/ros2_ws/build/cxd5602pwbimu_driver_node
[ 16%] Building CXX object CMakeFiles/cxd5602pwbimu_driver_node_exec.dir/rclcpp_components/node_main_cxd5602pwbimu_driver_node_exec.cpp.o
[ 33%] Building CXX object CMakeFiles/cxd5602pwbimu_driver_node_cxd5602pwbimu_driver_node.dir/src/cxd5602pwbimu_driver_node.cpp.o
[ 50%] Building CXX object CMakeFiles/cxd5602pwbimu_driver_node_cxd5602pwbimu_driver_node.dir/src/imu_class.cpp.o
[ 66%] Building CXX object CMakeFiles/cxd5602pwbimu_driver_node_cxd5602pwbimu_driver_node.dir/src/crc8.cpp.o
In file included from /Users/yosuke/gits/cxd5602pwbimu_ros2_driver/ros2_ws/src/cxd5602pwbimu_driver_node/src/cxd5602pwbimu_driver_node.cpp:7:
In file included from /Users/yosuke/gits/cxd5602pwbimu_ros2_driver/ros2_ws/src/cxd5602pwbimu_driver_node/include/cxd5602pwbimu_driver_node/cxd5602pwbimu_driver_node.hpp:11:
In file included from /Users/yosuke/gits/cxd5602pwbimu_ros2_driver/ros2_ws/install/h6x_serial_interface/include/h6x_serial_interface/h6x_serial_interface.hpp:10:
/Users/yosuke/gits/cxd5602pwbimu_ros2_driver/ros2_ws/install/h6x_serial_interface/include/h6x_serial_interface/port_handler.hpp:10:10: fatal error: 'libserial/SerialPort.h' file not found
   10 | #include <libserial/SerialPort.h>
      |          ^~~~~~~~~~~~~~~~~~~~~~~~
1 error generated.
make[2]: *** [CMakeFiles/cxd5602pwbimu_driver_node_cxd5602pwbimu_driver_node.dir/build.make:79: CMakeFiles/cxd5602pwbimu_driver_node_cxd5602pwbimu_driver_node.dir/src/cxd5602pwbimu_driver_node.cpp.o] Error 1
make[1]: *** [CMakeFiles/Makefile2:156: CMakeFiles/cxd5602pwbimu_driver_node_cxd5602pwbimu_driver_node.dir/all] Error 2
make[1]: *** Waiting for unfinished jobs....
[ 83%] Linking CXX executable cxd5602pwbimu_driver_node_exec
[ 83%] Built target cxd5602pwbimu_driver_node_exec
make: *** [Makefile:146: all] Error 2
