[0.021s] Invoking command in '/Users/yosuke/gits/cxd5602pwbimu_ros2_driver/ros2_ws/build/cxd5602pwbimu_driver_node': CMAKE_PREFIX_PATH=/Users/yosuke/gits/cxd5602pwbimu_ros2_driver/ros2_ws/install/h6x_serial_interface:/Users/yosuke/gits/cxd5602pwbimu_ros2_driver/ros2_ws/install/imu_tools:/Users/yosuke/gits/cxd5602pwbimu_ros2_driver/ros2_ws/install/rviz_imu_plugin:/Users/yosuke/gits/cxd5602pwbimu_ros2_driver/ros2_ws/install/imu_trajectory_filter:/Users/yosuke/gits/cxd5602pwbimu_ros2_driver/ros2_ws/install/cxd5602pwbimu_driver:/Users/yosuke/gits/cxd5602pwbimu_ros2_driver/ros2_ws/install/imu_filter_madgwick:/Users/yosuke/gits/cxd5602pwbimu_ros2_driver/ros2_ws/install/imu_complementary_filter:/Users/yosuke/gits/cxd5602pwbimu_ros2_driver/ros2_ws/install/h6x_serial_interface_example:/Users/yosuke/gits/cxd5602pwbimu_ros2_driver/ros2_ws/install/cxd5602pwbimu_driver_node:/Users/yosuke/gits/cxd5602pwbimu_ros2_driver/ros2_ws/install/h6x_packet_handler:/usr/local:/opt/homebrew/opt/qt@5:/Users/yosuke/gits/cxd5602pwbimu_ros2_driver/ros2_ws/install/cxd5602pwbimu_driver_bringup:/Users/yosuke/miniforge3/envs/ros_env CONDA_PROMPT_MODIFIER=(ros_env) DYLD_LIBRARY_PATH=/Users/yosuke/gits/cxd5602pwbimu_ros2_driver/ros2_ws/install/h6x_serial_interface/lib:/Users/yosuke/gits/cxd5602pwbimu_ros2_driver/ros2_ws/install/rviz_imu_plugin/lib:/Users/yosuke/gits/cxd5602pwbimu_ros2_driver/ros2_ws/install/imu_trajectory_filter/lib:/Users/yosuke/gits/cxd5602pwbimu_ros2_driver/ros2_ws/install/imu_filter_madgwick/lib:/Users/yosuke/gits/cxd5602pwbimu_ros2_driver/ros2_ws/install/imu_complementary_filter/lib:/Users/yosuke/gits/cxd5602pwbimu_ros2_driver/ros2_ws/install/h6x_serial_interface_example/lib:/Users/yosuke/gits/cxd5602pwbimu_ros2_driver/ros2_ws/install/cxd5602pwbimu_driver_node/lib:/Users/yosuke/gits/cxd5602pwbimu_ros2_driver/ros2_ws/install/h6x_packet_handler/lib:/Users/yosuke/miniforge3/envs/ros_env/opt/rviz_ogre_vendor/lib SHLVL=2 _=/Users/yosuke/miniforge3/envs/ros_env/bin/env /Users/yosuke/miniforge3/envs/ros_env/bin/cmake /Users/yosuke/gits/cxd5602pwbimu_ros2_driver/ros2_ws/src/cxd5602pwbimu_driver_node -DCMAKE_INSTALL_PREFIX=/Users/yosuke/gits/cxd5602pwbimu_ros2_driver/ros2_ws/install/cxd5602pwbimu_driver_node
[0.042s] CMake Deprecation Warning at CMakeLists.txt:4 (cmake_minimum_required):
[0.042s]   Compatibility with CMake < 3.10 will be removed from a future version of
[0.042s]   CMake.
[0.042s] 
[0.042s]   Update the VERSION argument <min> value.  Or, use the <min>...<max> syntax
[0.042s]   to tell CMake that the project requires at least <min> but has been updated
[0.042s]   to work with policies introduced by <max> or earlier.
[0.042s] 
[0.042s] 
[0.155s] -- The C compiler identification is Clang 18.1.8
[0.292s] -- The CXX compiler identification is Clang 18.1.8
[0.317s] -- Detecting C compiler ABI info
[0.492s] -- Detecting C compiler ABI info - done
[0.497s] -- Check for working C compiler: /Users/yosuke/miniforge3/envs/ros_env/bin/arm64-apple-darwin20.0.0-clang - skipped
[0.498s] -- Detecting C compile features
[0.498s] -- Detecting C compile features - done
[0.503s] -- Detecting CXX compiler ABI info
[0.686s] -- Detecting CXX compiler ABI info - done
[0.691s] -- Check for working CXX compiler: /Users/yosuke/miniforge3/envs/ros_env/bin/arm64-apple-darwin20.0.0-clang++ - skipped
[0.692s] -- Detecting CXX compile features
[0.692s] -- Detecting CXX compile features - done
[0.702s] -- Found ament_cmake_auto: 1.3.11 (/Users/yosuke/miniforge3/envs/ros_env/share/ament_cmake_auto/cmake)
[0.805s] -- Found Python3: /Users/yosuke/miniforge3/envs/ros_env/bin/python3 (found version "3.11.13") found components: Interpreter
[1.148s] -- Found rosidl_generator_c: 3.1.6 (/Users/yosuke/miniforge3/envs/ros_env/share/rosidl_generator_c/cmake)
[1.167s] -- Found rosidl_adapter: 3.1.6 (/Users/yosuke/miniforge3/envs/ros_env/share/rosidl_adapter/cmake)
[1.190s] -- Found rosidl_generator_cpp: 3.1.6 (/Users/yosuke/miniforge3/envs/ros_env/share/rosidl_generator_cpp/cmake)
[1.216s] -- Using all available rosidl_typesupport_c: rosidl_typesupport_fastrtps_c;rosidl_typesupport_introspection_c
[1.253s] -- Using all available rosidl_typesupport_cpp: rosidl_typesupport_fastrtps_cpp;rosidl_typesupport_introspection_cpp
[1.400s] -- Checking for module 'yaml-0.1'
[1.579s] --   Found yaml-0.1, version 0.2.5
[2.103s] -- Found rmw_implementation_cmake: 6.1.2 (/Users/yosuke/miniforge3/envs/ros_env/share/rmw_implementation_cmake/cmake)
[2.113s] -- Found rmw_fastrtps_cpp: 6.2.7 (/Users/yosuke/miniforge3/envs/ros_env/share/rmw_fastrtps_cpp/cmake)
[2.940s] -- Found OpenSSL: /opt/homebrew/opt/openssl@3/lib/libcrypto.dylib (found version "3.5.1")
[3.039s] -- Found FastRTPS: /Users/yosuke/miniforge3/envs/ros_env/include
[3.126s] -- Using RMW implementation 'rmw_fastrtps_cpp' as default
[3.152s] -- Performing Test CMAKE_HAVE_LIBC_PTHREAD
[3.320s] -- Performing Test CMAKE_HAVE_LIBC_PTHREAD - Success
[3.321s] -- Found Threads: TRUE
[3.545s] -- Found ament_lint_auto: 0.12.11 (/Users/yosuke/miniforge3/envs/ros_env/share/ament_lint_auto/cmake)
[3.612s] -- Added test 'cppcheck' to perform static code analysis on C / C++ code
[3.612s] -- Configured cppcheck include dirs: /Users/yosuke/gits/cxd5602pwbimu_ros2_driver/ros2_ws/src/cxd5602pwbimu_driver_node/include
[3.612s] -- Configured cppcheck exclude dirs and/or files: 
[3.613s] -- Added test 'lint_cmake' to check CMake code style
[3.614s] -- Added test 'uncrustify' to check C / C++ code style
[3.614s] -- Configured uncrustify additional arguments: 
[3.614s] -- Added test 'xmllint' to check XML markup files
[3.617s] -- Configuring done (3.6s)
[3.651s] -- Generating done (0.0s)
[3.652s] -- Build files have been written to: /Users/yosuke/gits/cxd5602pwbimu_ros2_driver/ros2_ws/build/cxd5602pwbimu_driver_node
[3.657s] Invoked command in '/Users/yosuke/gits/cxd5602pwbimu_ros2_driver/ros2_ws/build/cxd5602pwbimu_driver_node' returned '0': CMAKE_PREFIX_PATH=/Users/yosuke/gits/cxd5602pwbimu_ros2_driver/ros2_ws/install/h6x_serial_interface:/Users/yosuke/gits/cxd5602pwbimu_ros2_driver/ros2_ws/install/imu_tools:/Users/yosuke/gits/cxd5602pwbimu_ros2_driver/ros2_ws/install/rviz_imu_plugin:/Users/yosuke/gits/cxd5602pwbimu_ros2_driver/ros2_ws/install/imu_trajectory_filter:/Users/yosuke/gits/cxd5602pwbimu_ros2_driver/ros2_ws/install/cxd5602pwbimu_driver:/Users/yosuke/gits/cxd5602pwbimu_ros2_driver/ros2_ws/install/imu_filter_madgwick:/Users/yosuke/gits/cxd5602pwbimu_ros2_driver/ros2_ws/install/imu_complementary_filter:/Users/yosuke/gits/cxd5602pwbimu_ros2_driver/ros2_ws/install/h6x_serial_interface_example:/Users/yosuke/gits/cxd5602pwbimu_ros2_driver/ros2_ws/install/cxd5602pwbimu_driver_node:/Users/yosuke/gits/cxd5602pwbimu_ros2_driver/ros2_ws/install/h6x_packet_handler:/usr/local:/opt/homebrew/opt/qt@5:/Users/yosuke/gits/cxd5602pwbimu_ros2_driver/ros2_ws/install/cxd5602pwbimu_driver_bringup:/Users/yosuke/miniforge3/envs/ros_env CONDA_PROMPT_MODIFIER=(ros_env) DYLD_LIBRARY_PATH=/Users/yosuke/gits/cxd5602pwbimu_ros2_driver/ros2_ws/install/h6x_serial_interface/lib:/Users/yosuke/gits/cxd5602pwbimu_ros2_driver/ros2_ws/install/rviz_imu_plugin/lib:/Users/yosuke/gits/cxd5602pwbimu_ros2_driver/ros2_ws/install/imu_trajectory_filter/lib:/Users/yosuke/gits/cxd5602pwbimu_ros2_driver/ros2_ws/install/imu_filter_madgwick/lib:/Users/yosuke/gits/cxd5602pwbimu_ros2_driver/ros2_ws/install/imu_complementary_filter/lib:/Users/yosuke/gits/cxd5602pwbimu_ros2_driver/ros2_ws/install/h6x_serial_interface_example/lib:/Users/yosuke/gits/cxd5602pwbimu_ros2_driver/ros2_ws/install/cxd5602pwbimu_driver_node/lib:/Users/yosuke/gits/cxd5602pwbimu_ros2_driver/ros2_ws/install/h6x_packet_handler/lib:/Users/yosuke/miniforge3/envs/ros_env/opt/rviz_ogre_vendor/lib SHLVL=2 _=/Users/yosuke/miniforge3/envs/ros_env/bin/env /Users/yosuke/miniforge3/envs/ros_env/bin/cmake /Users/yosuke/gits/cxd5602pwbimu_ros2_driver/ros2_ws/src/cxd5602pwbimu_driver_node -DCMAKE_INSTALL_PREFIX=/Users/yosuke/gits/cxd5602pwbimu_ros2_driver/ros2_ws/install/cxd5602pwbimu_driver_node
[3.659s] Invoking command in '/Users/yosuke/gits/cxd5602pwbimu_ros2_driver/ros2_ws/build/cxd5602pwbimu_driver_node': CMAKE_PREFIX_PATH=/Users/yosuke/gits/cxd5602pwbimu_ros2_driver/ros2_ws/install/h6x_serial_interface:/Users/yosuke/gits/cxd5602pwbimu_ros2_driver/ros2_ws/install/imu_tools:/Users/yosuke/gits/cxd5602pwbimu_ros2_driver/ros2_ws/install/rviz_imu_plugin:/Users/yosuke/gits/cxd5602pwbimu_ros2_driver/ros2_ws/install/imu_trajectory_filter:/Users/yosuke/gits/cxd5602pwbimu_ros2_driver/ros2_ws/install/cxd5602pwbimu_driver:/Users/yosuke/gits/cxd5602pwbimu_ros2_driver/ros2_ws/install/imu_filter_madgwick:/Users/yosuke/gits/cxd5602pwbimu_ros2_driver/ros2_ws/install/imu_complementary_filter:/Users/yosuke/gits/cxd5602pwbimu_ros2_driver/ros2_ws/install/h6x_serial_interface_example:/Users/yosuke/gits/cxd5602pwbimu_ros2_driver/ros2_ws/install/cxd5602pwbimu_driver_node:/Users/yosuke/gits/cxd5602pwbimu_ros2_driver/ros2_ws/install/h6x_packet_handler:/usr/local:/opt/homebrew/opt/qt@5:/Users/yosuke/gits/cxd5602pwbimu_ros2_driver/ros2_ws/install/cxd5602pwbimu_driver_bringup:/Users/yosuke/miniforge3/envs/ros_env CONDA_PROMPT_MODIFIER=(ros_env) DYLD_LIBRARY_PATH=/Users/yosuke/gits/cxd5602pwbimu_ros2_driver/ros2_ws/install/h6x_serial_interface/lib:/Users/yosuke/gits/cxd5602pwbimu_ros2_driver/ros2_ws/install/rviz_imu_plugin/lib:/Users/yosuke/gits/cxd5602pwbimu_ros2_driver/ros2_ws/install/imu_trajectory_filter/lib:/Users/yosuke/gits/cxd5602pwbimu_ros2_driver/ros2_ws/install/imu_filter_madgwick/lib:/Users/yosuke/gits/cxd5602pwbimu_ros2_driver/ros2_ws/install/imu_complementary_filter/lib:/Users/yosuke/gits/cxd5602pwbimu_ros2_driver/ros2_ws/install/h6x_serial_interface_example/lib:/Users/yosuke/gits/cxd5602pwbimu_ros2_driver/ros2_ws/install/cxd5602pwbimu_driver_node/lib:/Users/yosuke/gits/cxd5602pwbimu_ros2_driver/ros2_ws/install/h6x_packet_handler/lib:/Users/yosuke/miniforge3/envs/ros_env/opt/rviz_ogre_vendor/lib SHLVL=2 _=/Users/yosuke/miniforge3/envs/ros_env/bin/env /Users/yosuke/miniforge3/envs/ros_env/bin/cmake --build /Users/yosuke/gits/cxd5602pwbimu_ros2_driver/ros2_ws/build/cxd5602pwbimu_driver_node -- -j10 -l10
[3.766s] [ 16%] Building CXX object CMakeFiles/cxd5602pwbimu_driver_node_exec.dir/rclcpp_components/node_main_cxd5602pwbimu_driver_node_exec.cpp.o
[3.772s] [ 33%] Building CXX object CMakeFiles/cxd5602pwbimu_driver_node_cxd5602pwbimu_driver_node.dir/src/cxd5602pwbimu_driver_node.cpp.o
[3.772s] [ 50%] Building CXX object CMakeFiles/cxd5602pwbimu_driver_node_cxd5602pwbimu_driver_node.dir/src/imu_class.cpp.o
[3.773s] [ 66%] Building CXX object CMakeFiles/cxd5602pwbimu_driver_node_cxd5602pwbimu_driver_node.dir/src/crc8.cpp.o
[4.035s] In file included from /Users/yosuke/gits/cxd5602pwbimu_ros2_driver/ros2_ws/src/cxd5602pwbimu_driver_node/src/cxd5602pwbimu_driver_node.cpp:7:
[4.035s] In file included from /Users/yosuke/gits/cxd5602pwbimu_ros2_driver/ros2_ws/src/cxd5602pwbimu_driver_node/include/cxd5602pwbimu_driver_node/cxd5602pwbimu_driver_node.hpp:11:
[4.035s] In file included from /Users/yosuke/gits/cxd5602pwbimu_ros2_driver/ros2_ws/install/h6x_serial_interface/include/h6x_serial_interface/h6x_serial_interface.hpp:10:
[4.035s] /Users/yosuke/gits/cxd5602pwbimu_ros2_driver/ros2_ws/install/h6x_serial_interface/include/h6x_serial_interface/port_handler.hpp:10:10: fatal error: 'libserial/SerialPort.h' file not found
[4.035s]    10 | #include <libserial/SerialPort.h>
[4.035s]       |          ^~~~~~~~~~~~~~~~~~~~~~~~
[4.177s] 1 error generated.
[4.179s] make[2]: *** [CMakeFiles/cxd5602pwbimu_driver_node_cxd5602pwbimu_driver_node.dir/build.make:79: CMakeFiles/cxd5602pwbimu_driver_node_cxd5602pwbimu_driver_node.dir/src/cxd5602pwbimu_driver_node.cpp.o] Error 1
[4.179s] make[1]: *** [CMakeFiles/Makefile2:156: CMakeFiles/cxd5602pwbimu_driver_node_cxd5602pwbimu_driver_node.dir/all] Error 2
[4.179s] make[1]: *** Waiting for unfinished jobs....
[4.981s] [ 83%] Linking CXX executable cxd5602pwbimu_driver_node_exec
[5.050s] [ 83%] Built target cxd5602pwbimu_driver_node_exec
[5.050s] make: *** [Makefile:146: all] Error 2
[5.051s] Invoked command in '/Users/yosuke/gits/cxd5602pwbimu_ros2_driver/ros2_ws/build/cxd5602pwbimu_driver_node' returned '2': CMAKE_PREFIX_PATH=/Users/yosuke/gits/cxd5602pwbimu_ros2_driver/ros2_ws/install/h6x_serial_interface:/Users/yosuke/gits/cxd5602pwbimu_ros2_driver/ros2_ws/install/imu_tools:/Users/yosuke/gits/cxd5602pwbimu_ros2_driver/ros2_ws/install/rviz_imu_plugin:/Users/yosuke/gits/cxd5602pwbimu_ros2_driver/ros2_ws/install/imu_trajectory_filter:/Users/yosuke/gits/cxd5602pwbimu_ros2_driver/ros2_ws/install/cxd5602pwbimu_driver:/Users/yosuke/gits/cxd5602pwbimu_ros2_driver/ros2_ws/install/imu_filter_madgwick:/Users/yosuke/gits/cxd5602pwbimu_ros2_driver/ros2_ws/install/imu_complementary_filter:/Users/yosuke/gits/cxd5602pwbimu_ros2_driver/ros2_ws/install/h6x_serial_interface_example:/Users/yosuke/gits/cxd5602pwbimu_ros2_driver/ros2_ws/install/cxd5602pwbimu_driver_node:/Users/yosuke/gits/cxd5602pwbimu_ros2_driver/ros2_ws/install/h6x_packet_handler:/usr/local:/opt/homebrew/opt/qt@5:/Users/yosuke/gits/cxd5602pwbimu_ros2_driver/ros2_ws/install/cxd5602pwbimu_driver_bringup:/Users/yosuke/miniforge3/envs/ros_env CONDA_PROMPT_MODIFIER=(ros_env) DYLD_LIBRARY_PATH=/Users/yosuke/gits/cxd5602pwbimu_ros2_driver/ros2_ws/install/h6x_serial_interface/lib:/Users/yosuke/gits/cxd5602pwbimu_ros2_driver/ros2_ws/install/rviz_imu_plugin/lib:/Users/yosuke/gits/cxd5602pwbimu_ros2_driver/ros2_ws/install/imu_trajectory_filter/lib:/Users/yosuke/gits/cxd5602pwbimu_ros2_driver/ros2_ws/install/imu_filter_madgwick/lib:/Users/yosuke/gits/cxd5602pwbimu_ros2_driver/ros2_ws/install/imu_complementary_filter/lib:/Users/yosuke/gits/cxd5602pwbimu_ros2_driver/ros2_ws/install/h6x_serial_interface_example/lib:/Users/yosuke/gits/cxd5602pwbimu_ros2_driver/ros2_ws/install/cxd5602pwbimu_driver_node/lib:/Users/yosuke/gits/cxd5602pwbimu_ros2_driver/ros2_ws/install/h6x_packet_handler/lib:/Users/yosuke/miniforge3/envs/ros_env/opt/rviz_ogre_vendor/lib SHLVL=2 _=/Users/yosuke/miniforge3/envs/ros_env/bin/env /Users/yosuke/miniforge3/envs/ros_env/bin/cmake --build /Users/yosuke/gits/cxd5602pwbimu_ros2_driver/ros2_ws/build/cxd5602pwbimu_driver_node -- -j10 -l10
