CMake Deprecation Warning at CMakeLists.txt:4 (cmake_minimum_required):
  Compatibility with CMake < 3.10 will be removed from a future version of
  CMake.

  Update the VERSION argument <min> value.  Or, use the <min>...<max> syntax
  to tell CMake that the project requires at least <min> but has been updated
  to work with policies introduced by <max> or earlier.


/Users/yosuke/gits/cxd5602pwbimu_ros2_driver/ros2_ws/src/h6x_serial_interface/h6x_serial_interface/src/port_handler.cpp:87:7: warning: variable 'c' is used uninitialized whenever 'if' condition is false [-Wsometimes-uninitialized]
   87 |   if (!this->checkPort()) {
      |       ^~~~~~~~~~~~~~~~~~
/Users/yosuke/gits/cxd5602pwbimu_ros2_driver/ros2_ws/src/h6x_serial_interface/h6x_serial_interface/src/port_handler.cpp:94:12: note: uninitialized use occurs here
   94 |     while (c != delimiter) {
      |            ^
/Users/yosuke/gits/cxd5602pwbimu_ros2_driver/ros2_ws/src/h6x_serial_interface/h6x_serial_interface/src/port_handler.cpp:87:3: note: remove the 'if' if its condition is always true
   87 |   if (!this->checkPort()) {
      |   ^~~~~~~~~~~~~~~~~~~~~~~
/Users/yosuke/gits/cxd5602pwbimu_ros2_driver/ros2_ws/src/h6x_serial_interface/h6x_serial_interface/src/port_handler.cpp:92:9: note: initialize the variable 'c' to silence this warning
   92 |   char c;
      |         ^
      |          = '\0'
1 warning generated.
/Users/yosuke/miniforge3/envs/ros_env/bin/install_name_tool: warning: changes being made to the file will invalidate the code signature in: /Users/yosuke/gits/cxd5602pwbimu_ros2_driver/ros2_ws/install/h6x_serial_interface/lib/libh6x_serial_interface.dylib
[cctools-port]: generating fake signature for '/Users/yosuke/gits/cxd5602pwbimu_ros2_driver/ros2_ws/install/h6x_serial_interface/lib/libh6x_serial_interface.dylib'
