CMake Deprecation Warning at CMakeLists.txt:1 (cmake_minimum_required):
  Compatibility with CMake < 3.10 will be removed from a future version of
  CMake.

  Update the VERSION argument <min> value.  Or, use the <min>...<max> syntax
  to tell CMake that the project requires at least <min> but has been updated
  to work with policies introduced by <max> or earlier.


CMake Deprecation Warning at /Users/yosuke/miniforge3/envs/ros_env/src/gtest_vendor/CMakeLists.txt:2 (cmake_minimum_required):
  Compatibility with CMake < 3.10 will be removed from a future version of
  CMake.

  Update the VERSION argument <min> value.  Or, use the <min>...<max> syntax
  to tell CMake that the project requires at least <min> but has been updated
  to work with policies introduced by <max> or earlier.


In file included from /Users/yosuke/gits/cxd5602pwbimu_ros2_driver/ros2_ws/src/imu_tools/imu_filter_madgwick/src/imu_filter_ros.cpp:26:
In file included from /Users/yosuke/gits/cxd5602pwbimu_ros2_driver/ros2_ws/src/imu_tools/imu_filter_madgwick/include/imu_filter_madgwick/imu_filter_ros.h:26:
In file included from /Users/yosuke/miniforge3/envs/ros_env/include/rclcpp/rclcpp/rclcpp.hpp:155:
In file included from /Users/yosuke/miniforge3/envs/ros_env/include/rclcpp/rclcpp/executors.hpp:21:
In file included from /Users/yosuke/miniforge3/envs/ros_env/include/rclcpp/rclcpp/executors/multi_threaded_executor.hpp:25:
In file included from /Users/yosuke/miniforge3/envs/ros_env/include/rclcpp/rclcpp/executor.hpp:37:
In file included from /Users/yosuke/miniforge3/envs/ros_env/include/rclcpp/rclcpp/executor_options.hpp:20:
In file included from /Users/yosuke/miniforge3/envs/ros_env/include/rclcpp/rclcpp/memory_strategies.hpp:18:
In file included from /Users/yosuke/miniforge3/envs/ros_env/include/rclcpp/rclcpp/memory_strategy.hpp:25:
In file included from /Users/yosuke/miniforge3/envs/ros_env/include/rclcpp/rclcpp/any_executable.hpp:20:
In file included from /Users/yosuke/miniforge3/envs/ros_env/include/rclcpp/rclcpp/callback_group.hpp:29:
In file included from /Users/yosuke/miniforge3/envs/ros_env/include/rclcpp/rclcpp/subscription_base.hpp:32:
/Users/yosuke/miniforge3/envs/ros_env/include/rclcpp/rclcpp/any_subscription_callback.hpp:391:7: warning: 'set_deprecated<rcl_interfaces::msg::ParameterEvent_<std::allocator<void>>>' is deprecated: use 'void(std::shared_ptr<const MessageT>)' instead [-Wdeprecated-declarations]
  391 |       set_deprecated(static_cast<typename scbth::callback_type>(callback));
      |       ^
/Users/yosuke/miniforge3/envs/ros_env/include/rclcpp/rclcpp/subscription_factory.hpp:94:29: note: in instantiation of function template specialization 'rclcpp::AnySubscriptionCallback<rcl_interfaces::msg::ParameterEvent_<std::allocator<void>>>::set<std::__bind<void (ImuFilterMadgwickRos::*)(std::shared_ptr<rcl_interfaces::msg::ParameterEvent_<std::allocator<void>>>), ImuFilterMadgwickRos *, const std::placeholders::__ph<1> &>>' requested here
   94 |   any_subscription_callback.set(std::forward<CallbackT>(callback));
      |                             ^
/Users/yosuke/miniforge3/envs/ros_env/include/rclcpp/rclcpp/create_subscription.hpp:122:26: note: in instantiation of function template specialization 'rclcpp::create_subscription_factory<rcl_interfaces::msg::ParameterEvent_<std::allocator<void>>, std::__bind<void (ImuFilterMadgwickRos::*)(std::shared_ptr<rcl_interfaces::msg::ParameterEvent_<std::allocator<void>>>), ImuFilterMadgwickRos *, const std::placeholders::__ph<1> &> &, std::allocator<void>, rclcpp::Subscription<rcl_interfaces::msg::ParameterEvent_<std::allocator<void>>>, rclcpp::message_memory_strategy::MessageMemoryStrategy<rcl_interfaces::msg::ParameterEvent_<std::allocator<void>>>, rcl_interfaces::msg::ParameterEvent_<std::allocator<void>>>' requested here
  122 |   auto factory = rclcpp::create_subscription_factory<MessageT>(
      |                          ^
/Users/yosuke/miniforge3/envs/ros_env/include/rclcpp/rclcpp/create_subscription.hpp:190:26: note: in instantiation of function template specialization 'rclcpp::detail::create_subscription<rcl_interfaces::msg::ParameterEvent_<std::allocator<void>>, std::__bind<void (ImuFilterMadgwickRos::*)(std::shared_ptr<rcl_interfaces::msg::ParameterEvent_<std::allocator<void>>>), ImuFilterMadgwickRos *, const std::placeholders::__ph<1> &> &, std::allocator<void>, rclcpp::Subscription<rcl_interfaces::msg::ParameterEvent_<std::allocator<void>>>, rclcpp::message_memory_strategy::MessageMemoryStrategy<rcl_interfaces::msg::ParameterEvent_<std::allocator<void>>>, std::shared_ptr<rclcpp::node_interfaces::NodeTopicsInterface>, std::shared_ptr<rclcpp::node_interfaces::NodeTopicsInterface>, rcl_interfaces::msg::ParameterEvent_<std::allocator<void>>>' requested here
  190 |   return rclcpp::detail::create_subscription<
      |                          ^
/Users/yosuke/miniforge3/envs/ros_env/include/rclcpp/rclcpp/parameter_client.hpp:245:20: note: in instantiation of function template specialization 'rclcpp::create_subscription<rcl_interfaces::msg::ParameterEvent_<std::allocator<void>>, std::__bind<void (ImuFilterMadgwickRos::*)(std::shared_ptr<rcl_interfaces::msg::ParameterEvent_<std::allocator<void>>>), ImuFilterMadgwickRos *, const std::placeholders::__ph<1> &> &, std::allocator<void>, rclcpp::Subscription<rcl_interfaces::msg::ParameterEvent_<std::allocator<void>>>, rclcpp::message_memory_strategy::MessageMemoryStrategy<rcl_interfaces::msg::ParameterEvent_<std::allocator<void>>>, std::shared_ptr<rclcpp::node_interfaces::NodeTopicsInterface>>' requested here
  245 |     return rclcpp::create_subscription<rcl_interfaces::msg::ParameterEvent>(
      |                    ^
/Users/yosuke/miniforge3/envs/ros_env/include/rclcpp/rclcpp/parameter_client.hpp:218:18: note: in instantiation of function template specialization 'rclcpp::AsyncParametersClient::on_parameter_event<std::__bind<void (ImuFilterMadgwickRos::*)(std::shared_ptr<rcl_interfaces::msg::ParameterEvent_<std::allocator<void>>>), ImuFilterMadgwickRos *, const std::placeholders::__ph<1> &> &, std::shared_ptr<rclcpp::node_interfaces::NodeTopicsInterface> &, std::allocator<void>>' requested here
  218 |     return this->on_parameter_event(
      |                  ^
/Users/yosuke/gits/cxd5602pwbimu_ros2_driver/ros2_ws/src/imu_tools/imu_filter_madgwick/src/imu_filter_ros.cpp:183:48: note: in instantiation of function template specialization 'rclcpp::AsyncParametersClient::on_parameter_event<std::__bind<void (ImuFilterMadgwickRos::*)(std::shared_ptr<rcl_interfaces::msg::ParameterEvent_<std::allocator<void>>>), ImuFilterMadgwickRos *, const std::placeholders::__ph<1> &>, std::allocator<void>>' requested here
  183 |     parameter_event_sub_ = parameters_client_->on_parameter_event(
      |                                                ^
/Users/yosuke/miniforge3/envs/ros_env/include/rclcpp/rclcpp/any_subscription_callback.hpp:405:5: note: 'set_deprecated<rcl_interfaces::msg::ParameterEvent_<std::allocator<void>>>' has been explicitly marked deprecated here
  405 |   [[deprecated("use 'void(std::shared_ptr<const MessageT>)' instead")]]
      |     ^
1 warning generated.
ld: warning: duplicate -rpath '/Users/yosuke/miniforge3/envs/ros_env/lib' ignored
