[0.022s] Invoking command in '/Users/yosuke/gits/cxd5602pwbimu_ros2_driver/ros2_ws/build/imu_filter_madgwick': CMAKE_PREFIX_PATH=${CMAKE_PREFIX_PATH}:/Users/yosuke/miniforge3/envs/ros_env CONDA_PROMPT_MODIFIER=(ros_env) SHLVL=2 _=/Users/yosuke/miniforge3/envs/ros_env/bin/env /Users/yosuke/miniforge3/envs/ros_env/bin/cmake /Users/yosuke/gits/cxd5602pwbimu_ros2_driver/ros2_ws/src/imu_tools/imu_filter_madgwick -DCMAKE_PREFIX_PATH=/usr/local -DCMAKE_CXX_FLAGS=-I/usr/local/include -DCMAKE_EXE_LINKER_FLAGS=-L/usr/local/lib -DCMAKE_INSTALL_PREFIX=/Users/yosuke/gits/cxd5602pwbimu_ros2_driver/ros2_ws/install/imu_filter_madgwick
[0.052s] CMake Deprecation Warning at CMakeLists.txt:1 (cmake_minimum_required):
[0.052s]   Compatibility with CMake < 3.10 will be removed from a future version of
[0.052s]   CMake.
[0.052s] 
[0.052s]   Update the VERSION argument <min> value.  Or, use the <min>...<max> syntax
[0.052s]   to tell CMake that the project requires at least <min> but has been updated
[0.052s]   to work with policies introduced by <max> or earlier.
[0.052s] 
[0.052s] 
[0.213s] -- The C compiler identification is Clang 18.1.8
[0.387s] -- The CXX compiler identification is Clang 18.1.8
[0.421s] -- Detecting C compiler ABI info
[0.649s] -- Detecting C compiler ABI info - done
[0.660s] -- Check for working C compiler: /Users/yosuke/miniforge3/envs/ros_env/bin/arm64-apple-darwin20.0.0-clang - skipped
[0.660s] -- Detecting C compile features
[0.660s] -- Detecting C compile features - done
[0.664s] -- Detecting CXX compiler ABI info
[0.911s] -- Detecting CXX compiler ABI info - done
[0.916s] -- Check for working CXX compiler: /Users/yosuke/miniforge3/envs/ros_env/bin/arm64-apple-darwin20.0.0-clang++ - skipped
[0.916s] -- Detecting CXX compile features
[0.917s] -- Detecting CXX compile features - done
[0.951s] -- Found ament_cmake: 1.3.11 (/Users/yosuke/miniforge3/envs/ros_env/share/ament_cmake/cmake)
[1.119s] -- Found Python3: /Users/yosuke/miniforge3/envs/ros_env/bin/python3 (found version "3.11.13") found components: Interpreter
[1.546s] -- Found rclcpp: 16.0.11 (/Users/yosuke/miniforge3/envs/ros_env/share/rclcpp/cmake)
[1.869s] -- Found rosidl_generator_c: 3.1.6 (/Users/yosuke/miniforge3/envs/ros_env/share/rosidl_generator_c/cmake)
[1.930s] -- Found rosidl_adapter: 3.1.6 (/Users/yosuke/miniforge3/envs/ros_env/share/rosidl_adapter/cmake)
[1.999s] -- Found rosidl_generator_cpp: 3.1.6 (/Users/yosuke/miniforge3/envs/ros_env/share/rosidl_generator_cpp/cmake)
[2.061s] -- Using all available rosidl_typesupport_c: rosidl_typesupport_fastrtps_c;rosidl_typesupport_introspection_c
[2.151s] -- Using all available rosidl_typesupport_cpp: rosidl_typesupport_fastrtps_cpp;rosidl_typesupport_introspection_cpp
[2.546s] -- Checking for module 'yaml-0.1'
[2.913s] --   Found yaml-0.1, version 0.2.5
[3.744s] -- Found rmw_implementation_cmake: 6.1.2 (/Users/yosuke/miniforge3/envs/ros_env/share/rmw_implementation_cmake/cmake)
[3.765s] -- Found rmw_fastrtps_cpp: 6.2.7 (/Users/yosuke/miniforge3/envs/ros_env/share/rmw_fastrtps_cpp/cmake)
[5.020s] -- Found OpenSSL: /opt/homebrew/opt/openssl@3/lib/libcrypto.dylib (found version "3.5.1")
[5.160s] -- Found FastRTPS: /Users/yosuke/miniforge3/envs/ros_env/include
[5.276s] -- Using RMW implementation 'rmw_fastrtps_cpp' as default
[5.312s] -- Performing Test CMAKE_HAVE_LIBC_PTHREAD
[5.553s] -- Performing Test CMAKE_HAVE_LIBC_PTHREAD - Success
[5.554s] -- Found Threads: TRUE
[5.663s] -- Found rclcpp_components: 16.0.11 (/Users/yosuke/miniforge3/envs/ros_env/share/rclcpp_components/cmake)
[5.769s] -- Found std_msgs: 4.2.4 (/Users/yosuke/miniforge3/envs/ros_env/share/std_msgs/cmake)
[5.803s] -- Found geometry_msgs: 4.2.4 (/Users/yosuke/miniforge3/envs/ros_env/share/geometry_msgs/cmake)
[5.838s] -- Found tf2_geometry_msgs: 0.25.10 (/Users/yosuke/miniforge3/envs/ros_env/share/tf2_geometry_msgs/cmake)
[5.924s] -- Found eigen3_cmake_module: 0.1.1 (/Users/yosuke/miniforge3/envs/ros_env/share/eigen3_cmake_module/cmake)
[5.925s] -- Found Eigen3: TRUE (found version "3.4.0")
[5.925s] -- Ensuring Eigen3 include directory is part of orocos-kdl CMake target
[6.143s] -- Found sensor_msgs: 4.2.4 (/Users/yosuke/miniforge3/envs/ros_env/share/sensor_msgs/cmake)
[6.179s] -- Found ament_cmake_gtest: 1.3.11 (/Users/yosuke/miniforge3/envs/ros_env/share/ament_cmake_gtest/cmake)
[6.196s] -- Found gtest sources under '/Users/yosuke/miniforge3/envs/ros_env/src/gtest_vendor': C++ tests using 'Google Test' will be built
[6.196s] CMake Deprecation Warning at /Users/yosuke/miniforge3/envs/ros_env/src/gtest_vendor/CMakeLists.txt:2 (cmake_minimum_required):
[6.196s]   Compatibility with CMake < 3.10 will be removed from a future version of
[6.196s]   CMake.
[6.196s] 
[6.197s]   Update the VERSION argument <min> value.  Or, use the <min>...<max> syntax
[6.197s]   to tell CMake that the project requires at least <min> but has been updated
[6.197s]   to work with policies introduced by <max> or earlier.
[6.197s] 
[6.197s] 
[6.283s] -- Configuring done (6.2s)
[6.377s] -- Generating done (0.1s)
[6.378s] -- Build files have been written to: /Users/yosuke/gits/cxd5602pwbimu_ros2_driver/ros2_ws/build/imu_filter_madgwick
[6.385s] Invoked command in '/Users/yosuke/gits/cxd5602pwbimu_ros2_driver/ros2_ws/build/imu_filter_madgwick' returned '0': CMAKE_PREFIX_PATH=${CMAKE_PREFIX_PATH}:/Users/yosuke/miniforge3/envs/ros_env CONDA_PROMPT_MODIFIER=(ros_env) SHLVL=2 _=/Users/yosuke/miniforge3/envs/ros_env/bin/env /Users/yosuke/miniforge3/envs/ros_env/bin/cmake /Users/yosuke/gits/cxd5602pwbimu_ros2_driver/ros2_ws/src/imu_tools/imu_filter_madgwick -DCMAKE_PREFIX_PATH=/usr/local -DCMAKE_CXX_FLAGS=-I/usr/local/include -DCMAKE_EXE_LINKER_FLAGS=-L/usr/local/lib -DCMAKE_INSTALL_PREFIX=/Users/yosuke/gits/cxd5602pwbimu_ros2_driver/ros2_ws/install/imu_filter_madgwick
[6.389s] Invoking command in '/Users/yosuke/gits/cxd5602pwbimu_ros2_driver/ros2_ws/build/imu_filter_madgwick': CMAKE_PREFIX_PATH=${CMAKE_PREFIX_PATH}:/Users/yosuke/miniforge3/envs/ros_env CONDA_PROMPT_MODIFIER=(ros_env) SHLVL=2 _=/Users/yosuke/miniforge3/envs/ros_env/bin/env /Users/yosuke/miniforge3/envs/ros_env/bin/cmake --build /Users/yosuke/gits/cxd5602pwbimu_ros2_driver/ros2_ws/build/imu_filter_madgwick -- -j10 -l10
[6.526s] [  7%] Building CXX object CMakeFiles/imu_filter_madgwick.dir/src/imu_filter.cpp.o
[6.528s] [ 14%] Building CXX object CMakeFiles/imu_filter_madgwick.dir/src/stateless_orientation.cpp.o
[6.531s] [ 28%] Building CXX object gtest/CMakeFiles/gtest_main.dir/src/gtest_main.cc.o
[6.532s] [ 28%] Building CXX object CMakeFiles/imu_filter_madgwick.dir/src/imu_filter_ros.cpp.o
[6.536s] [ 35%] Building CXX object gtest/CMakeFiles/gtest.dir/src/gtest-all.cc.o
[7.276s] [ 42%] Linking CXX static library libgtest_main.a
[7.432s] [ 42%] Built target gtest_main
[8.256s] [ 50%] Linking CXX static library libgtest.a
[8.359s] [ 50%] Built target gtest
[8.757s] In file included from /Users/yosuke/gits/cxd5602pwbimu_ros2_driver/ros2_ws/src/imu_tools/imu_filter_madgwick/src/imu_filter_ros.cpp:26:
[8.758s] In file included from /Users/yosuke/gits/cxd5602pwbimu_ros2_driver/ros2_ws/src/imu_tools/imu_filter_madgwick/include/imu_filter_madgwick/imu_filter_ros.h:26:
[8.758s] In file included from /Users/yosuke/miniforge3/envs/ros_env/include/rclcpp/rclcpp/rclcpp.hpp:155:
[8.758s] In file included from /Users/yosuke/miniforge3/envs/ros_env/include/rclcpp/rclcpp/executors.hpp:21:
[8.758s] In file included from /Users/yosuke/miniforge3/envs/ros_env/include/rclcpp/rclcpp/executors/multi_threaded_executor.hpp:25:
[8.758s] In file included from /Users/yosuke/miniforge3/envs/ros_env/include/rclcpp/rclcpp/executor.hpp:37:
[8.758s] In file included from /Users/yosuke/miniforge3/envs/ros_env/include/rclcpp/rclcpp/executor_options.hpp:20:
[8.758s] In file included from /Users/yosuke/miniforge3/envs/ros_env/include/rclcpp/rclcpp/memory_strategies.hpp:18:
[8.758s] In file included from /Users/yosuke/miniforge3/envs/ros_env/include/rclcpp/rclcpp/memory_strategy.hpp:25:
[8.758s] In file included from /Users/yosuke/miniforge3/envs/ros_env/include/rclcpp/rclcpp/any_executable.hpp:20:
[8.758s] In file included from /Users/yosuke/miniforge3/envs/ros_env/include/rclcpp/rclcpp/callback_group.hpp:29:
[8.758s] In file included from /Users/yosuke/miniforge3/envs/ros_env/include/rclcpp/rclcpp/subscription_base.hpp:32:
[8.758s] /Users/yosuke/miniforge3/envs/ros_env/include/rclcpp/rclcpp/any_subscription_callback.hpp:391:7: warning: 'set_deprecated<rcl_interfaces::msg::ParameterEvent_<std::allocator<void>>>' is deprecated: use 'void(std::shared_ptr<const MessageT>)' instead [-Wdeprecated-declarations]
[8.759s]   391 |       set_deprecated(static_cast<typename scbth::callback_type>(callback));
[8.759s]       |       ^
[8.759s] /Users/yosuke/miniforge3/envs/ros_env/include/rclcpp/rclcpp/subscription_factory.hpp:94:29: note: in instantiation of function template specialization 'rclcpp::AnySubscriptionCallback<rcl_interfaces::msg::ParameterEvent_<std::allocator<void>>>::set<std::__bind<void (ImuFilterMadgwickRos::*)(std::shared_ptr<rcl_interfaces::msg::ParameterEvent_<std::allocator<void>>>), ImuFilterMadgwickRos *, const std::placeholders::__ph<1> &>>' requested here
[8.759s]    94 |   any_subscription_callback.set(std::forward<CallbackT>(callback));
[8.759s]       |                             ^
[8.759s] /Users/yosuke/miniforge3/envs/ros_env/include/rclcpp/rclcpp/create_subscription.hpp:122:26: note: in instantiation of function template specialization 'rclcpp::create_subscription_factory<rcl_interfaces::msg::ParameterEvent_<std::allocator<void>>, std::__bind<void (ImuFilterMadgwickRos::*)(std::shared_ptr<rcl_interfaces::msg::ParameterEvent_<std::allocator<void>>>), ImuFilterMadgwickRos *, const std::placeholders::__ph<1> &> &, std::allocator<void>, rclcpp::Subscription<rcl_interfaces::msg::ParameterEvent_<std::allocator<void>>>, rclcpp::message_memory_strategy::MessageMemoryStrategy<rcl_interfaces::msg::ParameterEvent_<std::allocator<void>>>, rcl_interfaces::msg::ParameterEvent_<std::allocator<void>>>' requested here
[8.759s]   122 |   auto factory = rclcpp::create_subscription_factory<MessageT>(
[8.759s]       |                          ^
[8.759s] /Users/yosuke/miniforge3/envs/ros_env/include/rclcpp/rclcpp/create_subscription.hpp:190:26: note: in instantiation of function template specialization 'rclcpp::detail::create_subscription<rcl_interfaces::msg::ParameterEvent_<std::allocator<void>>, std::__bind<void (ImuFilterMadgwickRos::*)(std::shared_ptr<rcl_interfaces::msg::ParameterEvent_<std::allocator<void>>>), ImuFilterMadgwickRos *, const std::placeholders::__ph<1> &> &, std::allocator<void>, rclcpp::Subscription<rcl_interfaces::msg::ParameterEvent_<std::allocator<void>>>, rclcpp::message_memory_strategy::MessageMemoryStrategy<rcl_interfaces::msg::ParameterEvent_<std::allocator<void>>>, std::shared_ptr<rclcpp::node_interfaces::NodeTopicsInterface>, std::shared_ptr<rclcpp::node_interfaces::NodeTopicsInterface>, rcl_interfaces::msg::ParameterEvent_<std::allocator<void>>>' requested here
[8.759s]   190 |   return rclcpp::detail::create_subscription<
[8.759s]       |                          ^
[8.759s] /Users/yosuke/miniforge3/envs/ros_env/include/rclcpp/rclcpp/parameter_client.hpp:245:20: note: in instantiation of function template specialization 'rclcpp::create_subscription<rcl_interfaces::msg::ParameterEvent_<std::allocator<void>>, std::__bind<void (ImuFilterMadgwickRos::*)(std::shared_ptr<rcl_interfaces::msg::ParameterEvent_<std::allocator<void>>>), ImuFilterMadgwickRos *, const std::placeholders::__ph<1> &> &, std::allocator<void>, rclcpp::Subscription<rcl_interfaces::msg::ParameterEvent_<std::allocator<void>>>, rclcpp::message_memory_strategy::MessageMemoryStrategy<rcl_interfaces::msg::ParameterEvent_<std::allocator<void>>>, std::shared_ptr<rclcpp::node_interfaces::NodeTopicsInterface>>' requested here
[8.759s]   245 |     return rclcpp::create_subscription<rcl_interfaces::msg::ParameterEvent>(
[8.759s]       |                    ^
[8.759s] /Users/yosuke/miniforge3/envs/ros_env/include/rclcpp/rclcpp/parameter_client.hpp:218:18: note: in instantiation of function template specialization 'rclcpp::AsyncParametersClient::on_parameter_event<std::__bind<void (ImuFilterMadgwickRos::*)(std::shared_ptr<rcl_interfaces::msg::ParameterEvent_<std::allocator<void>>>), ImuFilterMadgwickRos *, const std::placeholders::__ph<1> &> &, std::shared_ptr<rclcpp::node_interfaces::NodeTopicsInterface> &, std::allocator<void>>' requested here
[8.759s]   218 |     return this->on_parameter_event(
[8.759s]       |                  ^
[8.759s] /Users/yosuke/gits/cxd5602pwbimu_ros2_driver/ros2_ws/src/imu_tools/imu_filter_madgwick/src/imu_filter_ros.cpp:183:48: note: in instantiation of function template specialization 'rclcpp::AsyncParametersClient::on_parameter_event<std::__bind<void (ImuFilterMadgwickRos::*)(std::shared_ptr<rcl_interfaces::msg::ParameterEvent_<std::allocator<void>>>), ImuFilterMadgwickRos *, const std::placeholders::__ph<1> &>, std::allocator<void>>' requested here
[8.759s]   183 |     parameter_event_sub_ = parameters_client_->on_parameter_event(
[8.759s]       |                                                ^
[8.759s] /Users/yosuke/miniforge3/envs/ros_env/include/rclcpp/rclcpp/any_subscription_callback.hpp:405:5: note: 'set_deprecated<rcl_interfaces::msg::ParameterEvent_<std::allocator<void>>>' has been explicitly marked deprecated here
[8.760s]   405 |   [[deprecated("use 'void(std::shared_ptr<const MessageT>)' instead")]]
[8.760s]       |     ^
[11.793s] 1 warning generated.
[11.821s] [ 57%] Linking CXX shared library libimu_filter_madgwick.dylib
[11.853s] ld: warning: duplicate -rpath '/Users/yosuke/miniforge3/envs/ros_env/lib' ignored
[11.964s] [ 57%] Built target imu_filter_madgwick
[12.011s] [ 64%] Building CXX object test/CMakeFiles/madgwick_test.dir/madgwick_test.cpp.o
[12.011s] [ 78%] Building CXX object test/CMakeFiles/stateless_orientation_test.dir/stateless_orientation_test.cpp.o
[12.011s] [ 78%] Building CXX object CMakeFiles/imu_filter_madgwick_node.dir/src/imu_filter_node.cpp.o
[12.554s] [ 85%] Linking CXX executable madgwick_test
[12.576s] [ 92%] Linking CXX executable stateless_orientation_test
[12.649s] [ 92%] Built target madgwick_test
[12.668s] [ 92%] Built target stateless_orientation_test
[13.148s] [100%] Linking CXX executable imu_filter_madgwick_node
[13.214s] [100%] Built target imu_filter_madgwick_node
