[0.028s] Invoking command in '/Users/yosuke/gits/cxd5602pwbimu_ros2_driver/ros2_ws/build/imu_filter_madgwick': CMAKE_PREFIX_PATH=${CMAKE_PREFIX_PATH}:/Users/yosuke/gits/cxd5602pwbimu_ros2_driver/ros2_ws/install/cxd5602pwbimu_driver_bringup:/Users/yosuke/miniforge3/envs/ros_env CONDA_PROMPT_MODIFIER=(ros_env) SHLVL=2 _=/Users/yosuke/miniforge3/envs/ros_env/bin/env /Users/yosuke/miniforge3/envs/ros_env/bin/cmake /Users/yosuke/gits/cxd5602pwbimu_ros2_driver/ros2_ws/src/imu_tools/imu_filter_madgwick -DCMAKE_PREFIX_PATH=/usr/local -DCMAKE_CXX_FLAGS=-I/usr/local/include -DCMAKE_EXE_LINKER_FLAGS=-L/usr/local/lib -DCMAKE_INSTALL_PREFIX=/Users/yosuke/gits/cxd5602pwbimu_ros2_driver/ros2_ws/install/imu_filter_madgwick
[0.066s] CMake Deprecation Warning at CMakeLists.txt:1 (cmake_minimum_required):
[0.066s]   Compatibility with CMake < 3.10 will be removed from a future version of
[0.066s]   CMake.
[0.066s] 
[0.066s]   Update the VERSION argument <min> value.  Or, use the <min>...<max> syntax
[0.066s]   to tell CMake that the project requires at least <min> but has been updated
[0.066s]   to work with policies introduced by <max> or earlier.
[0.066s] 
[0.067s] 
[0.234s] -- The C compiler identification is Clang 18.1.8
[0.416s] -- The CXX compiler identification is Clang 18.1.8
[0.454s] -- Detecting C compiler ABI info
[0.713s] -- Detecting C compiler ABI info - done
[0.718s] -- Check for working C compiler: /Users/yosuke/miniforge3/envs/ros_env/bin/arm64-apple-darwin20.0.0-clang - skipped
[0.718s] -- Detecting C compile features
[0.719s] -- Detecting C compile features - done
[0.722s] -- Detecting CXX compiler ABI info
[0.973s] -- Detecting CXX compiler ABI info - done
[0.978s] -- Check for working CXX compiler: /Users/yosuke/miniforge3/envs/ros_env/bin/arm64-apple-darwin20.0.0-clang++ - skipped
[0.978s] -- Detecting CXX compile features
[0.979s] -- Detecting CXX compile features - done
[0.995s] -- Found ament_cmake: 1.3.11 (/Users/yosuke/miniforge3/envs/ros_env/share/ament_cmake/cmake)
[1.153s] -- Found Python3: /Users/yosuke/miniforge3/envs/ros_env/bin/python3 (found version "3.11.13") found components: Interpreter
[1.519s] -- Found rclcpp: 16.0.11 (/Users/yosuke/miniforge3/envs/ros_env/share/rclcpp/cmake)
[1.813s] -- Found rosidl_generator_c: 3.1.6 (/Users/yosuke/miniforge3/envs/ros_env/share/rosidl_generator_c/cmake)
[1.864s] -- Found rosidl_adapter: 3.1.6 (/Users/yosuke/miniforge3/envs/ros_env/share/rosidl_adapter/cmake)
[1.929s] -- Found rosidl_generator_cpp: 3.1.6 (/Users/yosuke/miniforge3/envs/ros_env/share/rosidl_generator_cpp/cmake)
[1.997s] -- Using all available rosidl_typesupport_c: rosidl_typesupport_fastrtps_c;rosidl_typesupport_introspection_c
[2.104s] -- Using all available rosidl_typesupport_cpp: rosidl_typesupport_fastrtps_cpp;rosidl_typesupport_introspection_cpp
[2.506s] -- Checking for module 'yaml-0.1'
[2.976s] --   Found yaml-0.1, version 0.2.5
[4.120s] -- Found rmw_implementation_cmake: 6.1.2 (/Users/yosuke/miniforge3/envs/ros_env/share/rmw_implementation_cmake/cmake)
[4.131s] -- Found rmw_fastrtps_cpp: 6.2.7 (/Users/yosuke/miniforge3/envs/ros_env/share/rmw_fastrtps_cpp/cmake)
[5.744s] -- Found OpenSSL: /opt/homebrew/opt/openssl@3/lib/libcrypto.dylib (found version "3.5.1")
[5.869s] -- Found FastRTPS: /Users/yosuke/miniforge3/envs/ros_env/include
[6.002s] -- Using RMW implementation 'rmw_fastrtps_cpp' as default
[6.031s] -- Performing Test CMAKE_HAVE_LIBC_PTHREAD
[6.252s] -- Performing Test CMAKE_HAVE_LIBC_PTHREAD - Success
[6.252s] -- Found Threads: TRUE
[6.327s] -- Found rclcpp_components: 16.0.11 (/Users/yosuke/miniforge3/envs/ros_env/share/rclcpp_components/cmake)
[6.401s] -- Found std_msgs: 4.2.4 (/Users/yosuke/miniforge3/envs/ros_env/share/std_msgs/cmake)
[6.427s] -- Found geometry_msgs: 4.2.4 (/Users/yosuke/miniforge3/envs/ros_env/share/geometry_msgs/cmake)
[6.455s] -- Found tf2_geometry_msgs: 0.25.10 (/Users/yosuke/miniforge3/envs/ros_env/share/tf2_geometry_msgs/cmake)
[6.525s] -- Found eigen3_cmake_module: 0.1.1 (/Users/yosuke/miniforge3/envs/ros_env/share/eigen3_cmake_module/cmake)
[6.526s] -- Found Eigen3: TRUE (found version "3.4.0")
[6.526s] -- Ensuring Eigen3 include directory is part of orocos-kdl CMake target
[6.776s] -- Found sensor_msgs: 4.2.4 (/Users/yosuke/miniforge3/envs/ros_env/share/sensor_msgs/cmake)
[6.820s] -- Found ament_cmake_gtest: 1.3.11 (/Users/yosuke/miniforge3/envs/ros_env/share/ament_cmake_gtest/cmake)
[6.862s] -- Found gtest sources under '/Users/yosuke/miniforge3/envs/ros_env/src/gtest_vendor': C++ tests using 'Google Test' will be built
[6.862s] CMake Deprecation Warning at /Users/yosuke/miniforge3/envs/ros_env/src/gtest_vendor/CMakeLists.txt:2 (cmake_minimum_required):
[6.863s]   Compatibility with CMake < 3.10 will be removed from a future version of
[6.863s]   CMake.
[6.863s] 
[6.863s]   Update the VERSION argument <min> value.  Or, use the <min>...<max> syntax
[6.863s]   to tell CMake that the project requires at least <min> but has been updated
[6.863s]   to work with policies introduced by <max> or earlier.
[6.863s] 
[6.863s] 
[6.951s] -- Configuring done (6.9s)
[7.018s] -- Generating done (0.1s)
[7.018s] -- Build files have been written to: /Users/yosuke/gits/cxd5602pwbimu_ros2_driver/ros2_ws/build/imu_filter_madgwick
[7.025s] Invoked command in '/Users/yosuke/gits/cxd5602pwbimu_ros2_driver/ros2_ws/build/imu_filter_madgwick' returned '0': CMAKE_PREFIX_PATH=${CMAKE_PREFIX_PATH}:/Users/yosuke/gits/cxd5602pwbimu_ros2_driver/ros2_ws/install/cxd5602pwbimu_driver_bringup:/Users/yosuke/miniforge3/envs/ros_env CONDA_PROMPT_MODIFIER=(ros_env) SHLVL=2 _=/Users/yosuke/miniforge3/envs/ros_env/bin/env /Users/yosuke/miniforge3/envs/ros_env/bin/cmake /Users/yosuke/gits/cxd5602pwbimu_ros2_driver/ros2_ws/src/imu_tools/imu_filter_madgwick -DCMAKE_PREFIX_PATH=/usr/local -DCMAKE_CXX_FLAGS=-I/usr/local/include -DCMAKE_EXE_LINKER_FLAGS=-L/usr/local/lib -DCMAKE_INSTALL_PREFIX=/Users/yosuke/gits/cxd5602pwbimu_ros2_driver/ros2_ws/install/imu_filter_madgwick
[7.030s] Invoking command in '/Users/yosuke/gits/cxd5602pwbimu_ros2_driver/ros2_ws/build/imu_filter_madgwick': CMAKE_PREFIX_PATH=${CMAKE_PREFIX_PATH}:/Users/yosuke/gits/cxd5602pwbimu_ros2_driver/ros2_ws/install/cxd5602pwbimu_driver_bringup:/Users/yosuke/miniforge3/envs/ros_env CONDA_PROMPT_MODIFIER=(ros_env) SHLVL=2 _=/Users/yosuke/miniforge3/envs/ros_env/bin/env /Users/yosuke/miniforge3/envs/ros_env/bin/cmake --build /Users/yosuke/gits/cxd5602pwbimu_ros2_driver/ros2_ws/build/imu_filter_madgwick -- -j10 -l10
[7.182s] [  7%] Building CXX object gtest/CMakeFiles/gtest.dir/src/gtest-all.cc.o
[7.194s] [ 14%] Building CXX object CMakeFiles/imu_filter_madgwick.dir/src/imu_filter.cpp.o
[7.194s] [ 28%] Building CXX object CMakeFiles/imu_filter_madgwick.dir/src/imu_filter_ros.cpp.o
[7.195s] [ 28%] Building CXX object CMakeFiles/imu_filter_madgwick.dir/src/stateless_orientation.cpp.o
[7.204s] [ 35%] Building CXX object gtest/CMakeFiles/gtest_main.dir/src/gtest_main.cc.o
[8.030s] [ 42%] Linking CXX static library libgtest_main.a
[8.167s] [ 42%] Built target gtest_main
[8.801s] [ 50%] Linking CXX static library libgtest.a
[8.948s] [ 50%] Built target gtest
[9.318s] In file included from /Users/yosuke/gits/cxd5602pwbimu_ros2_driver/ros2_ws/src/imu_tools/imu_filter_madgwick/src/imu_filter_ros.cpp:26:
[9.318s] In file included from /Users/yosuke/gits/cxd5602pwbimu_ros2_driver/ros2_ws/src/imu_tools/imu_filter_madgwick/include/imu_filter_madgwick/imu_filter_ros.h:26:
[9.318s] In file included from /Users/yosuke/miniforge3/envs/ros_env/include/rclcpp/rclcpp/rclcpp.hpp:155:
[9.318s] In file included from /Users/yosuke/miniforge3/envs/ros_env/include/rclcpp/rclcpp/executors.hpp:21:
[9.318s] In file included from /Users/yosuke/miniforge3/envs/ros_env/include/rclcpp/rclcpp/executors/multi_threaded_executor.hpp:25:
[9.318s] In file included from /Users/yosuke/miniforge3/envs/ros_env/include/rclcpp/rclcpp/executor.hpp:37:
[9.318s] In file included from /Users/yosuke/miniforge3/envs/ros_env/include/rclcpp/rclcpp/executor_options.hpp:20:
[9.318s] In file included from /Users/yosuke/miniforge3/envs/ros_env/include/rclcpp/rclcpp/memory_strategies.hpp:18:
[9.318s] In file included from /Users/yosuke/miniforge3/envs/ros_env/include/rclcpp/rclcpp/memory_strategy.hpp:25:
[9.318s] In file included from /Users/yosuke/miniforge3/envs/ros_env/include/rclcpp/rclcpp/any_executable.hpp:20:
[9.318s] In file included from /Users/yosuke/miniforge3/envs/ros_env/include/rclcpp/rclcpp/callback_group.hpp:29:
[9.318s] In file included from /Users/yosuke/miniforge3/envs/ros_env/include/rclcpp/rclcpp/subscription_base.hpp:32:
[9.318s] /Users/yosuke/miniforge3/envs/ros_env/include/rclcpp/rclcpp/any_subscription_callback.hpp:391:7: warning: 'set_deprecated<rcl_interfaces::msg::ParameterEvent_<std::allocator<void>>>' is deprecated: use 'void(std::shared_ptr<const MessageT>)' instead [-Wdeprecated-declarations]
[9.318s]   391 |       set_deprecated(static_cast<typename scbth::callback_type>(callback));
[9.318s]       |       ^
[9.318s] /Users/yosuke/miniforge3/envs/ros_env/include/rclcpp/rclcpp/subscription_factory.hpp:94:29: note: in instantiation of function template specialization 'rclcpp::AnySubscriptionCallback<rcl_interfaces::msg::ParameterEvent_<std::allocator<void>>>::set<std::__bind<void (ImuFilterMadgwickRos::*)(std::shared_ptr<rcl_interfaces::msg::ParameterEvent_<std::allocator<void>>>), ImuFilterMadgwickRos *, const std::placeholders::__ph<1> &>>' requested here
[9.318s]    94 |   any_subscription_callback.set(std::forward<CallbackT>(callback));
[9.318s]       |                             ^
[9.319s] /Users/yosuke/miniforge3/envs/ros_env/include/rclcpp/rclcpp/create_subscription.hpp:122:26: note: in instantiation of function template specialization 'rclcpp::create_subscription_factory<rcl_interfaces::msg::ParameterEvent_<std::allocator<void>>, std::__bind<void (ImuFilterMadgwickRos::*)(std::shared_ptr<rcl_interfaces::msg::ParameterEvent_<std::allocator<void>>>), ImuFilterMadgwickRos *, const std::placeholders::__ph<1> &> &, std::allocator<void>, rclcpp::Subscription<rcl_interfaces::msg::ParameterEvent_<std::allocator<void>>>, rclcpp::message_memory_strategy::MessageMemoryStrategy<rcl_interfaces::msg::ParameterEvent_<std::allocator<void>>>, rcl_interfaces::msg::ParameterEvent_<std::allocator<void>>>' requested here
[9.319s]   122 |   auto factory = rclcpp::create_subscription_factory<MessageT>(
[9.319s]       |                          ^
[9.319s] /Users/yosuke/miniforge3/envs/ros_env/include/rclcpp/rclcpp/create_subscription.hpp:190:26: note: in instantiation of function template specialization 'rclcpp::detail::create_subscription<rcl_interfaces::msg::ParameterEvent_<std::allocator<void>>, std::__bind<void (ImuFilterMadgwickRos::*)(std::shared_ptr<rcl_interfaces::msg::ParameterEvent_<std::allocator<void>>>), ImuFilterMadgwickRos *, const std::placeholders::__ph<1> &> &, std::allocator<void>, rclcpp::Subscription<rcl_interfaces::msg::ParameterEvent_<std::allocator<void>>>, rclcpp::message_memory_strategy::MessageMemoryStrategy<rcl_interfaces::msg::ParameterEvent_<std::allocator<void>>>, std::shared_ptr<rclcpp::node_interfaces::NodeTopicsInterface>, std::shared_ptr<rclcpp::node_interfaces::NodeTopicsInterface>, rcl_interfaces::msg::ParameterEvent_<std::allocator<void>>>' requested here
[9.319s]   190 |   return rclcpp::detail::create_subscription<
[9.319s]       |                          ^
[9.319s] /Users/yosuke/miniforge3/envs/ros_env/include/rclcpp/rclcpp/parameter_client.hpp:245:20: note: in instantiation of function template specialization 'rclcpp::create_subscription<rcl_interfaces::msg::ParameterEvent_<std::allocator<void>>, std::__bind<void (ImuFilterMadgwickRos::*)(std::shared_ptr<rcl_interfaces::msg::ParameterEvent_<std::allocator<void>>>), ImuFilterMadgwickRos *, const std::placeholders::__ph<1> &> &, std::allocator<void>, rclcpp::Subscription<rcl_interfaces::msg::ParameterEvent_<std::allocator<void>>>, rclcpp::message_memory_strategy::MessageMemoryStrategy<rcl_interfaces::msg::ParameterEvent_<std::allocator<void>>>, std::shared_ptr<rclcpp::node_interfaces::NodeTopicsInterface>>' requested here
[9.319s]   245 |     return rclcpp::create_subscription<rcl_interfaces::msg::ParameterEvent>(
[9.319s]       |                    ^
[9.319s] /Users/yosuke/miniforge3/envs/ros_env/include/rclcpp/rclcpp/parameter_client.hpp:218:18: note: in instantiation of function template specialization 'rclcpp::AsyncParametersClient::on_parameter_event<std::__bind<void (ImuFilterMadgwickRos::*)(std::shared_ptr<rcl_interfaces::msg::ParameterEvent_<std::allocator<void>>>), ImuFilterMadgwickRos *, const std::placeholders::__ph<1> &> &, std::shared_ptr<rclcpp::node_interfaces::NodeTopicsInterface> &, std::allocator<void>>' requested here
[9.319s]   218 |     return this->on_parameter_event(
[9.319s]       |                  ^
[9.319s] /Users/yosuke/gits/cxd5602pwbimu_ros2_driver/ros2_ws/src/imu_tools/imu_filter_madgwick/src/imu_filter_ros.cpp:183:48: note: in instantiation of function template specialization 'rclcpp::AsyncParametersClient::on_parameter_event<std::__bind<void (ImuFilterMadgwickRos::*)(std::shared_ptr<rcl_interfaces::msg::ParameterEvent_<std::allocator<void>>>), ImuFilterMadgwickRos *, const std::placeholders::__ph<1> &>, std::allocator<void>>' requested here
[9.319s]   183 |     parameter_event_sub_ = parameters_client_->on_parameter_event(
[9.319s]       |                                                ^
[9.319s] /Users/yosuke/miniforge3/envs/ros_env/include/rclcpp/rclcpp/any_subscription_callback.hpp:405:5: note: 'set_deprecated<rcl_interfaces::msg::ParameterEvent_<std::allocator<void>>>' has been explicitly marked deprecated here
[9.319s]   405 |   [[deprecated("use 'void(std::shared_ptr<const MessageT>)' instead")]]
[9.319s]       |     ^
[14.714s] 1 warning generated.
[14.754s] [ 57%] Linking CXX shared library libimu_filter_madgwick.dylib
[14.812s] ld: warning: duplicate -rpath '/Users/yosuke/miniforge3/envs/ros_env/lib' ignored
[14.977s] [ 57%] Built target imu_filter_madgwick
[15.060s] [ 64%] Building CXX object test/CMakeFiles/madgwick_test.dir/madgwick_test.cpp.o
[15.064s] [ 71%] Building CXX object CMakeFiles/imu_filter_madgwick_node.dir/src/imu_filter_node.cpp.o
[15.081s] [ 78%] Building CXX object test/CMakeFiles/stateless_orientation_test.dir/stateless_orientation_test.cpp.o
[15.895s] [ 85%] Linking CXX executable madgwick_test
[15.951s] [ 92%] Linking CXX executable stateless_orientation_test
[16.061s] [ 92%] Built target madgwick_test
[16.101s] [ 92%] Built target stateless_orientation_test
[16.857s] [100%] Linking CXX executable imu_filter_madgwick_node
[16.959s] [100%] Built target imu_filter_madgwick_node
[16.976s] Invoked command in '/Users/yosuke/gits/cxd5602pwbimu_ros2_driver/ros2_ws/build/imu_filter_madgwick' returned '0': CMAKE_PREFIX_PATH=${CMAKE_PREFIX_PATH}:/Users/yosuke/gits/cxd5602pwbimu_ros2_driver/ros2_ws/install/cxd5602pwbimu_driver_bringup:/Users/yosuke/miniforge3/envs/ros_env CONDA_PROMPT_MODIFIER=(ros_env) SHLVL=2 _=/Users/yosuke/miniforge3/envs/ros_env/bin/env /Users/yosuke/miniforge3/envs/ros_env/bin/cmake --build /Users/yosuke/gits/cxd5602pwbimu_ros2_driver/ros2_ws/build/imu_filter_madgwick -- -j10 -l10
[17.438s] Invoking command in '/Users/yosuke/gits/cxd5602pwbimu_ros2_driver/ros2_ws/build/imu_filter_madgwick': CMAKE_PREFIX_PATH=${CMAKE_PREFIX_PATH}:/Users/yosuke/gits/cxd5602pwbimu_ros2_driver/ros2_ws/install/cxd5602pwbimu_driver_bringup:/Users/yosuke/miniforge3/envs/ros_env CONDA_PROMPT_MODIFIER=(ros_env) SHLVL=2 _=/Users/yosuke/miniforge3/envs/ros_env/bin/env /Users/yosuke/miniforge3/envs/ros_env/bin/cmake --install /Users/yosuke/gits/cxd5602pwbimu_ros2_driver/ros2_ws/build/imu_filter_madgwick
[17.466s] -- Install configuration: ""
[17.466s] -- Installing: /Users/yosuke/gits/cxd5602pwbimu_ros2_driver/ros2_ws/install/imu_filter_madgwick/lib/libimu_filter_madgwick.dylib
[17.482s] /Users/yosuke/miniforge3/envs/ros_env/bin/install_name_tool: warning: changes being made to the file will invalidate the code signature in: /Users/yosuke/gits/cxd5602pwbimu_ros2_driver/ros2_ws/install/imu_filter_madgwick/lib/libimu_filter_madgwick.dylib
[17.530s] [cctools-port]: generating fake signature for '/Users/yosuke/gits/cxd5602pwbimu_ros2_driver/ros2_ws/install/imu_filter_madgwick/lib/libimu_filter_madgwick.dylib'
[17.588s] -- Installing: /Users/yosuke/gits/cxd5602pwbimu_ros2_driver/ros2_ws/install/imu_filter_madgwick/include
[17.588s] -- Installing: /Users/yosuke/gits/cxd5602pwbimu_ros2_driver/ros2_ws/install/imu_filter_madgwick/include/imu_filter_madgwick
[17.589s] -- Installing: /Users/yosuke/gits/cxd5602pwbimu_ros2_driver/ros2_ws/install/imu_filter_madgwick/include/imu_filter_madgwick/imu_filter_ros.h
[17.589s] -- Installing: /Users/yosuke/gits/cxd5602pwbimu_ros2_driver/ros2_ws/install/imu_filter_madgwick/include/imu_filter_madgwick/world_frame.h
[17.589s] -- Installing: /Users/yosuke/gits/cxd5602pwbimu_ros2_driver/ros2_ws/install/imu_filter_madgwick/include/imu_filter_madgwick/visibility_control.h
[17.589s] -- Installing: /Users/yosuke/gits/cxd5602pwbimu_ros2_driver/ros2_ws/install/imu_filter_madgwick/include/imu_filter_madgwick/base_node.hpp
[17.590s] -- Installing: /Users/yosuke/gits/cxd5602pwbimu_ros2_driver/ros2_ws/install/imu_filter_madgwick/include/imu_filter_madgwick/stateless_orientation.h
[17.590s] -- Installing: /Users/yosuke/gits/cxd5602pwbimu_ros2_driver/ros2_ws/install/imu_filter_madgwick/include/imu_filter_madgwick/imu_filter.h
[17.590s] -- Installing: /Users/yosuke/gits/cxd5602pwbimu_ros2_driver/ros2_ws/install/imu_filter_madgwick/lib/imu_filter_madgwick/imu_filter_madgwick_node
[17.601s] /Users/yosuke/miniforge3/envs/ros_env/bin/install_name_tool: warning: changes being made to the file will invalidate the code signature in: /Users/yosuke/gits/cxd5602pwbimu_ros2_driver/ros2_ws/install/imu_filter_madgwick/lib/imu_filter_madgwick/imu_filter_madgwick_node
[17.602s] [cctools-port]: generating fake signature for '/Users/yosuke/gits/cxd5602pwbimu_ros2_driver/ros2_ws/install/imu_filter_madgwick/lib/imu_filter_madgwick/imu_filter_madgwick_node'
[17.642s] -- Installing: /Users/yosuke/gits/cxd5602pwbimu_ros2_driver/ros2_ws/install/imu_filter_madgwick/share/imu_filter_madgwick/launch
[17.642s] -- Installing: /Users/yosuke/gits/cxd5602pwbimu_ros2_driver/ros2_ws/install/imu_filter_madgwick/share/imu_filter_madgwick/launch/imu_filter_component.launch.py
[17.642s] -- Installing: /Users/yosuke/gits/cxd5602pwbimu_ros2_driver/ros2_ws/install/imu_filter_madgwick/share/imu_filter_madgwick/launch/imu_filter.launch.py
[17.643s] -- Installing: /Users/yosuke/gits/cxd5602pwbimu_ros2_driver/ros2_ws/install/imu_filter_madgwick/share/imu_filter_madgwick/config
[17.644s] -- Installing: /Users/yosuke/gits/cxd5602pwbimu_ros2_driver/ros2_ws/install/imu_filter_madgwick/share/imu_filter_madgwick/config/imu_filter.yaml
[17.644s] -- Installing: /Users/yosuke/gits/cxd5602pwbimu_ros2_driver/ros2_ws/install/imu_filter_madgwick/share/ament_index/resource_index/package_run_dependencies/imu_filter_madgwick
[17.644s] -- Installing: /Users/yosuke/gits/cxd5602pwbimu_ros2_driver/ros2_ws/install/imu_filter_madgwick/share/ament_index/resource_index/parent_prefix_path/imu_filter_madgwick
[17.644s] -- Installing: /Users/yosuke/gits/cxd5602pwbimu_ros2_driver/ros2_ws/install/imu_filter_madgwick/share/imu_filter_madgwick/environment/ament_prefix_path.sh
[17.644s] -- Installing: /Users/yosuke/gits/cxd5602pwbimu_ros2_driver/ros2_ws/install/imu_filter_madgwick/share/imu_filter_madgwick/environment/ament_prefix_path.dsv
[17.645s] -- Installing: /Users/yosuke/gits/cxd5602pwbimu_ros2_driver/ros2_ws/install/imu_filter_madgwick/share/imu_filter_madgwick/environment/path.sh
[17.645s] -- Installing: /Users/yosuke/gits/cxd5602pwbimu_ros2_driver/ros2_ws/install/imu_filter_madgwick/share/imu_filter_madgwick/environment/path.dsv
[17.645s] -- Installing: /Users/yosuke/gits/cxd5602pwbimu_ros2_driver/ros2_ws/install/imu_filter_madgwick/share/imu_filter_madgwick/local_setup.bash
[17.645s] -- Installing: /Users/yosuke/gits/cxd5602pwbimu_ros2_driver/ros2_ws/install/imu_filter_madgwick/share/imu_filter_madgwick/local_setup.sh
[17.645s] -- Installing: /Users/yosuke/gits/cxd5602pwbimu_ros2_driver/ros2_ws/install/imu_filter_madgwick/share/imu_filter_madgwick/local_setup.zsh
[17.645s] -- Installing: /Users/yosuke/gits/cxd5602pwbimu_ros2_driver/ros2_ws/install/imu_filter_madgwick/share/imu_filter_madgwick/local_setup.dsv
[17.645s] -- Installing: /Users/yosuke/gits/cxd5602pwbimu_ros2_driver/ros2_ws/install/imu_filter_madgwick/share/imu_filter_madgwick/package.dsv
[17.646s] -- Installing: /Users/yosuke/gits/cxd5602pwbimu_ros2_driver/ros2_ws/install/imu_filter_madgwick/share/ament_index/resource_index/packages/imu_filter_madgwick
[17.646s] -- Installing: /Users/yosuke/gits/cxd5602pwbimu_ros2_driver/ros2_ws/install/imu_filter_madgwick/share/ament_index/resource_index/rclcpp_components/imu_filter_madgwick
[17.646s] -- Installing: /Users/yosuke/gits/cxd5602pwbimu_ros2_driver/ros2_ws/install/imu_filter_madgwick/share/imu_filter_madgwick/cmake/export_imu_filter_madgwickExport.cmake
[17.646s] -- Installing: /Users/yosuke/gits/cxd5602pwbimu_ros2_driver/ros2_ws/install/imu_filter_madgwick/share/imu_filter_madgwick/cmake/export_imu_filter_madgwickExport-noconfig.cmake
[17.646s] -- Installing: /Users/yosuke/gits/cxd5602pwbimu_ros2_driver/ros2_ws/install/imu_filter_madgwick/share/imu_filter_madgwick/cmake/ament_cmake_export_include_directories-extras.cmake
[17.646s] -- Installing: /Users/yosuke/gits/cxd5602pwbimu_ros2_driver/ros2_ws/install/imu_filter_madgwick/share/imu_filter_madgwick/cmake/ament_cmake_export_libraries-extras.cmake
[17.646s] -- Installing: /Users/yosuke/gits/cxd5602pwbimu_ros2_driver/ros2_ws/install/imu_filter_madgwick/share/imu_filter_madgwick/cmake/ament_cmake_export_targets-extras.cmake
[17.647s] -- Installing: /Users/yosuke/gits/cxd5602pwbimu_ros2_driver/ros2_ws/install/imu_filter_madgwick/share/imu_filter_madgwick/cmake/imu_filter_madgwickConfig.cmake
[17.647s] -- Installing: /Users/yosuke/gits/cxd5602pwbimu_ros2_driver/ros2_ws/install/imu_filter_madgwick/share/imu_filter_madgwick/cmake/imu_filter_madgwickConfig-version.cmake
[17.647s] -- Installing: /Users/yosuke/gits/cxd5602pwbimu_ros2_driver/ros2_ws/install/imu_filter_madgwick/share/imu_filter_madgwick/package.xml
[17.650s] Invoked command in '/Users/yosuke/gits/cxd5602pwbimu_ros2_driver/ros2_ws/build/imu_filter_madgwick' returned '0': CMAKE_PREFIX_PATH=${CMAKE_PREFIX_PATH}:/Users/yosuke/gits/cxd5602pwbimu_ros2_driver/ros2_ws/install/cxd5602pwbimu_driver_bringup:/Users/yosuke/miniforge3/envs/ros_env CONDA_PROMPT_MODIFIER=(ros_env) SHLVL=2 _=/Users/yosuke/miniforge3/envs/ros_env/bin/env /Users/yosuke/miniforge3/envs/ros_env/bin/cmake --install /Users/yosuke/gits/cxd5602pwbimu_ros2_driver/ros2_ws/build/imu_filter_madgwick
