CMake Deprecation Warning at CMakeLists.txt:4 (cmake_minimum_required):
  Compatibility with CMake < 3.10 will be removed from a future version of
  CMake.

  Update the VERSION argument <min> value.  Or, use the <min>...<max> syntax
  to tell CMake that the project requires at least <min> but has been updated
  to work with policies introduced by <max> or earlier.


-- Found ament_cmake_auto: 1.3.11 (/Users/yosuke/miniforge3/envs/ros_env/share/ament_cmake_auto/cmake)
-- Found rosidl_generator_c: 3.1.6 (/Users/yosuke/miniforge3/envs/ros_env/share/rosidl_generator_c/cmake)
-- Found rosidl_adapter: 3.1.6 (/Users/yosuke/miniforge3/envs/ros_env/share/rosidl_adapter/cmake)
-- Found rosidl_generator_cpp: 3.1.6 (/Users/yosuke/miniforge3/envs/ros_env/share/rosidl_generator_cpp/cmake)
-- Using all available rosidl_typesupport_c: rosidl_typesupport_fastrtps_c;rosidl_typesupport_introspection_c
-- Using all available rosidl_typesupport_cpp: rosidl_typesupport_fastrtps_cpp;rosidl_typesupport_introspection_cpp
-- Found rmw_implementation_cmake: 6.1.2 (/Users/yosuke/miniforge3/envs/ros_env/share/rmw_implementation_cmake/cmake)
-- Found rmw_fastrtps_cpp: 6.2.7 (/Users/yosuke/miniforge3/envs/ros_env/share/rmw_fastrtps_cpp/cmake)
-- Using RMW implementation 'rmw_fastrtps_cpp' as default
-- Found ament_lint_auto: 0.12.11 (/Users/yosuke/miniforge3/envs/ros_env/share/ament_lint_auto/cmake)
-- Added test 'cppcheck' to perform static code analysis on C / C++ code
-- Configured cppcheck include dirs: /Users/yosuke/gits/cxd5602pwbimu_ros2_driver/ros2_ws/src/h6x_serial_interface/h6x_serial_interface/include
-- Configured cppcheck exclude dirs and/or files: 
-- Added test 'cpplint' to check C / C++ code against the Google style
-- Configured cpplint exclude dirs and/or files: 
-- Added test 'lint_cmake' to check CMake code style
-- Added test 'xmllint' to check XML markup files
-- Configuring done (1.0s)
-- Generating done (0.0s)
-- Build files have been written to: /Users/yosuke/gits/cxd5602pwbimu_ros2_driver/ros2_ws/build/h6x_serial_interface
[ 33%] Building CXX object CMakeFiles/h6x_serial_interface.dir/src/port_handler.cpp.o
[ 66%] Linking CXX shared library libh6x_serial_interface.dylib
ld: warning: duplicate -rpath '/Users/yosuke/miniforge3/envs/ros_env/lib' ignored
ld: library not found for -lserial
arm64-apple-darwin20.0: error: linker command failed with exit code 1 (use -v to see invocation)
make[2]: *** [CMakeFiles/h6x_serial_interface.dir/build.make:179: libh6x_serial_interface.dylib] Error 1
make[1]: *** [CMakeFiles/Makefile2:153: CMakeFiles/h6x_serial_interface.dir/all] Error 2
make: *** [Makefile:146: all] Error 2
