[ 50%] Built target imu_trajectory_filter
[100%] Built target imu_trajectory_filter_node
-- Install configuration: ""
-- Up-to-date: /Users/yosuke/gits/cxd5602pwbimu_ros2_driver/ros2_ws/install/imu_trajectory_filter/lib/imu_trajectory_filter/libimu_trajectory_filter.dylib
-- Up-to-date: /Users/yosuke/gits/cxd5602pwbimu_ros2_driver/ros2_ws/install/imu_trajectory_filter/lib/imu_trajectory_filter/imu_trajectory_filter_node
-- Up-to-date: /Users/yosuke/gits/cxd5602pwbimu_ros2_driver/ros2_ws/install/imu_trajectory_filter/include/
-- Up-to-date: /Users/yosuke/gits/cxd5602pwbimu_ros2_driver/ros2_ws/install/imu_trajectory_filter/include//imu_trajectory_filter
-- Up-to-date: /Users/yosuke/gits/cxd5602pwbimu_ros2_driver/ros2_ws/install/imu_trajectory_filter/include//imu_trajectory_filter/imu_trajectory_filter.hpp
-- Up-to-date: /Users/yosuke/gits/cxd5602pwbimu_ros2_driver/ros2_ws/install/imu_trajectory_filter/share/imu_trajectory_filter/launch/
-- Installing: /Users/yosuke/gits/cxd5602pwbimu_ros2_driver/ros2_ws/install/imu_trajectory_filter/share/imu_trajectory_filter/launch//imu_trajectory_filter.launch.py
-- Up-to-date: /Users/yosuke/gits/cxd5602pwbimu_ros2_driver/ros2_ws/install/imu_trajectory_filter/share/imu_trajectory_filter/rviz/
-- Up-to-date: /Users/yosuke/gits/cxd5602pwbimu_ros2_driver/ros2_ws/install/imu_trajectory_filter/share/imu_trajectory_filter/rviz//trajectory_view.rviz
-- Up-to-date: /Users/yosuke/gits/cxd5602pwbimu_ros2_driver/ros2_ws/install/imu_trajectory_filter/share/ament_index/resource_index/package_run_dependencies/imu_trajectory_filter
-- Up-to-date: /Users/yosuke/gits/cxd5602pwbimu_ros2_driver/ros2_ws/install/imu_trajectory_filter/share/ament_index/resource_index/parent_prefix_path/imu_trajectory_filter
-- Up-to-date: /Users/yosuke/gits/cxd5602pwbimu_ros2_driver/ros2_ws/install/imu_trajectory_filter/share/imu_trajectory_filter/environment/ament_prefix_path.sh
-- Up-to-date: /Users/yosuke/gits/cxd5602pwbimu_ros2_driver/ros2_ws/install/imu_trajectory_filter/share/imu_trajectory_filter/environment/ament_prefix_path.dsv
-- Up-to-date: /Users/yosuke/gits/cxd5602pwbimu_ros2_driver/ros2_ws/install/imu_trajectory_filter/share/imu_trajectory_filter/environment/path.sh
-- Up-to-date: /Users/yosuke/gits/cxd5602pwbimu_ros2_driver/ros2_ws/install/imu_trajectory_filter/share/imu_trajectory_filter/environment/path.dsv
-- Up-to-date: /Users/yosuke/gits/cxd5602pwbimu_ros2_driver/ros2_ws/install/imu_trajectory_filter/share/imu_trajectory_filter/local_setup.bash
-- Up-to-date: /Users/yosuke/gits/cxd5602pwbimu_ros2_driver/ros2_ws/install/imu_trajectory_filter/share/imu_trajectory_filter/local_setup.sh
-- Up-to-date: /Users/yosuke/gits/cxd5602pwbimu_ros2_driver/ros2_ws/install/imu_trajectory_filter/share/imu_trajectory_filter/local_setup.zsh
-- Up-to-date: /Users/yosuke/gits/cxd5602pwbimu_ros2_driver/ros2_ws/install/imu_trajectory_filter/share/imu_trajectory_filter/local_setup.dsv
-- Installing: /Users/yosuke/gits/cxd5602pwbimu_ros2_driver/ros2_ws/install/imu_trajectory_filter/share/imu_trajectory_filter/package.dsv
-- Up-to-date: /Users/yosuke/gits/cxd5602pwbimu_ros2_driver/ros2_ws/install/imu_trajectory_filter/share/ament_index/resource_index/packages/imu_trajectory_filter
-- Up-to-date: /Users/yosuke/gits/cxd5602pwbimu_ros2_driver/ros2_ws/install/imu_trajectory_filter/share/imu_trajectory_filter/cmake/imu_trajectory_filterConfig.cmake
-- Up-to-date: /Users/yosuke/gits/cxd5602pwbimu_ros2_driver/ros2_ws/install/imu_trajectory_filter/share/imu_trajectory_filter/cmake/imu_trajectory_filterConfig-version.cmake
-- Up-to-date: /Users/yosuke/gits/cxd5602pwbimu_ros2_driver/ros2_ws/install/imu_trajectory_filter/share/imu_trajectory_filter/package.xml
